
> @liangjie559567/ultrapower@6.0.0 test
> vitest


[1m[46m RUN [49m[22m [36mv4.0.18 [39m[90mC:/Users/ljyih/Desktop/ultrapower[39m

[90mstdout[2m | src/features/ccg/codex-fallback.test.ts[2m > [22m[2mCodex Fallback Strategy[2m > [22m[2mshould use Codex when available
[22m[39m[Fallback] test-task: Codex succeeded

[90mstdout[2m | tests/reliability/retry-manager.test.ts[2m > [22m[2mRetryManager[2m > [22m[2mshould succeed on first attempt
[22m[39m[RetryManager] Success on attempt 1

[90mstdout[2m | tests/reliability/retry-manager.test.ts[2m > [22m[2mRetryManager[2m > [22m[2mshould retry on failure and succeed
[22m[39m[RetryManager] Attempt 1 failed: fail1
[RetryManager] Retrying in 10ms...

[90mstderr[2m | src/mcp/client/__tests__/MCPClient.test.ts[2m > [22m[2mMCPClient[2m > [22m[2mconnect[2m > [22m[2mshould retry on connection failure with exponential backoff
[22m[39mConnection attempt 1/3 failed: Error: Connection failed
    at C:/Users/ljyih/Desktop/ultrapower/src/mcp/client/__tests__/MCPClient.test.ts:106:32
    at [90mfile:///C:/Users/ljyih/Desktop/ultrapower/[39mnode_modules/[4m@vitest/runner[24m/dist/index.js:145:11
    at [90mfile:///C:/Users/ljyih/Desktop/ultrapower/[39mnode_modules/[4m@vitest/runner[24m/dist/index.js:915:26
    at [90mfile:///C:/Users/ljyih/Desktop/ultrapower/[39mnode_modules/[4m@vitest/runner[24m/dist/index.js:1243:20
    at new Promise (<anonymous>)
    at runWithTimeout [90m(file:///C:/Users/ljyih/Desktop/ultrapower/[39mnode_modules/[4m@vitest/runner[24m/dist/index.js:1209:10[90m)[39m
    at [90mfile:///C:/Users/ljyih/Desktop/ultrapower/[39mnode_modules/[4m@vitest/runner[24m/dist/index.js:1653:37
    at Traces.$ [90m(file:///C:/Users/ljyih/Desktop/ultrapower/[39mnode_modules/[4mvitest[24m/dist/chunks/traces.CCmnQaNT.js:142:27[90m)[39m
    at trace [90m(file:///C:/Users/ljyih/Desktop/ultrapower/[39mnode_modules/[4mvitest[24m/dist/chunks/test.B8ej_ZHS.js:239:21[90m)[39m
    at runTest [90m(file:///C:/Users/ljyih/Desktop/ultrapower/[39mnode_modules/[4m@vitest/runner[24m/dist/index.js:1653:12[90m)[39m

[90mstdout[2m | tests/reliability/retry-manager.test.ts[2m > [22m[2mRetryManager[2m > [22m[2mshould retry on failure and succeed
[22m[39m[RetryManager] Success on attempt 2

[90mstdout[2m | tests/reliability/retry-manager.test.ts[2m > [22m[2mRetryManager[2m > [22m[2mshould fail after max retries
[22m[39m[RetryManager] Attempt 1 failed: persistent failure
[RetryManager] Retrying in 10ms...

[90mstdout[2m | tests/reliability/retry-manager.test.ts[2m > [22m[2mRetryManager[2m > [22m[2mshould fail after max retries
[22m[39m[RetryManager] Attempt 2 failed: persistent failure
[RetryManager] Retrying in 20ms...

[90mstderr[2m | src/__tests__/job-state-db.test.ts[2m > [22m[2mjob-state-db[2m > [22m[2minitJobDb[2m > [22m[2mshould initialize the database successfully
[22m[39m[job-state-db] DEPRECATED: closeJobDb() called without cwd. Use closeAllJobDbs() for explicit intent.

 [32m✓[39m src/__tests__/analytics/tokscale-adapter.test.ts [2m([22m[2m10 tests[22m[2m)[22m[32m 79[2mms[22m[39m
[90mstdout[2m | tests/reliability/retry-manager.test.ts[2m > [22m[2mRetryManager[2m > [22m[2mshould fail after max retries
[22m[39m[RetryManager] Attempt 3 failed: persistent failure

[90mstdout[2m | tests/reliability/retry-manager.test.ts[2m > [22m[2mRetryManager[2m > [22m[2mshould use exponential backoff
[22m[39m[RetryManager] Attempt 1 failed: fail
[RetryManager] Retrying in 100ms...

[90mstderr[2m | src/__tests__/job-state-db.test.ts[2m > [22m[2mjob-state-db[2m > [22m[2minitJobDb[2m > [22m[2mshould create the jobs.db file
[22m[39m[job-state-db] DEPRECATED: closeJobDb() called without cwd. Use closeAllJobDbs() for explicit intent.

[90mstdout[2m | tests/reliability/retry-manager.test.ts[2m > [22m[2mRetryManager[2m > [22m[2mshould use exponential backoff
[22m[39m[RetryManager] Attempt 2 failed: fail
[RetryManager] Retrying in 200ms...

[90mstderr[2m | src/__tests__/job-state-db.test.ts[2m > [22m[2mjob-state-db[2m > [22m[2minitJobDb[2m > [22m[2mshould be idempotent
[22m[39m[job-state-db] DEPRECATED: closeJobDb() called without cwd. Use closeAllJobDbs() for explicit intent.

[90mstderr[2m | src/__tests__/job-state-db.test.ts[2m > [22m[2mjob-state-db[2m > [22m[2mcloseJobDb[2m > [22m[2mshould close the database
[22m[39m[job-state-db] DEPRECATED: closeJobDb() called without cwd. Use closeAllJobDbs() for explicit intent.

[90mstdout[2m | src/team/__tests__/worker-restart.test.ts[2m > [22m[2mworker-restart[2m > [22m[2mshouldRestart[2m > [22m[2mreturns base backoff for first restart
[22m[39m[WorkerFactory] Using SQLite adapter

[90mstdout[2m | src/team/__tests__/worker-health.test.ts[2m > [22m[2mworker-health[2m > [22m[2mgetWorkerHealthReports[2m > [22m[2mreturns empty array when no workers registered
[22m[39m[WorkerFactory] Using SQLite adapter

[90mstdout[2m | src/team/__tests__/worker-restart.test.ts[2m > [22m[2mworker-restart[2m > [22m[2mshouldRestart[2m > [22m[2mreturns base backoff for first restart
[22m[39m[WorkerFactory] Using SQLite adapter

[90mstderr[2m | src/__tests__/job-state-db.test.ts[2m > [22m[2mjob-state-db[2m > [22m[2misJobDbInitialized[2m > [22m[2mshould return true after init
[22m[39m[job-state-db] DEPRECATED: closeJobDb() called without cwd. Use closeAllJobDbs() for explicit intent.

[90mstdout[2m | tests/reliability/retry-manager.test.ts[2m > [22m[2mRetryManager[2m > [22m[2mshould use exponential backoff
[22m[39m[RetryManager] Attempt 3 failed: fail
[RetryManager] Retrying in 400ms...

[90mstderr[2m | src/__tests__/job-state-db.test.ts[2m > [22m[2mjob-state-db[2m > [22m[2misJobDbInitialized[2m > [22m[2mshould return false after close
[22m[39m[job-state-db] DEPRECATED: closeJobDb() called without cwd. Use closeAllJobDbs() for explicit intent.

[90mstderr[2m | src/__tests__/job-state-db.test.ts[2m > [22m[2mjob-state-db[2m > [22m[2mgetJobDb[2m > [22m[2mshould return database instance when initialized
[22m[39m[job-state-db] DEPRECATED: using _lastCwd fallback. Pass cwd explicitly.

[90mstderr[2m | src/__tests__/job-state-db.test.ts[2m > [22m[2mjob-state-db[2m > [22m[2mgetJobDb[2m > [22m[2mshould return database instance when initialized
[22m[39m[job-state-db] DEPRECATED: closeJobDb() called without cwd. Use closeAllJobDbs() for explicit intent.

[90mstdout[2m | src/team/__tests__/worker-health.test.ts[2m > [22m[2mworker-health[2m > [22m[2mgetWorkerHealthReports[2m > [22m[2mreports alive worker with fresh heartbeat
[22m[39m[WorkerFactory] Using SQLite adapter

[90mstdout[2m | src/team/__tests__/worker-restart.test.ts[2m > [22m[2mworker-restart[2m > [22m[2mshouldRestart[2m > [22m[2mreturns exponential backoff values
[22m[39m[WorkerFactory] Using SQLite adapter

[90mstdout[2m | src/team/__tests__/worker-health.test.ts[2m > [22m[2mworker-health[2m > [22m[2mgetWorkerHealthReports[2m > [22m[2mreports alive worker with fresh heartbeat
[22m[39m[WorkerFactory] Using SQLite adapter

[90mstderr[2m | src/__tests__/job-state-db.test.ts[2m > [22m[2mjob-state-db[2m > [22m[2mupsertJob[2m > [22m[2mshould insert a new job
[22m[39m[job-state-db] DEPRECATED: using _lastCwd fallback. Pass cwd explicitly.

[90mstdout[2m | src/team/__tests__/worker-restart.test.ts[2m > [22m[2mworker-restart[2m > [22m[2mshouldRestart[2m > [22m[2mreturns exponential backoff values
[22m[39m[WorkerFactory] Using SQLite adapter

[90mstdout[2m | src/team/__tests__/worker-restart.test.ts[2m > [22m[2mworker-restart[2m > [22m[2mshouldRestart[2m > [22m[2mreturns exponential backoff values
[22m[39m[WorkerFactory] Using SQLite adapter

[90mstderr[2m | src/__tests__/job-state-db.test.ts[2m > [22m[2mjob-state-db[2m > [22m[2mupsertJob[2m > [22m[2mshould insert a new job
[22m[39m[job-state-db] DEPRECATED: closeJobDb() called without cwd. Use closeAllJobDbs() for explicit intent.

[90mstdout[2m | src/team/__tests__/worker-health.test.ts[2m > [22m[2mworker-health[2m > [22m[2mgetWorkerHealthReports[2m > [22m[2mreports alive worker with fresh heartbeat
[22m[39m[WorkerFactory] Using SQLite adapter

[90mstdout[2m | src/team/__tests__/worker-restart.test.ts[2m > [22m[2mworker-restart[2m > [22m[2mshouldRestart[2m > [22m[2mreturns exponential backoff values
[22m[39m[WorkerFactory] Using SQLite adapter

[90mstderr[2m | src/hooks/__tests__/priority-chain.test.ts[2m > [22m[2mHook Priority Chain[2m > [22m[2mStop Phase Priority Chain[2m > [22m[2mshould prioritize ralph over autopilot
[22m[39m[worktree] non-git directory provided, falling back to process root {
  directory: [32m'C:\\Users\\ljyih\\AppData\\Local\\Temp\\hook-priority-test-1773139576401'[39m
}

[90mstderr[2m | src/__tests__/job-state-db.test.ts[2m > [22m[2mjob-state-db[2m > [22m[2mupsertJob[2m > [22m[2mshould update an existing job
[22m[39m[job-state-db] DEPRECATED: using _lastCwd fallback. Pass cwd explicitly.
[job-state-db] DEPRECATED: using _lastCwd fallback. Pass cwd explicitly.
[job-state-db] DEPRECATED: using _lastCwd fallback. Pass cwd explicitly.

[90mstderr[2m | src/__tests__/job-state-db.test.ts[2m > [22m[2mjob-state-db[2m > [22m[2mupsertJob[2m > [22m[2mshould update an existing job
[22m[39m[job-state-db] DEPRECATED: closeJobDb() called without cwd. Use closeAllJobDbs() for explicit intent.

[90mstdout[2m | src/__tests__/job-management.test.ts[2m > [22m[2mjob-management[2m > [22m[2mhandleKillJob[2m > [22m[2msignal validation[2m > [22m[2mallows SIGTERM
[22m[39m[WorkerFactory] Using SQLite adapter

[90mstdout[2m | tests/reliability/retry-manager.test.ts[2m > [22m[2mRetryManager[2m > [22m[2mshould use exponential backoff
[22m[39m[RetryManager] Attempt 4 failed: fail

[90mstdout[2m | tests/reliability/retry-manager.test.ts[2m > [22m[2mRetryManager[2m > [22m[2mshould use default options
[22m[39m[RetryManager] Attempt 1 failed: fail
[RetryManager] Retrying in 1000ms...

[90mstderr[2m | src/__tests__/job-state-db.test.ts[2m > [22m[2mjob-state-db[2m > [22m[2mupsertJob[2m > [22m[2mshould return false when db is not initialized
[22m[39m[job-state-db] DEPRECATED: closeJobDb() called without cwd. Use closeAllJobDbs() for explicit intent.

[90mstderr[2m | src/hooks/__tests__/bridge-routing.test.ts[2m > [22m[2mprocessHook - Routing Matrix[2m > [22m[2mHookType routing[2m > [22m[2mshould route "ralph" and return a valid HookOutput
[22m[39m[worktree] non-git directory provided, falling back to process root { directory: [32m'C:\\tmp\\test-routing'[39m }

[90mstderr[2m | src/__tests__/job-state-db.test.ts[2m > [22m[2mjob-state-db[2m > [22m[2mupsertJob[2m > [22m[2mshould handle jobs with all optional fields
[22m[39m[job-state-db] DEPRECATED: using _lastCwd fallback. Pass cwd explicitly.
[job-state-db] DEPRECATED: using _lastCwd fallback. Pass cwd explicitly.

[90mstderr[2m | src/__tests__/job-state-db.test.ts[2m > [22m[2mjob-state-db[2m > [22m[2mupsertJob[2m > [22m[2mshould handle jobs with all optional fields
[22m[39m[job-state-db] DEPRECATED: closeJobDb() called without cwd. Use closeAllJobDbs() for explicit intent.

[90mstdout[2m | src/team/__tests__/worker-restart.test.ts[2m > [22m[2mworker-restart[2m > [22m[2mshouldRestart[2m > [22m[2mcaps backoff at backoffMaxMs
[22m[39m[WorkerFactory] Using SQLite adapter

[90mstderr[2m | src/hooks/__tests__/bridge-routing.test.ts[2m > [22m[2mprocessHook - Routing Matrix[2m > [22m[2mHookType routing[2m > [22m[2mshould route "persistent-mode" and return a valid HookOutput
[22m[39m[worktree] non-git directory provided, falling back to process root { directory: [32m'C:\\tmp\\test-routing'[39m }

[90mstdout[2m | src/team/__tests__/worker-health.test.ts[2m > [22m[2mworker-health[2m > [22m[2mgetWorkerHealthReports[2m > [22m[2mreports dead worker with stale heartbeat
[22m[39m[WorkerFactory] Using SQLite adapter

[90mstdout[2m | src/team/__tests__/worker-restart.test.ts[2m > [22m[2mworker-restart[2m > [22m[2mshouldRestart[2m > [22m[2mcaps backoff at backoffMaxMs
[22m[39m[WorkerFactory] Using SQLite adapter

[90mstdout[2m | src/team/__tests__/worker-restart.test.ts[2m > [22m[2mworker-restart[2m > [22m[2mshouldRestart[2m > [22m[2mcaps backoff at backoffMaxMs
[22m[39m[WorkerFactory] Using SQLite adapter

[90mstdout[2m | src/team/__tests__/worker-health.test.ts[2m > [22m[2mworker-health[2m > [22m[2mgetWorkerHealthReports[2m > [22m[2mreports dead worker with stale heartbeat
[22m[39m[WorkerFactory] Using SQLite adapter

[90mstderr[2m | src/__tests__/job-state-db.test.ts[2m > [22m[2mjob-state-db[2m > [22m[2mupsertJob[2m > [22m[2mshould handle jobs with undefined optional fields
[22m[39m[job-state-db] DEPRECATED: using _lastCwd fallback. Pass cwd explicitly.
[job-state-db] DEPRECATED: using _lastCwd fallback. Pass cwd explicitly.

[90mstdout[2m | src/team/__tests__/worker-restart.test.ts[2m > [22m[2mworker-restart[2m > [22m[2mshouldRestart[2m > [22m[2mcaps backoff at backoffMaxMs
[22m[39m[WorkerFactory] Using SQLite adapter

[90mstdout[2m | src/team/__tests__/worker-restart.test.ts[2m > [22m[2mworker-restart[2m > [22m[2mshouldRestart[2m > [22m[2mcaps backoff at backoffMaxMs
[22m[39m[WorkerFactory] Using SQLite adapter

[90mstdout[2m | src/team/__tests__/worker-restart.test.ts[2m > [22m[2mworker-restart[2m > [22m[2mshouldRestart[2m > [22m[2mcaps backoff at backoffMaxMs
[22m[39m[WorkerFactory] Using SQLite adapter

[90mstdout[2m | src/team/__tests__/worker-restart.test.ts[2m > [22m[2mworker-restart[2m > [22m[2mshouldRestart[2m > [22m[2mcaps backoff at backoffMaxMs
[22m[39m[WorkerFactory] Using SQLite adapter

[90mstderr[2m | src/__tests__/job-state-db.test.ts[2m > [22m[2mjob-state-db[2m > [22m[2mupsertJob[2m > [22m[2mshould handle jobs with undefined optional fields
[22m[39m[job-state-db] DEPRECATED: closeJobDb() called without cwd. Use closeAllJobDbs() for explicit intent.

[90mstdout[2m | src/team/__tests__/worker-restart.test.ts[2m > [22m[2mworker-restart[2m > [22m[2mshouldRestart[2m > [22m[2mcaps backoff at backoffMaxMs
[22m[39m[WorkerFactory] Using SQLite adapter

[90mstderr[2m | src/hooks/__tests__/priority-chain.test.ts[2m > [22m[2mHook Priority Chain[2m > [22m[2mStop Phase Priority Chain[2m > [22m[2mshould prioritize autopilot over ultrawork
[22m[39m[worktree] non-git directory provided, falling back to process root {
  directory: [32m'C:\\Users\\ljyih\\AppData\\Local\\Temp\\hook-priority-test-1773139576864'[39m
}

[90mstderr[2m | src/mcp/client/__tests__/MCPClient.test.ts[2m > [22m[2mMCPClient[2m > [22m[2mconnect[2m > [22m[2mshould retry on connection failure with exponential backoff
[22m[39mConnection attempt 2/3 failed: Error: Connection failed
    at C:/Users/ljyih/Desktop/ultrapower/src/mcp/client/__tests__/MCPClient.test.ts:107:32
    at [90mfile:///C:/Users/ljyih/Desktop/ultrapower/[39mnode_modules/[4m@vitest/runner[24m/dist/index.js:145:11
    at [90mfile:///C:/Users/ljyih/Desktop/ultrapower/[39mnode_modules/[4m@vitest/runner[24m/dist/index.js:915:26
    at [90mfile:///C:/Users/ljyih/Desktop/ultrapower/[39mnode_modules/[4m@vitest/runner[24m/dist/index.js:1243:20
    at new Promise (<anonymous>)
    at runWithTimeout [90m(file:///C:/Users/ljyih/Desktop/ultrapower/[39mnode_modules/[4m@vitest/runner[24m/dist/index.js:1209:10[90m)[39m
    at [90mfile:///C:/Users/ljyih/Desktop/ultrapower/[39mnode_modules/[4m@vitest/runner[24m/dist/index.js:1653:37
    at Traces.$ [90m(file:///C:/Users/ljyih/Desktop/ultrapower/[39mnode_modules/[4mvitest[24m/dist/chunks/traces.CCmnQaNT.js:142:27[90m)[39m
    at trace [90m(file:///C:/Users/ljyih/Desktop/ultrapower/[39mnode_modules/[4mvitest[24m/dist/chunks/test.B8ej_ZHS.js:239:21[90m)[39m
    at runTest [90m(file:///C:/Users/ljyih/Desktop/ultrapower/[39mnode_modules/[4m@vitest/runner[24m/dist/index.js:1653:12[90m)[39m

[90mstdout[2m | src/team/__tests__/worker-health.test.ts[2m > [22m[2mworker-health[2m > [22m[2mgetWorkerHealthReports[2m > [22m[2mreports dead worker with stale heartbeat
[22m[39m[WorkerFactory] Using SQLite adapter

[90mstderr[2m | src/__tests__/job-state-db.test.ts[2m > [22m[2mjob-state-db[2m > [22m[2mgetJob[2m > [22m[2mshould return a job by provider and jobId
[22m[39m[job-state-db] DEPRECATED: using _lastCwd fallback. Pass cwd explicitly.
[job-state-db] DEPRECATED: using _lastCwd fallback. Pass cwd explicitly.

[90mstderr[2m | src/__tests__/job-state-db.test.ts[2m > [22m[2mjob-state-db[2m > [22m[2mgetJob[2m > [22m[2mshould return a job by provider and jobId
[22m[39m[job-state-db] DEPRECATED: closeJobDb() called without cwd. Use closeAllJobDbs() for explicit intent.

[90mstderr[2m | src/hooks/__tests__/bridge-routing.test.ts[2m > [22m[2mprocessHook - Routing Matrix[2m > [22m[2mHookType routing[2m > [22m[2mshould route "session-start" and return a valid HookOutput
[22m[39m[worktree] non-git directory provided, falling back to process root { directory: [32m'C:\\tmp\\test-routing'[39m }

[90mstderr[2m | src/__tests__/job-state-db.test.ts[2m > [22m[2mjob-state-db[2m > [22m[2mgetJob[2m > [22m[2mshould return null for non-existent job
[22m[39m[job-state-db] DEPRECATED: using _lastCwd fallback. Pass cwd explicitly.

[90mstderr[2m | src/hooks/session-end/__tests__/nexus-integration.test.ts[2m > [22m[2mprocessSessionEnd nexus integration[2m > [22m[2mprocessSessionEnd completes without throwing when nexus enabled
[22m[39m[worktree] non-git directory provided, falling back to process root {
  directory: [32m'C:\\Users\\ljyih\\AppData\\Local\\Temp\\nexus-int-CfmL3h'[39m
}

[90mstderr[2m | src/__tests__/job-state-db.test.ts[2m > [22m[2mjob-state-db[2m > [22m[2mgetJob[2m > [22m[2mshould return null for non-existent job
[22m[39m[job-state-db] DEPRECATED: closeJobDb() called without cwd. Use closeAllJobDbs() for explicit intent.

[90mstderr[2m | src/__tests__/job-state-db.test.ts[2m > [22m[2mjob-state-db[2m > [22m[2mgetJob[2m > [22m[2mshould handle both providers independently
[22m[39m[job-state-db] DEPRECATED: using _lastCwd fallback. Pass cwd explicitly.
[job-state-db] DEPRECATED: using _lastCwd fallback. Pass cwd explicitly.
[job-state-db] DEPRECATED: using _lastCwd fallback. Pass cwd explicitly.
[job-state-db] DEPRECATED: using _lastCwd fallback. Pass cwd explicitly.

[90mstderr[2m | src/__tests__/job-state-db.test.ts[2m > [22m[2mjob-state-db[2m > [22m[2mgetJob[2m > [22m[2mshould handle both providers independently
[22m[39m[job-state-db] DEPRECATED: closeJobDb() called without cwd. Use closeAllJobDbs() for explicit intent.

[90mstdout[2m | src/team/__tests__/worker-restart.test.ts[2m > [22m[2mworker-restart[2m > [22m[2mshouldRestart[2m > [22m[2mreturns null after max restarts
[22m[39m[WorkerFactory] Using SQLite adapter

[90mstderr[2m | src/hooks/__tests__/priority-chain.test.ts[2m > [22m[2mHook Priority Chain[2m > [22m[2mSession-End Hook (Cleanup Order)[2m > [22m[2mshould execute cleanup in correct order
[22m[39m[worktree] non-git directory provided, falling back to process root {
  directory: [32m'C:\\Users\\ljyih\\AppData\\Local\\Temp\\hook-priority-test-1773139576995'[39m
}

[90mstdout[2m | src/team/__tests__/worker-health.test.ts[2m > [22m[2mworker-health[2m > [22m[2mgetWorkerHealthReports[2m > [22m[2mcounts task completions and failures from audit log
[22m[39m[WorkerFactory] Using SQLite adapter

[90mstdout[2m | src/team/__tests__/worker-restart.test.ts[2m > [22m[2mworker-restart[2m > [22m[2mshouldRestart[2m > [22m[2mreturns null after max restarts
[22m[39m[WorkerFactory] Using SQLite adapter

[90mstdout[2m | src/team/__tests__/worker-restart.test.ts[2m > [22m[2mworker-restart[2m > [22m[2mshouldRestart[2m > [22m[2mreturns null after max restarts
[22m[39m[WorkerFactory] Using SQLite adapter

[90mstderr[2m | src/hooks/__tests__/bridge-routing.test.ts[2m > [22m[2mprocessHook - Routing Matrix[2m > [22m[2mHookType routing[2m > [22m[2mshould route "session-end" and return a valid HookOutput
[22m[39m[worktree] non-git directory provided, falling back to process root { directory: [32m'C:\\tmp\\test-routing'[39m }

[90mstderr[2m | src/hooks/session-end/__tests__/nexus-integration.test.ts[2m > [22m[2mprocessSessionEnd nexus integration[2m > [22m[2mprocessSessionEnd completes without throwing when nexus enabled
[22m[39m[worktree] non-git directory provided, falling back to process root {
  directory: [32m'C:\\Users\\ljyih\\AppData\\Local\\Temp\\nexus-int-CfmL3h'[39m
}

[90mstdout[2m | src/team/__tests__/worker-restart.test.ts[2m > [22m[2mworker-restart[2m > [22m[2mshouldRestart[2m > [22m[2mreturns null after max restarts
[22m[39m[WorkerFactory] Using SQLite adapter

[90mstdout[2m | src/team/__tests__/worker-restart.test.ts[2m > [22m[2mworker-restart[2m > [22m[2mshouldRestart[2m > [22m[2mreturns null after max restarts
[22m[39m[WorkerFactory] Using SQLite adapter

[90mstdout[2m | src/team/__tests__/worker-health.test.ts[2m > [22m[2mworker-health[2m > [22m[2mgetWorkerHealthReports[2m > [22m[2mcounts task completions and failures from audit log
[22m[39m[WorkerFactory] Using SQLite adapter

[90mstdout[2m | src/team/__tests__/worker-restart.test.ts[2m > [22m[2mworker-restart[2m > [22m[2mshouldRestart[2m > [22m[2mreturns null after max restarts
[22m[39m[WorkerFactory] Using SQLite adapter

[90mstderr[2m | src/__tests__/job-state-db.test.ts[2m > [22m[2mjob-state-db[2m > [22m[2mgetJob[2m > [22m[2mshould correctly map boolean fields
[22m[39m[job-state-db] DEPRECATED: using _lastCwd fallback. Pass cwd explicitly.
[job-state-db] DEPRECATED: using _lastCwd fallback. Pass cwd explicitly.

[90mstderr[2m | src/__tests__/job-state-db.test.ts[2m > [22m[2mjob-state-db[2m > [22m[2mgetJob[2m > [22m[2mshould correctly map boolean fields
[22m[39m[job-state-db] DEPRECATED: closeJobDb() called without cwd. Use closeAllJobDbs() for explicit intent.

[90mstderr[2m | src/hooks/__tests__/priority-chain.test.ts[2m > [22m[2mHook Priority Chain[2m > [22m[2mSession-End Hook (Cleanup Order)[2m > [22m[2mshould execute cleanup in correct order
[22m[39m[worktree] non-git directory provided, falling back to process root {
  directory: [32m'C:\\Users\\ljyih\\AppData\\Local\\Temp\\hook-priority-test-1773139576995'[39m
}

[90mstdout[2m | src/team/__tests__/worker-health.test.ts[2m > [22m[2mworker-health[2m > [22m[2mgetWorkerHealthReports[2m > [22m[2mcounts task completions and failures from audit log
[22m[39m[WorkerFactory] Using SQLite adapter

[90mstderr[2m | src/__tests__/job-state-db.test.ts[2m > [22m[2mjob-state-db[2m > [22m[2mgetJob[2m > [22m[2mshould return null when db is not initialized
[22m[39m[job-state-db] DEPRECATED: closeJobDb() called without cwd. Use closeAllJobDbs() for explicit intent.

[90mstderr[2m | src/hooks/__tests__/bridge-routing.test.ts[2m > [22m[2mprocessHook - Routing Matrix[2m > [22m[2mHookType routing[2m > [22m[2mshould route "session-end" and return a valid HookOutput
[22m[39m[worktree] non-git directory provided, falling back to process root { directory: [32m'C:\\tmp\\test-routing'[39m }

[90mstderr[2m | src/__tests__/job-state-db.test.ts[2m > [22m[2mjob-state-db[2m > [22m[2mgetJobsByStatus[2m > [22m[2mshould filter by status for all providers
[22m[39m[job-state-db] DEPRECATED: using _lastCwd fallback. Pass cwd explicitly.
[job-state-db] DEPRECATED: using _lastCwd fallback. Pass cwd explicitly.
[job-state-db] DEPRECATED: using _lastCwd fallback. Pass cwd explicitly.
[job-state-db] DEPRECATED: using _lastCwd fallback. Pass cwd explicitly.

[90mstderr[2m | src/__tests__/job-state-db.test.ts[2m > [22m[2mjob-state-db[2m > [22m[2mgetJobsByStatus[2m > [22m[2mshould filter by status for all providers
[22m[39m[job-state-db] DEPRECATED: closeJobDb() called without cwd. Use closeAllJobDbs() for explicit intent.

[90mstderr[2m | src/__tests__/job-state-db.test.ts[2m > [22m[2mjob-state-db[2m > [22m[2mgetJobsByStatus[2m > [22m[2mshould filter by provider and status
[22m[39m[job-state-db] DEPRECATED: using _lastCwd fallback. Pass cwd explicitly.
[job-state-db] DEPRECATED: using _lastCwd fallback. Pass cwd explicitly.
[job-state-db] DEPRECATED: using _lastCwd fallback. Pass cwd explicitly.

[90mstderr[2m | src/__tests__/job-state-db.test.ts[2m > [22m[2mjob-state-db[2m > [22m[2mgetJobsByStatus[2m > [22m[2mshould filter by provider and status
[22m[39m[job-state-db] DEPRECATED: closeJobDb() called without cwd. Use closeAllJobDbs() for explicit intent.

[90mstdout[2m | src/team/__tests__/worker-restart.test.ts[2m > [22m[2mworker-restart[2m > [22m[2mshouldRestart[2m > [22m[2muses custom policy
[22m[39m[WorkerFactory] Using SQLite adapter

[90mstdout[2m | src/team/__tests__/worker-restart.test.ts[2m > [22m[2mworker-restart[2m > [22m[2mshouldRestart[2m > [22m[2muses custom policy
[22m[39m[WorkerFactory] Using SQLite adapter

[90mstderr[2m | src/__tests__/job-state-db.test.ts[2m > [22m[2mjob-state-db[2m > [22m[2mgetJobsByStatus[2m > [22m[2mshould return empty array when no matches
[22m[39m[job-state-db] DEPRECATED: using _lastCwd fallback. Pass cwd explicitly.
[job-state-db] DEPRECATED: using _lastCwd fallback. Pass cwd explicitly.

[90mstderr[2m | src/__tests__/job-state-db.test.ts[2m > [22m[2mjob-state-db[2m > [22m[2mgetJobsByStatus[2m > [22m[2mshould return empty array when no matches
[22m[39m[job-state-db] DEPRECATED: closeJobDb() called without cwd. Use closeAllJobDbs() for explicit intent.

[90mstdout[2m | src/team/__tests__/worker-health.test.ts[2m > [22m[2mworker-health[2m > [22m[2mgetWorkerHealthReports[2m > [22m[2mreports quarantined worker
[22m[39m[WorkerFactory] Using SQLite adapter

[90mstderr[2m | src/__tests__/job-state-db.test.ts[2m > [22m[2mjob-state-db[2m > [22m[2mgetJobsByStatus[2m > [22m[2mshould return empty array when db is not initialized
[22m[39m[job-state-db] DEPRECATED: closeJobDb() called without cwd. Use closeAllJobDbs() for explicit intent.

[90mstdout[2m | src/team/__tests__/worker-health.test.ts[2m > [22m[2mworker-health[2m > [22m[2mgetWorkerHealthReports[2m > [22m[2mreports quarantined worker
[22m[39m[WorkerFactory] Using SQLite adapter

[90mstdout[2m | src/team/__tests__/worker-health.test.ts[2m > [22m[2mworker-health[2m > [22m[2mgetWorkerHealthReports[2m > [22m[2mreports quarantined worker
[22m[39m[WorkerFactory] Using SQLite adapter

[90mstderr[2m | src/__tests__/job-state-db.test.ts[2m > [22m[2mjob-state-db[2m > [22m[2mgetActiveJobs[2m > [22m[2mshould return spawned and running jobs
[22m[39m[job-state-db] DEPRECATED: using _lastCwd fallback. Pass cwd explicitly.
[job-state-db] DEPRECATED: using _lastCwd fallback. Pass cwd explicitly.
[job-state-db] DEPRECATED: using _lastCwd fallback. Pass cwd explicitly.
[job-state-db] DEPRECATED: using _lastCwd fallback. Pass cwd explicitly.
[job-state-db] DEPRECATED: using _lastCwd fallback. Pass cwd explicitly.

[90mstderr[2m | src/__tests__/job-state-db.test.ts[2m > [22m[2mjob-state-db[2m > [22m[2mgetActiveJobs[2m > [22m[2mshould return spawned and running jobs
[22m[39m[job-state-db] DEPRECATED: closeJobDb() called without cwd. Use closeAllJobDbs() for explicit intent.

[90mstderr[2m | src/__tests__/job-state-db.test.ts[2m > [22m[2mjob-state-db[2m > [22m[2mgetActiveJobs[2m > [22m[2mshould filter by provider
[22m[39m[job-state-db] DEPRECATED: using _lastCwd fallback. Pass cwd explicitly.
[job-state-db] DEPRECATED: using _lastCwd fallback. Pass cwd explicitly.
[job-state-db] DEPRECATED: using _lastCwd fallback. Pass cwd explicitly.

[90mstderr[2m | src/__tests__/job-state-db.test.ts[2m > [22m[2mjob-state-db[2m > [22m[2mgetActiveJobs[2m > [22m[2mshould filter by provider
[22m[39m[job-state-db] DEPRECATED: closeJobDb() called without cwd. Use closeAllJobDbs() for explicit intent.

[90mstderr[2m | src/__tests__/job-state-db.test.ts[2m > [22m[2mjob-state-db[2m > [22m[2mgetActiveJobs[2m > [22m[2mshould return empty array when no active jobs
[22m[39m[job-state-db] DEPRECATED: using _lastCwd fallback. Pass cwd explicitly.
[job-state-db] DEPRECATED: using _lastCwd fallback. Pass cwd explicitly.

[90mstderr[2m | src/__tests__/job-state-db.test.ts[2m > [22m[2mjob-state-db[2m > [22m[2mgetActiveJobs[2m > [22m[2mshould return empty array when no active jobs
[22m[39m[job-state-db] DEPRECATED: closeJobDb() called without cwd. Use closeAllJobDbs() for explicit intent.

[90mstdout[2m | tests/reliability/retry-manager.test.ts[2m > [22m[2mRetryManager[2m > [22m[2mshould use default options
[22m[39m[RetryManager] Attempt 2 failed: fail
[RetryManager] Retrying in 2000ms...

[90mstderr[2m | src/__tests__/job-state-db.test.ts[2m > [22m[2mjob-state-db[2m > [22m[2mgetActiveJobs[2m > [22m[2mshould return empty array when db is not initialized
[22m[39m[job-state-db] DEPRECATED: closeJobDb() called without cwd. Use closeAllJobDbs() for explicit intent.

[90mstdout[2m | src/team/__tests__/worker-restart.test.ts[2m > [22m[2mworker-restart[2m > [22m[2mrecordRestart[2m > [22m[2mcreates restart state on first call
[22m[39m[WorkerFactory] Using SQLite adapter

[90mstderr[2m | src/__tests__/job-state-db.test.ts[2m > [22m[2mjob-state-db[2m > [22m[2mgetActiveJobs[2m > [22m[2mshould include timeout status as not active
[22m[39m[job-state-db] DEPRECATED: using _lastCwd fallback. Pass cwd explicitly.
[job-state-db] DEPRECATED: using _lastCwd fallback. Pass cwd explicitly.
[job-state-db] DEPRECATED: using _lastCwd fallback. Pass cwd explicitly.

[90mstdout[2m | src/team/__tests__/worker-restart.test.ts[2m > [22m[2mworker-restart[2m > [22m[2mrecordRestart[2m > [22m[2mcreates restart state on first call
[22m[39m[WorkerFactory] Using SQLite adapter

[90mstdout[2m | src/team/__tests__/worker-restart.test.ts[2m > [22m[2mworker-restart[2m > [22m[2mrecordRestart[2m > [22m[2mcreates restart state on first call
[22m[39m[WorkerFactory] Using SQLite adapter

[90mstdout[2m | src/team/__tests__/worker-restart.test.ts[2m > [22m[2mworker-restart[2m > [22m[2mrecordRestart[2m > [22m[2mcreates restart state on first call
[22m[39m[WorkerFactory] Using SQLite adapter

[90mstderr[2m | src/__tests__/job-state-db.test.ts[2m > [22m[2mjob-state-db[2m > [22m[2mgetActiveJobs[2m > [22m[2mshould include timeout status as not active
[22m[39m[job-state-db] DEPRECATED: closeJobDb() called without cwd. Use closeAllJobDbs() for explicit intent.

[90mstderr[2m | src/__tests__/job-state-db.test.ts[2m > [22m[2mjob-state-db[2m > [22m[2mgetRecentJobs[2m > [22m[2mshould return jobs within time window
[22m[39m[job-state-db] DEPRECATED: using _lastCwd fallback. Pass cwd explicitly.
[job-state-db] DEPRECATED: using _lastCwd fallback. Pass cwd explicitly.
[job-state-db] DEPRECATED: using _lastCwd fallback. Pass cwd explicitly.

[90mstderr[2m | src/__tests__/job-state-db.test.ts[2m > [22m[2mjob-state-db[2m > [22m[2mgetRecentJobs[2m > [22m[2mshould return jobs within time window
[22m[39m[job-state-db] DEPRECATED: closeJobDb() called without cwd. Use closeAllJobDbs() for explicit intent.

[90mstderr[2m | src/__tests__/job-state-db.test.ts[2m > [22m[2mjob-state-db[2m > [22m[2mgetRecentJobs[2m > [22m[2mshould filter by provider
[22m[39m[job-state-db] DEPRECATED: using _lastCwd fallback. Pass cwd explicitly.
[job-state-db] DEPRECATED: using _lastCwd fallback. Pass cwd explicitly.
[job-state-db] DEPRECATED: using _lastCwd fallback. Pass cwd explicitly.

[90mstdout[2m | src/team/__tests__/worker-health.test.ts[2m > [22m[2mworker-health[2m > [22m[2mcheckWorkerHealth[2m > [22m[2mreturns null for healthy worker
[22m[39m[WorkerFactory] Using SQLite adapter

[90mstderr[2m | src/__tests__/job-state-db.test.ts[2m > [22m[2mjob-state-db[2m > [22m[2mgetRecentJobs[2m > [22m[2mshould filter by provider
[22m[39m[job-state-db] DEPRECATED: closeJobDb() called without cwd. Use closeAllJobDbs() for explicit intent.

[90mstdout[2m | src/team/__tests__/worker-health.test.ts[2m > [22m[2mworker-health[2m > [22m[2mcheckWorkerHealth[2m > [22m[2mreturns null for healthy worker
[22m[39m[WorkerFactory] Using SQLite adapter

[90mstdout[2m | src/team/__tests__/worker-health.test.ts[2m > [22m[2mworker-health[2m > [22m[2mcheckWorkerHealth[2m > [22m[2mreturns null for healthy worker
[22m[39m[WorkerFactory] Using SQLite adapter

[90mstderr[2m | src/__tests__/job-state-db.test.ts[2m > [22m[2mjob-state-db[2m > [22m[2mgetRecentJobs[2m > [22m[2mshould use default time window of 1 hour
[22m[39m[job-state-db] DEPRECATED: using _lastCwd fallback. Pass cwd explicitly.
[job-state-db] DEPRECATED: using _lastCwd fallback. Pass cwd explicitly.
[job-state-db] DEPRECATED: using _lastCwd fallback. Pass cwd explicitly.

[90mstderr[2m | src/__tests__/job-state-db.test.ts[2m > [22m[2mjob-state-db[2m > [22m[2mgetRecentJobs[2m > [22m[2mshould use default time window of 1 hour
[22m[39m[job-state-db] DEPRECATED: closeJobDb() called without cwd. Use closeAllJobDbs() for explicit intent.

[90mstderr[2m | src/__tests__/job-state-db.test.ts[2m > [22m[2mjob-state-db[2m > [22m[2mgetRecentJobs[2m > [22m[2mshould return empty array when db is not initialized
[22m[39m[job-state-db] DEPRECATED: closeJobDb() called without cwd. Use closeAllJobDbs() for explicit intent.

[90mstderr[2m | src/__tests__/job-state-db.test.ts[2m > [22m[2mjob-state-db[2m > [22m[2mupdateJobStatus[2m > [22m[2mshould update specific fields
[22m[39m[job-state-db] DEPRECATED: using _lastCwd fallback. Pass cwd explicitly.
[job-state-db] DEPRECATED: using _lastCwd fallback. Pass cwd explicitly.
[job-state-db] DEPRECATED: using _lastCwd fallback. Pass cwd explicitly.

[90mstderr[2m | src/__tests__/job-state-db.test.ts[2m > [22m[2mjob-state-db[2m > [22m[2mupdateJobStatus[2m > [22m[2mshould update specific fields
[22m[39m[job-state-db] DEPRECATED: closeJobDb() called without cwd. Use closeAllJobDbs() for explicit intent.

[90mstderr[2m | src/__tests__/job-state-db.test.ts[2m > [22m[2mjob-state-db[2m > [22m[2mupdateJobStatus[2m > [22m[2mshould return true even if no fields to update
[22m[39m[job-state-db] DEPRECATED: using _lastCwd fallback. Pass cwd explicitly.
[job-state-db] DEPRECATED: using _lastCwd fallback. Pass cwd explicitly.

[90mstdout[2m | src/team/__tests__/worker-restart.test.ts[2m > [22m[2mworker-restart[2m > [22m[2mrecordRestart[2m > [22m[2mincrements restart count
[22m[39m[WorkerFactory] Using SQLite adapter

[90mstderr[2m | src/__tests__/job-state-db.test.ts[2m > [22m[2mjob-state-db[2m > [22m[2mupdateJobStatus[2m > [22m[2mshould return true even if no fields to update
[22m[39m[job-state-db] DEPRECATED: closeJobDb() called without cwd. Use closeAllJobDbs() for explicit intent.

[90mstderr[2m | src/hooks/__tests__/priority-chain.test.ts[2m > [22m[2mHook Priority Chain[2m > [22m[2mTool Error and Success Hooks[2m > [22m[2mshould handle tool-error hook
[22m[39m[worktree] non-git directory provided, falling back to process root {
  directory: [32m'C:\\Users\\ljyih\\AppData\\Local\\Temp\\hook-priority-test-1773139577472'[39m
}

[90mstdout[2m | src/team/__tests__/worker-restart.test.ts[2m > [22m[2mworker-restart[2m > [22m[2mrecordRestart[2m > [22m[2mincrements restart count
[22m[39m[WorkerFactory] Using SQLite adapter

[90mstdout[2m | src/team/__tests__/worker-restart.test.ts[2m > [22m[2mworker-restart[2m > [22m[2mrecordRestart[2m > [22m[2mincrements restart count
[22m[39m[WorkerFactory] Using SQLite adapter

[90mstdout[2m | src/team/__tests__/worker-restart.test.ts[2m > [22m[2mworker-restart[2m > [22m[2mrecordRestart[2m > [22m[2mincrements restart count
[22m[39m[WorkerFactory] Using SQLite adapter

[90mstdout[2m | src/team/__tests__/worker-restart.test.ts[2m > [22m[2mworker-restart[2m > [22m[2mrecordRestart[2m > [22m[2mincrements restart count
[22m[39m[WorkerFactory] Using SQLite adapter

[90mstderr[2m | src/__tests__/job-state-db.test.ts[2m > [22m[2mjob-state-db[2m > [22m[2mupdateJobStatus[2m > [22m[2mshould update pid field
[22m[39m[job-state-db] DEPRECATED: using _lastCwd fallback. Pass cwd explicitly.
[job-state-db] DEPRECATED: using _lastCwd fallback. Pass cwd explicitly.
[job-state-db] DEPRECATED: using _lastCwd fallback. Pass cwd explicitly.

[90mstdout[2m | src/team/__tests__/worker-restart.test.ts[2m > [22m[2mworker-restart[2m > [22m[2mrecordRestart[2m > [22m[2mincrements restart count
[22m[39m[WorkerFactory] Using SQLite adapter

[90mstderr[2m | src/__tests__/job-state-db.test.ts[2m > [22m[2mjob-state-db[2m > [22m[2mupdateJobStatus[2m > [22m[2mshould update pid field
[22m[39m[job-state-db] DEPRECATED: closeJobDb() called without cwd. Use closeAllJobDbs() for explicit intent.

[90mstderr[2m | src/__tests__/job-state-db.test.ts[2m > [22m[2mjob-state-db[2m > [22m[2mupdateJobStatus[2m > [22m[2mshould update error field
[22m[39m[job-state-db] DEPRECATED: using _lastCwd fallback. Pass cwd explicitly.
[job-state-db] DEPRECATED: using _lastCwd fallback. Pass cwd explicitly.
[job-state-db] DEPRECATED: using _lastCwd fallback. Pass cwd explicitly.

[90mstderr[2m | src/__tests__/job-state-db.test.ts[2m > [22m[2mjob-state-db[2m > [22m[2mupdateJobStatus[2m > [22m[2mshould update error field
[22m[39m[job-state-db] DEPRECATED: closeJobDb() called without cwd. Use closeAllJobDbs() for explicit intent.

[90mstdout[2m | src/team/__tests__/worker-health.test.ts[2m > [22m[2mworker-health[2m > [22m[2mcheckWorkerHealth[2m > [22m[2mdetects dead worker
[22m[39m[WorkerFactory] Using SQLite adapter

[90mstderr[2m | src/__tests__/job-state-db.test.ts[2m > [22m[2mjob-state-db[2m > [22m[2mupdateJobStatus[2m > [22m[2mshould update fallback fields
[22m[39m[job-state-db] DEPRECATED: using _lastCwd fallback. Pass cwd explicitly.
[job-state-db] DEPRECATED: using _lastCwd fallback. Pass cwd explicitly.
[job-state-db] DEPRECATED: using _lastCwd fallback. Pass cwd explicitly.

[90mstderr[2m | src/hooks/__tests__/priority-chain.test.ts[2m > [22m[2mHook Priority Chain[2m > [22m[2mTool Error and Success Hooks[2m > [22m[2mshould handle tool-success hook
[22m[39m[worktree] non-git directory provided, falling back to process root {
  directory: [32m'C:\\Users\\ljyih\\AppData\\Local\\Temp\\hook-priority-test-1773139578043'[39m
}

[90mstdout[2m | src/team/__tests__/worker-health.test.ts[2m > [22m[2mworker-health[2m > [22m[2mcheckWorkerHealth[2m > [22m[2mdetects dead worker
[22m[39m[WorkerFactory] Using SQLite adapter

[90mstderr[2m | src/__tests__/job-state-db.test.ts[2m > [22m[2mjob-state-db[2m > [22m[2mupdateJobStatus[2m > [22m[2mshould update fallback fields
[22m[39m[job-state-db] DEPRECATED: closeJobDb() called without cwd. Use closeAllJobDbs() for explicit intent.

[90mstderr[2m | src/__tests__/job-state-db.test.ts[2m > [22m[2mjob-state-db[2m > [22m[2mupdateJobStatus[2m > [22m[2mshould update killedByUser field
[22m[39m[job-state-db] DEPRECATED: using _lastCwd fallback. Pass cwd explicitly.
[job-state-db] DEPRECATED: using _lastCwd fallback. Pass cwd explicitly.
[job-state-db] DEPRECATED: using _lastCwd fallback. Pass cwd explicitly.

[90mstderr[2m | src/__tests__/job-state-db.test.ts[2m > [22m[2mjob-state-db[2m > [22m[2mupdateJobStatus[2m > [22m[2mshould update killedByUser field
[22m[39m[job-state-db] DEPRECATED: closeJobDb() called without cwd. Use closeAllJobDbs() for explicit intent.

[90mstderr[2m | src/__tests__/job-state-db.test.ts[2m > [22m[2mjob-state-db[2m > [22m[2mupdateJobStatus[2m > [22m[2mshould update slug, model, and agentRole fields
[22m[39m[job-state-db] DEPRECATED: using _lastCwd fallback. Pass cwd explicitly.
[job-state-db] DEPRECATED: using _lastCwd fallback. Pass cwd explicitly.
[job-state-db] DEPRECATED: using _lastCwd fallback. Pass cwd explicitly.

[90mstderr[2m | src/__tests__/job-state-db.test.ts[2m > [22m[2mjob-state-db[2m > [22m[2mupdateJobStatus[2m > [22m[2mshould update slug, model, and agentRole fields
[22m[39m[job-state-db] DEPRECATED: closeJobDb() called without cwd. Use closeAllJobDbs() for explicit intent.

[90mstderr[2m | src/hooks/__tests__/priority-chain.test.ts[2m > [22m[2mHook Priority Chain[2m > [22m[2mAll 15 HookTypes Coverage[2m > [22m[2mshould process all 15 HookTypes without errors
[22m[39m[worktree] non-git directory provided, falling back to process root {
  directory: [32m'C:\\Users\\ljyih\\AppData\\Local\\Temp\\hook-priority-test-1773139578175'[39m
}

[90mstderr[2m | src/__tests__/job-state-db.test.ts[2m > [22m[2mjob-state-db[2m > [22m[2mupdateJobStatus[2m > [22m[2mshould return false when db is not initialized
[22m[39m[job-state-db] DEPRECATED: closeJobDb() called without cwd. Use closeAllJobDbs() for explicit intent.

[90mstderr[2m | src/__tests__/job-state-db.test.ts[2m > [22m[2mjob-state-db[2m > [22m[2mdeleteJob[2m > [22m[2mshould delete a job
[22m[39m[job-state-db] DEPRECATED: using _lastCwd fallback. Pass cwd explicitly.
[job-state-db] DEPRECATED: using _lastCwd fallback. Pass cwd explicitly.
[job-state-db] DEPRECATED: using _lastCwd fallback. Pass cwd explicitly.

[90mstdout[2m | src/team/__tests__/worker-restart.test.ts[2m > [22m[2mworker-restart[2m > [22m[2mrecordRestart[2m > [22m[2mupdates lastRestartAt timestamp
[22m[39m[WorkerFactory] Using SQLite adapter

[90mstderr[2m | src/__tests__/job-state-db.test.ts[2m > [22m[2mjob-state-db[2m > [22m[2mdeleteJob[2m > [22m[2mshould delete a job
[22m[39m[job-state-db] DEPRECATED: closeJobDb() called without cwd. Use closeAllJobDbs() for explicit intent.

[90mstdout[2m | src/team/__tests__/worker-restart.test.ts[2m > [22m[2mworker-restart[2m > [22m[2mrecordRestart[2m > [22m[2mupdates lastRestartAt timestamp
[22m[39m[WorkerFactory] Using SQLite adapter

[90mstdout[2m | src/team/__tests__/worker-restart.test.ts[2m > [22m[2mworker-restart[2m > [22m[2mrecordRestart[2m > [22m[2mupdates lastRestartAt timestamp
[22m[39m[WorkerFactory] Using SQLite adapter

[90mstdout[2m | src/team/__tests__/worker-restart.test.ts[2m > [22m[2mworker-restart[2m > [22m[2mrecordRestart[2m > [22m[2mupdates lastRestartAt timestamp
[22m[39m[WorkerFactory] Using SQLite adapter

[90mstderr[2m | src/__tests__/job-state-db.test.ts[2m > [22m[2mjob-state-db[2m > [22m[2mdeleteJob[2m > [22m[2mshould succeed even if job does not exist
[22m[39m[job-state-db] DEPRECATED: using _lastCwd fallback. Pass cwd explicitly.

[90mstdout[2m | src/team/__tests__/worker-restart.test.ts[2m > [22m[2mworker-restart[2m > [22m[2mrecordRestart[2m > [22m[2mupdates lastRestartAt timestamp
[22m[39m[WorkerFactory] Using SQLite adapter

[90mstderr[2m | src/hooks/__tests__/priority-chain.test.ts[2m > [22m[2mHook Priority Chain[2m > [22m[2mAll 15 HookTypes Coverage[2m > [22m[2mshould process all 15 HookTypes without errors
[22m[39m[worktree] non-git directory provided, falling back to process root {
  directory: [32m'C:\\Users\\ljyih\\AppData\\Local\\Temp\\hook-priority-test-1773139578175'[39m
}

[90mstdout[2m | src/team/__tests__/worker-restart.test.ts[2m > [22m[2mworker-restart[2m > [22m[2mrecordRestart[2m > [22m[2mupdates lastRestartAt timestamp
[22m[39m[WorkerFactory] Using SQLite adapter

[90mstdout[2m | src/team/__tests__/worker-restart.test.ts[2m > [22m[2mworker-restart[2m > [22m[2mrecordRestart[2m > [22m[2mupdates lastRestartAt timestamp
[22m[39m[WorkerFactory] Using SQLite adapter

[90mstderr[2m | src/__tests__/job-state-db.test.ts[2m > [22m[2mjob-state-db[2m > [22m[2mdeleteJob[2m > [22m[2mshould succeed even if job does not exist
[22m[39m[job-state-db] DEPRECATED: closeJobDb() called without cwd. Use closeAllJobDbs() for explicit intent.

[90mstderr[2m | src/__tests__/job-state-db.test.ts[2m > [22m[2mjob-state-db[2m > [22m[2mdeleteJob[2m > [22m[2mshould only delete the specified provider job
[22m[39m[job-state-db] DEPRECATED: using _lastCwd fallback. Pass cwd explicitly.
[job-state-db] DEPRECATED: using _lastCwd fallback. Pass cwd explicitly.
[job-state-db] DEPRECATED: using _lastCwd fallback. Pass cwd explicitly.
[job-state-db] DEPRECATED: using _lastCwd fallback. Pass cwd explicitly.
[job-state-db] DEPRECATED: using _lastCwd fallback. Pass cwd explicitly.

[90mstdout[2m | src/team/__tests__/worker-health.test.ts[2m > [22m[2mworker-health[2m > [22m[2mcheckWorkerHealth[2m > [22m[2mdetects quarantined worker
[22m[39m[WorkerFactory] Using SQLite adapter

[90mstderr[2m | src/__tests__/job-state-db.test.ts[2m > [22m[2mjob-state-db[2m > [22m[2mdeleteJob[2m > [22m[2mshould only delete the specified provider job
[22m[39m[job-state-db] DEPRECATED: closeJobDb() called without cwd. Use closeAllJobDbs() for explicit intent.

[90mstdout[2m | src/team/__tests__/worker-health.test.ts[2m > [22m[2mworker-health[2m > [22m[2mcheckWorkerHealth[2m > [22m[2mdetects quarantined worker
[22m[39m[WorkerFactory] Using SQLite adapter

[90mstderr[2m | src/hooks/__tests__/priority-chain.test.ts[2m > [22m[2mHook Priority Chain[2m > [22m[2mAll 15 HookTypes Coverage[2m > [22m[2mshould process all 15 HookTypes without errors
[22m[39m[worktree] non-git directory provided, falling back to process root {
  directory: [32m'C:\\Users\\ljyih\\AppData\\Local\\Temp\\hook-priority-test-1773139578175'[39m
}

[90mstderr[2m | src/__tests__/job-state-db.test.ts[2m > [22m[2mjob-state-db[2m > [22m[2mdeleteJob[2m > [22m[2mshould return false when db is not initialized
[22m[39m[job-state-db] DEPRECATED: closeJobDb() called without cwd. Use closeAllJobDbs() for explicit intent.

[90mstderr[2m | src/__tests__/job-state-db.test.ts[2m > [22m[2mjob-state-db[2m > [22m[2mmigrateFromJsonFiles[2m > [22m[2mshould import valid status JSON files
[22m[39m[job-state-db] DEPRECATED: using _lastCwd fallback. Pass cwd explicitly.
[job-state-db] DEPRECATED: using _lastCwd fallback. Pass cwd explicitly.
[job-state-db] DEPRECATED: using _lastCwd fallback. Pass cwd explicitly.

[90mstderr[2m | src/__tests__/job-state-db.test.ts[2m > [22m[2mjob-state-db[2m > [22m[2mmigrateFromJsonFiles[2m > [22m[2mshould import valid status JSON files
[22m[39m[job-state-db] DEPRECATED: closeJobDb() called without cwd. Use closeAllJobDbs() for explicit intent.

[90mstderr[2m | src/hooks/__tests__/bridge-routing.test.ts[2m > [22m[2mprocessHook - Routing Matrix[2m > [22m[2mHookType routing[2m > [22m[2mshould route "pre-tool-use" and return a valid HookOutput
[22m[39m[worktree] non-git directory provided, falling back to process root { directory: [32m'C:\\tmp\\test-routing'[39m }

[90mstderr[2m | src/__tests__/job-state-db.test.ts[2m > [22m[2mjob-state-db[2m > [22m[2mmigrateFromJsonFiles[2m > [22m[2mshould skip malformed files
[22m[39m[job-state-db] DEPRECATED: using _lastCwd fallback. Pass cwd explicitly.

[90mstderr[2m | src/__tests__/job-state-db.test.ts[2m > [22m[2mjob-state-db[2m > [22m[2mmigrateFromJsonFiles[2m > [22m[2mshould skip malformed files
[22m[39m[job-state-db] DEPRECATED: closeJobDb() called without cwd. Use closeAllJobDbs() for explicit intent.

[90mstderr[2m | src/hooks/__tests__/priority-chain.test.ts[2m > [22m[2mHook Priority Chain[2m > [22m[2mAll 15 HookTypes Coverage[2m > [22m[2mshould process all 15 HookTypes without errors
[22m[39m[worktree] non-git directory provided, falling back to process root {
  directory: [32m'C:\\Users\\ljyih\\AppData\\Local\\Temp\\hook-priority-test-1773139578175'[39m
}

[90mstderr[2m | src/hooks/__tests__/bridge-routing.test.ts[2m > [22m[2mprocessHook - Routing Matrix[2m > [22m[2mHookType routing[2m > [22m[2mshould route "post-tool-use" and return a valid HookOutput
[22m[39m[worktree] non-git directory provided, falling back to process root { directory: [32m'C:\\tmp\\test-routing'[39m }

[90mstderr[2m | src/__tests__/job-state-db.test.ts[2m > [22m[2mjob-state-db[2m > [22m[2mmigrateFromJsonFiles[2m > [22m[2mshould return zero counts for empty directory
[22m[39m[job-state-db] DEPRECATED: using _lastCwd fallback. Pass cwd explicitly.

[90mstderr[2m | src/__tests__/job-state-db.test.ts[2m > [22m[2mjob-state-db[2m > [22m[2mmigrateFromJsonFiles[2m > [22m[2mshould return zero counts for empty directory
[22m[39m[job-state-db] DEPRECATED: closeJobDb() called without cwd. Use closeAllJobDbs() for explicit intent.

[90mstderr[2m | src/hooks/__tests__/priority-chain.test.ts[2m > [22m[2mHook Priority Chain[2m > [22m[2mAll 15 HookTypes Coverage[2m > [22m[2mshould process all 15 HookTypes without errors
[22m[39m[worktree] non-git directory provided, falling back to process root {
  directory: [32m'C:\\Users\\ljyih\\AppData\\Local\\Temp\\hook-priority-test-1773139578175'[39m
}

[90mstderr[2m | src/__tests__/job-state-db.test.ts[2m > [22m[2mjob-state-db[2m > [22m[2mmigrateFromJsonFiles[2m > [22m[2mshould import multiple files in a transaction
[22m[39m[job-state-db] DEPRECATED: using _lastCwd fallback. Pass cwd explicitly.
[job-state-db] DEPRECATED: using _lastCwd fallback. Pass cwd explicitly.
[job-state-db] DEPRECATED: using _lastCwd fallback. Pass cwd explicitly.
[job-state-db] DEPRECATED: using _lastCwd fallback. Pass cwd explicitly.
[job-state-db] DEPRECATED: using _lastCwd fallback. Pass cwd explicitly.

[90mstderr[2m | src/hooks/__tests__/bridge-routing.test.ts[2m > [22m[2mprocessHook - Routing Matrix[2m > [22m[2mHookType routing[2m > [22m[2mshould route "autopilot" and return a valid HookOutput
[22m[39m[worktree] non-git directory provided, falling back to process root { directory: [32m'C:\\tmp\\test-routing'[39m }

[90mstdout[2m | src/team/__tests__/worker-restart.test.ts[2m > [22m[2mworker-restart[2m > [22m[2mclearRestartState[2m > [22m[2mremoves restart state
[22m[39m[WorkerFactory] Using SQLite adapter

[90mstderr[2m | src/__tests__/job-state-db.test.ts[2m > [22m[2mjob-state-db[2m > [22m[2mmigrateFromJsonFiles[2m > [22m[2mshould import multiple files in a transaction
[22m[39m[job-state-db] DEPRECATED: closeJobDb() called without cwd. Use closeAllJobDbs() for explicit intent.

[90mstdout[2m | src/team/__tests__/worker-restart.test.ts[2m > [22m[2mworker-restart[2m > [22m[2mclearRestartState[2m > [22m[2mremoves restart state
[22m[39m[WorkerFactory] Using SQLite adapter

[90mstdout[2m | src/team/__tests__/worker-restart.test.ts[2m > [22m[2mworker-restart[2m > [22m[2mclearRestartState[2m > [22m[2mremoves restart state
[22m[39m[WorkerFactory] Using SQLite adapter

[90mstdout[2m | src/team/__tests__/worker-restart.test.ts[2m > [22m[2mworker-restart[2m > [22m[2mclearRestartState[2m > [22m[2mremoves restart state
[22m[39m[WorkerFactory] Using SQLite adapter

[90mstdout[2m | src/team/__tests__/worker-restart.test.ts[2m > [22m[2mworker-restart[2m > [22m[2mclearRestartState[2m > [22m[2mremoves restart state
[22m[39m[WorkerFactory] Using SQLite adapter

[90mstderr[2m | src/__tests__/job-state-db.test.ts[2m > [22m[2mjob-state-db[2m > [22m[2mmigrateFromJsonFiles[2m > [22m[2mshould skip files missing required fields
[22m[39m[job-state-db] DEPRECATED: using _lastCwd fallback. Pass cwd explicitly.

[90mstdout[2m | src/team/__tests__/worker-restart.test.ts[2m > [22m[2mworker-restart[2m > [22m[2mclearRestartState[2m > [22m[2mremoves restart state
[22m[39m[WorkerFactory] Using SQLite adapter

[90mstderr[2m | src/__tests__/job-state-db.test.ts[2m > [22m[2mjob-state-db[2m > [22m[2mmigrateFromJsonFiles[2m > [22m[2mshould skip files missing required fields
[22m[39m[job-state-db] DEPRECATED: closeJobDb() called without cwd. Use closeAllJobDbs() for explicit intent.

[90mstdout[2m | src/team/__tests__/worker-health.test.ts[2m > [22m[2mworker-health[2m > [22m[2mcheckWorkerHealth[2m > [22m[2mwarns about high error count
[22m[39m[WorkerFactory] Using SQLite adapter

[90mstdout[2m | src/team/__tests__/worker-health.test.ts[2m > [22m[2mworker-health[2m > [22m[2mcheckWorkerHealth[2m > [22m[2mwarns about high error count
[22m[39m[WorkerFactory] Using SQLite adapter

[90mstderr[2m | src/__tests__/job-state-db.test.ts[2m > [22m[2mjob-state-db[2m > [22m[2mmigrateFromJsonFiles[2m > [22m[2mshould handle non-existent directory gracefully
[22m[39m[job-state-db] DEPRECATED: using _lastCwd fallback. Pass cwd explicitly.

[90mstderr[2m | src/__tests__/job-state-db.test.ts[2m > [22m[2mjob-state-db[2m > [22m[2mmigrateFromJsonFiles[2m > [22m[2mshould handle non-existent directory gracefully
[22m[39m[job-state-db] DEPRECATED: closeJobDb() called without cwd. Use closeAllJobDbs() for explicit intent.

[90mstderr[2m | src/hooks/__tests__/bridge-routing.test.ts[2m > [22m[2mprocessHook - Routing Matrix[2m > [22m[2mHookType routing[2m > [22m[2mshould route "pre-compact" and return a valid HookOutput
[22m[39m[job-state-db] DEPRECATED: using _lastCwd fallback. Pass cwd explicitly.
[job-state-db] DEPRECATED: using _lastCwd fallback. Pass cwd explicitly.
[job-state-db] DEPRECATED: using _lastCwd fallback. Pass cwd explicitly.

[90mstderr[2m | src/__tests__/job-state-db.test.ts[2m > [22m[2mjob-state-db[2m > [22m[2mmigrateFromJsonFiles[2m > [22m[2mshould return zero counts when db is not initialized
[22m[39m[job-state-db] DEPRECATED: closeJobDb() called without cwd. Use closeAllJobDbs() for explicit intent.

[90mstderr[2m | src/__tests__/hooks.test.ts[2m > [22m[2mMutual Exclusion - UltraQA and Ralph[2m > [22m[2mRalph mutual exclusion[2m > [22m[2mshould fail to start Ralph when UltraQA is active
[22m[39mCannot start Ralph Loop while UltraQA is active. Cancel UltraQA first with /ultrapower:cancel.

[90mstderr[2m | src/__tests__/job-state-db.test.ts[2m > [22m[2mjob-state-db[2m > [22m[2mcleanupOldJobs[2m > [22m[2mshould remove old terminal jobs
[22m[39m[job-state-db] DEPRECATED: using _lastCwd fallback. Pass cwd explicitly.
[job-state-db] DEPRECATED: using _lastCwd fallback. Pass cwd explicitly.
[job-state-db] DEPRECATED: using _lastCwd fallback. Pass cwd explicitly.
[job-state-db] DEPRECATED: using _lastCwd fallback. Pass cwd explicitly.
[job-state-db] DEPRECATED: using _lastCwd fallback. Pass cwd explicitly.
[job-state-db] DEPRECATED: using _lastCwd fallback. Pass cwd explicitly.
[job-state-db] DEPRECATED: using _lastCwd fallback. Pass cwd explicitly.
[job-state-db] DEPRECATED: using _lastCwd fallback. Pass cwd explicitly.
[job-state-db] DEPRECATED: using _lastCwd fallback. Pass cwd explicitly.

[90mstderr[2m | src/__tests__/job-state-db.test.ts[2m > [22m[2mjob-state-db[2m > [22m[2mcleanupOldJobs[2m > [22m[2mshould remove old terminal jobs
[22m[39m[job-state-db] DEPRECATED: closeJobDb() called without cwd. Use closeAllJobDbs() for explicit intent.

[90mstderr[2m | src/__tests__/job-state-db.test.ts[2m > [22m[2mjob-state-db[2m > [22m[2mcleanupOldJobs[2m > [22m[2mshould not remove active jobs regardless of age
[22m[39m[job-state-db] DEPRECATED: using _lastCwd fallback. Pass cwd explicitly.
[job-state-db] DEPRECATED: using _lastCwd fallback. Pass cwd explicitly.
[job-state-db] DEPRECATED: using _lastCwd fallback. Pass cwd explicitly.
[job-state-db] DEPRECATED: using _lastCwd fallback. Pass cwd explicitly.
[job-state-db] DEPRECATED: using _lastCwd fallback. Pass cwd explicitly.

[90mstderr[2m | src/__tests__/job-state-db.test.ts[2m > [22m[2mjob-state-db[2m > [22m[2mcleanupOldJobs[2m > [22m[2mshould not remove active jobs regardless of age
[22m[39m[job-state-db] DEPRECATED: closeJobDb() called without cwd. Use closeAllJobDbs() for explicit intent.

 [31m❯[39m src/__tests__/hooks.test.ts [2m([22m[2m141 tests[22m[2m | [22m[31m4 failed[39m[2m)[22m[33m 1999[2mms[22m[39m
       [32m✓[39m should extract text from text parts[32m 2[2mms[22m[39m
       [32m✓[39m should filter out non-text parts[32m 0[2mms[22m[39m
       [32m✓[39m should handle empty parts array[32m 0[2mms[22m[39m
       [32m✓[39m should handle parts without text[32m 0[2mms[22m[39m
       [32m✓[39m should join multiple text parts with space[32m 0[2mms[22m[39m
       [32m✓[39m should remove triple backtick fenced code blocks[32m 1[2mms[22m[39m
       [32m✓[39m should remove tilde fenced code blocks[32m 0[2mms[22m[39m
       [32m✓[39m should remove inline code with single backticks[32m 0[2mms[22m[39m
       [32m✓[39m should handle multiple code blocks[32m 0[2mms[22m[39m
       [32m✓[39m should handle text without code blocks[32m 0[2mms[22m[39m
       [32m✓[39m should handle empty string[32m 0[2mms[22m[39m
       [32m✓[39m should handle nested inline code[32m 0[2mms[22m[39m
       [32m✓[39m should detect ultrawork keyword[32m 3[2mms[22m[39m
       [32m✓[39m should detect ulw abbreviation[32m 1[2mms[22m[39m
       [32m✓[39m should detect ultrathink keyword[32m 0[2mms[22m[39m
       [32m✓[39m should detect ultrathink keyword directly[32m 0[2mms[22m[39m
       [32m✓[39m should detect deepsearch keywords for codebase search[32m 0[2mms[22m[39m
       [32m✓[39m should detect analyze keywords with restricted patterns[32m 0[2mms[22m[39m
       [32m✓[39m should be case insensitive[32m 1[2mms[22m[39m
       [32m✓[39m should respect word boundaries[32m 0[2mms[22m[39m
       [32m✓[39m should include position information[32m 0[2mms[22m[39m
       [32m✓[39m should return empty array for no matches[32m 1[2mms[22m[39m
       [32m✓[39m should detect multiple different keyword types[32m 1[2mms[22m[39m
       [32m✓[39m should detect cancel keyword[32m 0[2mms[22m[39m
       [32m✓[39m should detect cancel keyword variations[32m 1[2mms[22m[39m
       [32m✓[39m should route legacy ultrapilot keyword to team (with dual-emission)[32m 1[2mms[22m[39m
       [32m✓[39m should route legacy ultrapilot patterns to team[32m 1[2mms[22m[39m
       [32m✓[39m should route legacy swarm keyword to team (with dual-emission)[32m 1[2mms[22m[39m
       [32m✓[39m should route coordinated agents pattern to team (with dual-emission)[32m 1[2mms[22m[39m
       [32m✓[39m should detect pipeline keyword[32m 0[2mms[22m[39m
       [32m✓[39m should detect chain agents pattern[32m 0[2mms[22m[39m
       [32m✓[39m should detect ralplan keyword[32m 0[2mms[22m[39m
       [32m✓[39m should detect plan patterns[32m 0[2mms[22m[39m
       [32m✓[39m should detect tdd keyword[32m 0[2mms[22m[39m
       [32m✓[39m should detect tdd patterns[32m 1[2mms[22m[39m
       [32m✓[39m should not detect research keyword[32m 1[2mms[22m[39m
       [32m✓[39m should detect deepsearch keyword[32m 2[2mms[22m[39m
       [32m✓[39m should detect deepsearch patterns[32m 1[2mms[22m[39m
       [32m✓[39m should NOT detect deepsearch for generic find[32m 0[2mms[22m[39m
       [32m✓[39m should detect analyze patterns with restrictions[32m 1[2mms[22m[39m
       [32m✓[39m should NOT detect analyze for generic patterns[32m 0[2mms[22m[39m
       [32m✓[39m should return true when keyword exists[32m 0[2mms[22m[39m
       [32m✓[39m should return false when no keyword exists[32m 0[2mms[22m[39m
       [32m✓[39m should ignore keywords in code blocks[32m 0[2mms[22m[39m
       [32m✓[39m should detect keywords outside code blocks[32m 0[2mms[22m[39m
       [32m✓[39m should handle empty string[32m 0[2mms[22m[39m
       [32m✓[39m should return highest priority keyword[32m 1[2mms[22m[39m
       [32m✓[39m should return ultrathink when present[32m 0[2mms[22m[39m
       [32m✓[39m should return deepsearch for codebase search[32m 0[2mms[22m[39m
       [32m✓[39m should return analyze when only analyze keyword[32m 1[2mms[22m[39m
       [32m✓[39m should return null when no keywords[32m 1[2mms[22m[39m
       [32m✓[39m should ignore code blocks[32m 1[2mms[22m[39m
       [32m✓[39m should return first detected when same priority[32m 1[2mms[22m[39m
       [32m✓[39m should give cancel highest priority[32m 0[2mms[22m[39m
       [32m✓[39m should give cancel priority over analyze[32m 1[2mms[22m[39m
       [32m✓[39m should prioritize cancel over all other keywords[32m 1[2mms[22m[39m
       [32m✓[39m should prioritize ralph after cancel[32m 1[2mms[22m[39m
       [32m✓[39m should prioritize ultrapilot for legacy ultrapilot trigger[32m 1[2mms[22m[39m
       [32m✓[39m should prioritize team for legacy swarm trigger[32m 0[2mms[22m[39m
       [32m✓[39m should prioritize pipeline correctly[32m 0[2mms[22m[39m
       [32m✓[39m should prioritize ralplan over plan[32m 0[2mms[22m[39m
       [32m✓[39m should detect plan correctly[32m 1[2mms[22m[39m
       [32m✓[39m should prioritize tdd correctly[32m 1[2mms[22m[39m
       [32m✓[39m should return null for removed research keyword[32m 0[2mms[22m[39m
       [32m✓[39m should prioritize deepsearch over generic search[32m 0[2mms[22m[39m
       [32m✓[39m should prioritize analyze with restricted pattern[32m 1[2mms[22m[39m
[31m     [31m×[31m restores active Team stage on session-start[39m[33m 342[2mms[22m[39m
[31m     [31m×[31m emits terminal Team restore guidance on cancelled stage[39m[33m 373[2mms[22m[39m
[31m     [31m×[31m enforces verify stage continuation while active and non-terminal[39m[32m 284[2mms[22m[39m
[31m     [31m×[31m enforces fix stage continuation while active and non-terminal[39m[32m 256[2mms[22m[39m
     [33m[2m✓[22m[39m allows terminal cleanup when Team stage is cancelled [33m 308[2mms[22m[39m
     [32m✓[39m does not remove reply-session registry on idle Stop/persistent-mode[32m 191[2mms[22m[39m
       [32m✓[39m should format when all tasks complete[32m 0[2mms[22m[39m
       [32m✓[39m should format with incomplete tasks[32m 0[2mms[22m[39m
       [32m✓[39m should handle zero total tasks[32m 0[2mms[22m[39m
       [32m✓[39m should handle all tasks incomplete[32m 0[2mms[22m[39m
       [32m✓[39m should handle single task remaining[32m 0[2mms[22m[39m
       [32m✓[39m should return in_progress todo first[32m 0[2mms[22m[39m
       [32m✓[39m should return first pending when no in_progress[32m 0[2mms[22m[39m
       [32m✓[39m should return null when no todos[32m 0[2mms[22m[39m
       [32m✓[39m should return null when all completed[32m 0[2mms[22m[39m
       [32m✓[39m should handle todos with priority field[32m 0[2mms[22m[39m
       [32m✓[39m should handle todos with id field[32m 1[2mms[22m[39m
       [32m✓[39m should ignore cancelled todos[32m 0[2mms[22m[39m
       [32m✓[39m should prefer in_progress over multiple pending[32m 1[2mms[22m[39m
       [32m✓[39m should handle all valid status values[32m 2[2mms[22m[39m
       [32m✓[39m should handle optional fields[32m 1[2mms[22m[39m
       [32m✓[39m should handle minimal todo object[32m 1[2mms[22m[39m
       [32m✓[39m should maintain consistency between count and todos length[32m 0[2mms[22m[39m
       [32m✓[39m should handle edge case of more completed than total[32m 1[2mms[22m[39m
       [32m✓[39m should create valid hook output with continue flag[32m 1[2mms[22m[39m
       [32m✓[39m should create valid hook output without message[32m 0[2mms[22m[39m
       [32m✓[39m should serialize to valid JSON[32m 0[2mms[22m[39m
       [32m✓[39m should handle multiline messages[32m 1[2mms[22m[39m
       [32m✓[39m should handle empty message[32m 0[2mms[22m[39m
       [32m✓[39m should handle special characters in message[32m 0[2mms[22m[39m
       [32m✓[39m should format continuation message[32m 0[2mms[22m[39m
       [32m✓[39m should format keyword detection message[32m 0[2mms[22m[39m
       [32m✓[39m should format todo status message[32m 0[2mms[22m[39m
     [32m✓[39m should detect keywords outside code and ignore inside[32m 1[2mms[22m[39m
     [32m✓[39m should handle inline code with keywords[32m 1[2mms[22m[39m
     [32m✓[39m should prioritize ultrawork even with other keywords[32m 0[2mms[22m[39m
       [32m✓[39m should handle empty prompt parts[32m 0[2mms[22m[39m
       [32m✓[39m should handle empty text in removeCodeBlocks[32m 0[2mms[22m[39m
       [32m✓[39m should handle empty text in detectKeywordsWithType[32m 0[2mms[22m[39m
       [32m✓[39m should handle empty text in hasKeyword[32m 0[2mms[22m[39m
       [32m✓[39m should handle empty text in getPrimaryKeyword[32m 0[2mms[22m[39m
       [32m✓[39m should detect keywords with extra whitespace[32m 0[2mms[22m[39m
       [32m✓[39m should handle newlines and tabs[32m 0[2mms[22m[39m
       [32m✓[39m should handle unicode characters[32m 3[2mms[22m[39m
       [32m✓[39m should handle mixed scripts[32m 1[2mms[22m[39m
       [32m✓[39m should handle long text efficiently[32m 1[2mms[22m[39m
       [32m✓[39m should handle many code blocks[32m 0[2mms[22m[39m
       [32m✓[39m should define valid UltraQA goal types[32m 1[2mms[22m[39m
       [32m✓[39m should have valid state structure[32m 1[2mms[22m[39m
       [32m✓[39m should track failure history[32m 1[2mms[22m[39m
       [32m✓[39m should respect max cycles limit[32m 0[2mms[22m[39m
       [32m✓[39m should allow incrementing cycles within limit[32m 0[2mms[22m[39m
       [32m✓[39m should have valid success result[32m 0[2mms[22m[39m
       [32m✓[39m should have valid failure result[32m 0[2mms[22m[39m
       [32m✓[39m should detect same failure pattern[32m 0[2mms[22m[39m
       [32m✓[39m should map goal types to commands[32m 0[2mms[22m[39m
       [32m✓[39m should format progress message[32m 0[2mms[22m[39m
     [32m✓[39m should export resetTodoContinuationAttempts function[32m 0[2mms[22m[39m
     [32m✓[39m should not throw when resetting non-existent session[32m 2[2mms[22m[39m
     [32m✓[39m should allow resetting attempts multiple times[32m 0[2mms[22m[39m
       [32m✓[39m should return false when no ultraqa state exists[32m 12[2mms[22m[39m
       [32m✓[39m should return true when ultraqa is active[32m 8[2mms[22m[39m
       [32m✓[39m should return false when ultraqa is not active[32m 9[2mms[22m[39m
       [32m✓[39m should return false for invalid JSON[32m 8[2mms[22m[39m
       [32m✓[39m should return false when no ralph state exists[32m 7[2mms[22m[39m
       [32m✓[39m should return true when ralph is active[32m 9[2mms[22m[39m
       [32m✓[39m should return false when ralph is not active[32m 9[2mms[22m[39m
       [32m✓[39m should fail to start UltraQA when Ralph is active[32m 10[2mms[22m[39m
       [32m✓[39m should succeed starting UltraQA when Ralph is not active[32m 9[2mms[22m[39m
       [32m✓[39m should succeed starting UltraQA when ralph state exists but inactive[32m 12[2mms[22m[39m
       [32m✓[39m should fail to start Ralph when UltraQA is active[32m 15[2mms[22m[39m
       [32m✓[39m should succeed starting Ralph when UltraQA is not active[32m 15[2mms[22m[39m
       [32m✓[39m should succeed starting Ralph when ultraqa state exists but inactive[32m 10[2mms[22m[39m
       [32m✓[39m should clear UltraQA state properly[32m 13[2mms[22m[39m
       [32m✓[39m should clear Ralph state properly[32m 15[2mms[22m[39m
[90mstderr[2m | src/__tests__/job-state-db.test.ts[2m > [22m[2mjob-state-db[2m > [22m[2mcleanupOldJobs[2m > [22m[2mshould remove timeout status jobs
[22m[39m[job-state-db] DEPRECATED: using _lastCwd fallback. Pass cwd explicitly.
[job-state-db] DEPRECATED: using _lastCwd fallback. Pass cwd explicitly.
[job-state-db] DEPRECATED: using _lastCwd fallback. Pass cwd explicitly.

[90mstderr[2m | src/__tests__/job-state-db.test.ts[2m > [22m[2mjob-state-db[2m > [22m[2mcleanupOldJobs[2m > [22m[2mshould remove timeout status jobs
[22m[39m[job-state-db] DEPRECATED: closeJobDb() called without cwd. Use closeAllJobDbs() for explicit intent.

[90mstderr[2m | src/__tests__/job-state-db.test.ts[2m > [22m[2mjob-state-db[2m > [22m[2mcleanupOldJobs[2m > [22m[2mshould use default max age of 24 hours
[22m[39m[job-state-db] DEPRECATED: using _lastCwd fallback. Pass cwd explicitly.
[job-state-db] DEPRECATED: using _lastCwd fallback. Pass cwd explicitly.
[job-state-db] DEPRECATED: using _lastCwd fallback. Pass cwd explicitly.
[job-state-db] DEPRECATED: using _lastCwd fallback. Pass cwd explicitly.
[job-state-db] DEPRECATED: using _lastCwd fallback. Pass cwd explicitly.

[90mstdout[2m | src/team/__tests__/worker-restart.test.ts[2m > [22m[2mworker-restart[2m > [22m[2mclearRestartState[2m > [22m[2mdoes not throw for non-existent state
[22m[39m[WorkerFactory] Using SQLite adapter

[90mstderr[2m | src/__tests__/job-state-db.test.ts[2m > [22m[2mjob-state-db[2m > [22m[2mcleanupOldJobs[2m > [22m[2mshould use default max age of 24 hours
[22m[39m[job-state-db] DEPRECATED: closeJobDb() called without cwd. Use closeAllJobDbs() for explicit intent.

[90mstderr[2m | src/hooks/__tests__/bridge-routing.test.ts[2m > [22m[2mprocessHook - Routing Matrix[2m > [22m[2mHookType routing[2m > [22m[2mshould handle pre-tool-use with Bash tool input
[22m[39m[worktree] non-git directory provided, falling back to process root { directory: [32m'C:\\tmp\\test-routing'[39m }

[90mstdout[2m | src/team/__tests__/worker-health.test.ts[2m > [22m[2mworker-health[2m > [22m[2mcheckWorkerHealth[2m > [22m[2mreturns null when no heartbeat exists
[22m[39m[WorkerFactory] Using SQLite adapter

[90mstderr[2m | src/__tests__/job-state-db.test.ts[2m > [22m[2mjob-state-db[2m > [22m[2mcleanupOldJobs[2m > [22m[2mshould return 0 when db is not initialized
[22m[39m[job-state-db] DEPRECATED: closeJobDb() called without cwd. Use closeAllJobDbs() for explicit intent.

[90mstderr[2m | src/hooks/__tests__/bridge-routing.test.ts[2m > [22m[2mprocessHook - Routing Matrix[2m > [22m[2mHookType routing[2m > [22m[2mshould handle post-tool-use with tool output
[22m[39m[worktree] non-git directory provided, falling back to process root { directory: [32m'C:\\tmp\\test-routing'[39m }

[90mstderr[2m | src/__tests__/job-state-db.test.ts[2m > [22m[2mjob-state-db[2m > [22m[2mcleanupOldJobs[2m > [22m[2mshould return 0 when no jobs to clean
[22m[39m[job-state-db] DEPRECATED: using _lastCwd fallback. Pass cwd explicitly.
[job-state-db] DEPRECATED: using _lastCwd fallback. Pass cwd explicitly.

[90mstderr[2m | src/__tests__/job-state-db.test.ts[2m > [22m[2mjob-state-db[2m > [22m[2mcleanupOldJobs[2m > [22m[2mshould return 0 when no jobs to clean
[22m[39m[job-state-db] DEPRECATED: closeJobDb() called without cwd. Use closeAllJobDbs() for explicit intent.

[90mstderr[2m | src/hooks/__tests__/priority-chain.test.ts[2m > [22m[2mHook Priority Chain[2m > [22m[2mAll 15 HookTypes Coverage[2m > [22m[2mshould process all 15 HookTypes without errors
[22m[39m[worktree] non-git directory provided, falling back to process root {
  directory: [32m'C:\\Users\\ljyih\\AppData\\Local\\Temp\\hook-priority-test-1773139578175'[39m
}

[90mstderr[2m | src/__tests__/job-state-db.test.ts[2m > [22m[2mjob-state-db[2m > [22m[2mgetJobStats[2m > [22m[2mshould return correct counts
[22m[39m[job-state-db] DEPRECATED: using _lastCwd fallback. Pass cwd explicitly.
[job-state-db] DEPRECATED: using _lastCwd fallback. Pass cwd explicitly.
[job-state-db] DEPRECATED: using _lastCwd fallback. Pass cwd explicitly.
[job-state-db] DEPRECATED: using _lastCwd fallback. Pass cwd explicitly.
[job-state-db] DEPRECATED: using _lastCwd fallback. Pass cwd explicitly.
[job-state-db] DEPRECATED: using _lastCwd fallback. Pass cwd explicitly.

[90mstderr[2m | src/hooks/__tests__/bridge-routing.test.ts[2m > [22m[2mprocessHook - Routing Matrix[2m > [22m[2mHookType routing[2m > [22m[2mshould handle session-start and return continue:true
[22m[39m[worktree] non-git directory provided, falling back to process root { directory: [32m'C:\\tmp\\test-routing'[39m }

[90mstderr[2m | src/__tests__/job-state-db.test.ts[2m > [22m[2mjob-state-db[2m > [22m[2mgetJobStats[2m > [22m[2mshould return correct counts
[22m[39m[job-state-db] DEPRECATED: closeJobDb() called without cwd. Use closeAllJobDbs() for explicit intent.

[90mstderr[2m | src/mcp/client/__tests__/MCPClient.test.ts[2m > [22m[2mMCPClient[2m > [22m[2mconnect[2m > [22m[2mshould fail after 3 retry attempts
[22m[39mConnection attempt 1/3 failed: Error: Connection failed
    at C:/Users/ljyih/Desktop/ultrapower/src/mcp/client/__tests__/MCPClient.test.ts:118:44
    at [90mfile:///C:/Users/ljyih/Desktop/ultrapower/[39mnode_modules/[4m@vitest/runner[24m/dist/index.js:145:11
    at [90mfile:///C:/Users/ljyih/Desktop/ultrapower/[39mnode_modules/[4m@vitest/runner[24m/dist/index.js:915:26
    at [90mfile:///C:/Users/ljyih/Desktop/ultrapower/[39mnode_modules/[4m@vitest/runner[24m/dist/index.js:1243:20
    at new Promise (<anonymous>)
    at runWithTimeout [90m(file:///C:/Users/ljyih/Desktop/ultrapower/[39mnode_modules/[4m@vitest/runner[24m/dist/index.js:1209:10[90m)[39m
    at [90mfile:///C:/Users/ljyih/Desktop/ultrapower/[39mnode_modules/[4m@vitest/runner[24m/dist/index.js:1653:37
    at Traces.$ [90m(file:///C:/Users/ljyih/Desktop/ultrapower/[39mnode_modules/[4mvitest[24m/dist/chunks/traces.CCmnQaNT.js:142:27[90m)[39m
    at trace [90m(file:///C:/Users/ljyih/Desktop/ultrapower/[39mnode_modules/[4mvitest[24m/dist/chunks/test.B8ej_ZHS.js:239:21[90m)[39m
    at runTest [90m(file:///C:/Users/ljyih/Desktop/ultrapower/[39mnode_modules/[4m@vitest/runner[24m/dist/index.js:1653:12[90m)[39m

[90mstderr[2m | src/__tests__/job-state-db.test.ts[2m > [22m[2mjob-state-db[2m > [22m[2mgetJobStats[2m > [22m[2mshould return all zeros for empty db
[22m[39m[job-state-db] DEPRECATED: using _lastCwd fallback. Pass cwd explicitly.

[90mstderr[2m | src/__tests__/job-state-db.test.ts[2m > [22m[2mjob-state-db[2m > [22m[2mgetJobStats[2m > [22m[2mshould return all zeros for empty db
[22m[39m[job-state-db] DEPRECATED: closeJobDb() called without cwd. Use closeAllJobDbs() for explicit intent.

[90mstderr[2m | src/__tests__/job-state-db.test.ts[2m > [22m[2mjob-state-db[2m > [22m[2mgetJobStats[2m > [22m[2mshould count both providers together
[22m[39m[job-state-db] DEPRECATED: using _lastCwd fallback. Pass cwd explicitly.
[job-state-db] DEPRECATED: using _lastCwd fallback. Pass cwd explicitly.
[job-state-db] DEPRECATED: using _lastCwd fallback. Pass cwd explicitly.

[90mstderr[2m | src/hooks/__tests__/bridge-routing.test.ts[2m > [22m[2mprocessHook - Routing Matrix[2m > [22m[2minput normalization[2m > [22m[2mshould normalize snake_case tool_name to camelCase toolName
[22m[39m[worktree] non-git directory provided, falling back to process root { directory: [32m'C:\\tmp\\test-routing'[39m }

[90mstderr[2m | src/__tests__/job-state-db.test.ts[2m > [22m[2mjob-state-db[2m > [22m[2mgetJobStats[2m > [22m[2mshould count both providers together
[22m[39m[job-state-db] DEPRECATED: closeJobDb() called without cwd. Use closeAllJobDbs() for explicit intent.

[90mstderr[2m | src/__tests__/job-state-db.test.ts[2m > [22m[2mjob-state-db[2m > [22m[2mgetJobStats[2m > [22m[2mshould return null when db is not initialized
[22m[39m[job-state-db] DEPRECATED: closeJobDb() called without cwd. Use closeAllJobDbs() for explicit intent.

[90mstderr[2m | src/hooks/__tests__/bridge-routing.test.ts[2m > [22m[2mprocessHook - Routing Matrix[2m > [22m[2minput normalization[2m > [22m[2mshould normalize tool_response to toolOutput
[22m[39m[worktree] non-git directory provided, falling back to process root { directory: [32m'C:\\tmp\\test-routing'[39m }

 [32m✓[39m src/team/__tests__/worker-health.test.ts [2m([22m[2m10 tests[22m[2m)[22m[33m 2974[2mms[22m[39m
       [33m[2m✓[22m[39m returns empty array when no workers registered [33m 325[2mms[22m[39m
       [33m[2m✓[22m[39m reports alive worker with fresh heartbeat [33m 358[2mms[22m[39m
       [33m[2m✓[22m[39m reports dead worker with stale heartbeat [33m 366[2mms[22m[39m
       [33m[2m✓[22m[39m counts task completions and failures from audit log [33m 385[2mms[22m[39m
[90mstderr[2m | src/__tests__/job-state-db.test.ts[2m > [22m[2mjob-state-db[2m > [22m[2mgetJobSummaryForPreCompact[2m > [22m[2mshould return empty string when no jobs
[22m[39m[job-state-db] DEPRECATED: using _lastCwd fallback. Pass cwd explicitly.
[job-state-db] DEPRECATED: using _lastCwd fallback. Pass cwd explicitly.
[job-state-db] DEPRECATED: using _lastCwd fallback. Pass cwd explicitly.
[job-state-db] DEPRECATED: using _lastCwd fallback. Pass cwd explicitly.

[90mstderr[2m | src/__tests__/job-state-db.test.ts[2m > [22m[2mjob-state-db[2m > [22m[2mgetJobSummaryForPreCompact[2m > [22m[2mshould return empty string when no jobs
[22m[39m[job-state-db] DEPRECATED: closeJobDb() called without cwd. Use closeAllJobDbs() for explicit intent.

[90mstderr[2m | src/__tests__/job-state-db.test.ts[2m > [22m[2mjob-state-db[2m > [22m[2mgetJobSummaryForPreCompact[2m > [22m[2mshould include active jobs
[22m[39m[job-state-db] DEPRECATED: using _lastCwd fallback. Pass cwd explicitly.
[job-state-db] DEPRECATED: using _lastCwd fallback. Pass cwd explicitly.
[job-state-db] DEPRECATED: using _lastCwd fallback. Pass cwd explicitly.
[job-state-db] DEPRECATED: using _lastCwd fallback. Pass cwd explicitly.
[job-state-db] DEPRECATED: using _lastCwd fallback. Pass cwd explicitly.

[90mstderr[2m | src/__tests__/job-state-db.test.ts[2m > [22m[2mjob-state-db[2m > [22m[2mgetJobSummaryForPreCompact[2m > [22m[2mshould include active jobs
[22m[39m[job-state-db] DEPRECATED: closeJobDb() called without cwd. Use closeAllJobDbs() for explicit intent.

[90mstderr[2m | src/__tests__/job-state-db.test.ts[2m > [22m[2mjob-state-db[2m > [22m[2mgetJobSummaryForPreCompact[2m > [22m[2mshould include recent completed jobs
[22m[39m[job-state-db] DEPRECATED: using _lastCwd fallback. Pass cwd explicitly.
[job-state-db] DEPRECATED: using _lastCwd fallback. Pass cwd explicitly.
[job-state-db] DEPRECATED: using _lastCwd fallback. Pass cwd explicitly.
[job-state-db] DEPRECATED: using _lastCwd fallback. Pass cwd explicitly.
[job-state-db] DEPRECATED: using _lastCwd fallback. Pass cwd explicitly.

[90mstderr[2m | src/__tests__/job-state-db.test.ts[2m > [22m[2mjob-state-db[2m > [22m[2mgetJobSummaryForPreCompact[2m > [22m[2mshould include recent completed jobs
[22m[39m[job-state-db] DEPRECATED: closeJobDb() called without cwd. Use closeAllJobDbs() for explicit intent.

[90mstderr[2m | src/__tests__/job-state-db.test.ts[2m > [22m[2mjob-state-db[2m > [22m[2mgetJobSummaryForPreCompact[2m > [22m[2mshould include job stats
[22m[39m[job-state-db] DEPRECATED: using _lastCwd fallback. Pass cwd explicitly.
[job-state-db] DEPRECATED: using _lastCwd fallback. Pass cwd explicitly.
[job-state-db] DEPRECATED: using _lastCwd fallback. Pass cwd explicitly.
[job-state-db] DEPRECATED: using _lastCwd fallback. Pass cwd explicitly.
[job-state-db] DEPRECATED: using _lastCwd fallback. Pass cwd explicitly.
[job-state-db] DEPRECATED: using _lastCwd fallback. Pass cwd explicitly.

[90mstderr[2m | src/__tests__/job-state-db.test.ts[2m > [22m[2mjob-state-db[2m > [22m[2mgetJobSummaryForPreCompact[2m > [22m[2mshould include job stats
[22m[39m[job-state-db] DEPRECATED: closeJobDb() called without cwd. Use closeAllJobDbs() for explicit intent.

[90mstderr[2m | src/__tests__/job-state-db.test.ts[2m > [22m[2mjob-state-db[2m > [22m[2mgetJobSummaryForPreCompact[2m > [22m[2mshould show elapsed time for active jobs
[22m[39m[job-state-db] DEPRECATED: using _lastCwd fallback. Pass cwd explicitly.
[job-state-db] DEPRECATED: using _lastCwd fallback. Pass cwd explicitly.
[job-state-db] DEPRECATED: using _lastCwd fallback. Pass cwd explicitly.
[job-state-db] DEPRECATED: using _lastCwd fallback. Pass cwd explicitly.
[job-state-db] DEPRECATED: using _lastCwd fallback. Pass cwd explicitly.

[90mstderr[2m | src/__tests__/job-state-db.test.ts[2m > [22m[2mjob-state-db[2m > [22m[2mgetJobSummaryForPreCompact[2m > [22m[2mshould show elapsed time for active jobs
[22m[39m[job-state-db] DEPRECATED: closeJobDb() called without cwd. Use closeAllJobDbs() for explicit intent.

[90mstderr[2m | src/hooks/__tests__/bridge-routing.test.ts[2m > [22m[2mprocessHook - Routing Matrix[2m > [22m[2minput normalization[2m > [22m[2mshould handle already-camelCase input without breaking
[22m[39m[worktree] non-git directory provided, falling back to process root { directory: [32m'C:\\tmp\\test-routing'[39m }

[90mstderr[2m | src/__tests__/job-state-db.test.ts[2m > [22m[2mjob-state-db[2m > [22m[2mgetJobSummaryForPreCompact[2m > [22m[2mshould show fallback information
[22m[39m[job-state-db] DEPRECATED: using _lastCwd fallback. Pass cwd explicitly.
[job-state-db] DEPRECATED: using _lastCwd fallback. Pass cwd explicitly.
[job-state-db] DEPRECATED: using _lastCwd fallback. Pass cwd explicitly.
[job-state-db] DEPRECATED: using _lastCwd fallback. Pass cwd explicitly.
[job-state-db] DEPRECATED: using _lastCwd fallback. Pass cwd explicitly.

[90mstderr[2m | src/__tests__/job-state-db.test.ts[2m > [22m[2mjob-state-db[2m > [22m[2mgetJobSummaryForPreCompact[2m > [22m[2mshould show fallback information
[22m[39m[job-state-db] DEPRECATED: closeJobDb() called without cwd. Use closeAllJobDbs() for explicit intent.

[90mstderr[2m | src/__tests__/job-state-db.test.ts[2m > [22m[2mjob-state-db[2m > [22m[2mgetJobSummaryForPreCompact[2m > [22m[2mshould show error messages
[22m[39m[job-state-db] DEPRECATED: using _lastCwd fallback. Pass cwd explicitly.
[job-state-db] DEPRECATED: using _lastCwd fallback. Pass cwd explicitly.
[job-state-db] DEPRECATED: using _lastCwd fallback. Pass cwd explicitly.
[job-state-db] DEPRECATED: using _lastCwd fallback. Pass cwd explicitly.
[job-state-db] DEPRECATED: using _lastCwd fallback. Pass cwd explicitly.

[90mstderr[2m | src/__tests__/job-state-db.test.ts[2m > [22m[2mjob-state-db[2m > [22m[2mgetJobSummaryForPreCompact[2m > [22m[2mshould show error messages
[22m[39m[job-state-db] DEPRECATED: closeJobDb() called without cwd. Use closeAllJobDbs() for explicit intent.

 [32m✓[39m src/hooks/autopilot/__tests__/validation.test.ts [2m([22m[2m47 tests[22m[2m)[22m[33m 2595[2mms[22m[39m
[90mstderr[2m | src/__tests__/job-state-db.test.ts[2m > [22m[2mjob-state-db[2m > [22m[2mgetJobSummaryForPreCompact[2m > [22m[2mshould truncate long error messages
[22m[39m[job-state-db] DEPRECATED: using _lastCwd fallback. Pass cwd explicitly.
[job-state-db] DEPRECATED: using _lastCwd fallback. Pass cwd explicitly.
[job-state-db] DEPRECATED: using _lastCwd fallback. Pass cwd explicitly.
[job-state-db] DEPRECATED: using _lastCwd fallback. Pass cwd explicitly.
[job-state-db] DEPRECATED: using _lastCwd fallback. Pass cwd explicitly.

[90mstderr[2m | src/__tests__/job-state-db.test.ts[2m > [22m[2mjob-state-db[2m > [22m[2mgetJobSummaryForPreCompact[2m > [22m[2mshould truncate long error messages
[22m[39m[job-state-db] DEPRECATED: closeJobDb() called without cwd. Use closeAllJobDbs() for explicit intent.

[90mstderr[2m | src/__tests__/job-state-db.test.ts[2m > [22m[2mjob-state-db[2m > [22m[2mgetJobSummaryForPreCompact[2m > [22m[2mshould limit recent jobs to 10
[22m[39m[job-state-db] DEPRECATED: using _lastCwd fallback. Pass cwd explicitly.
[job-state-db] DEPRECATED: using _lastCwd fallback. Pass cwd explicitly.
[job-state-db] DEPRECATED: using _lastCwd fallback. Pass cwd explicitly.
[job-state-db] DEPRECATED: using _lastCwd fallback. Pass cwd explicitly.
[job-state-db] DEPRECATED: using _lastCwd fallback. Pass cwd explicitly.
[job-state-db] DEPRECATED: using _lastCwd fallback. Pass cwd explicitly.
[job-state-db] DEPRECATED: using _lastCwd fallback. Pass cwd explicitly.
[job-state-db] DEPRECATED: using _lastCwd fallback. Pass cwd explicitly.
[job-state-db] DEPRECATED: using _lastCwd fallback. Pass cwd explicitly.
[job-state-db] DEPRECATED: using _lastCwd fallback. Pass cwd explicitly.
[job-state-db] DEPRECATED: using _lastCwd fallback. Pass cwd explicitly.
[job-state-db] DEPRECATED: using _lastCwd fallback. Pass cwd explicitly.
[job-state-db] DEPRECATED: using _lastCwd fallback. Pass cwd explicitly.
[job-state-db] DEPRECATED: using _lastCwd fallback. Pass cwd explicitly.
[job-state-db] DEPRECATED: using _lastCwd fallback. Pass cwd explicitly.
[job-state-db] DEPRECATED: using _lastCwd fallback. Pass cwd explicitly.
[job-state-db] DEPRECATED: using _lastCwd fallback. Pass cwd explicitly.
[job-state-db] DEPRECATED: using _lastCwd fallback. Pass cwd explicitly.
[job-state-db] DEPRECATED: using _lastCwd fallback. Pass cwd explicitly.

[90mstderr[2m | src/__tests__/job-state-db.test.ts[2m > [22m[2mjob-state-db[2m > [22m[2mgetJobSummaryForPreCompact[2m > [22m[2mshould limit recent jobs to 10
[22m[39m[job-state-db] DEPRECATED: closeJobDb() called without cwd. Use closeAllJobDbs() for explicit intent.

[90mstderr[2m | src/__tests__/job-state-db.test.ts[2m > [22m[2mjob-state-db[2m > [22m[2mgetJobSummaryForPreCompact[2m > [22m[2mshould only show recent jobs from last hour
[22m[39m[job-state-db] DEPRECATED: using _lastCwd fallback. Pass cwd explicitly.
[job-state-db] DEPRECATED: using _lastCwd fallback. Pass cwd explicitly.
[job-state-db] DEPRECATED: using _lastCwd fallback. Pass cwd explicitly.
[job-state-db] DEPRECATED: using _lastCwd fallback. Pass cwd explicitly.
[job-state-db] DEPRECATED: using _lastCwd fallback. Pass cwd explicitly.
[job-state-db] DEPRECATED: using _lastCwd fallback. Pass cwd explicitly.

[90mstderr[2m | src/__tests__/job-state-db.test.ts[2m > [22m[2mjob-state-db[2m > [22m[2mgetJobSummaryForPreCompact[2m > [22m[2mshould only show recent jobs from last hour
[22m[39m[job-state-db] DEPRECATED: closeJobDb() called without cwd. Use closeAllJobDbs() for explicit intent.

 [32m✓[39m src/team/__tests__/worker-restart.test.ts [2m([22m[2m12 tests[22m[2m)[22m[33m 3376[2mms[22m[39m
       [33m[2m✓[22m[39m returns base backoff for first restart [33m 357[2mms[22m[39m
       [33m[2m✓[22m[39m returns exponential backoff values [33m 320[2mms[22m[39m
       [33m[2m✓[22m[39m caps backoff at backoffMaxMs [33m 356[2mms[22m[39m
       [33m[2m✓[22m[39m returns null after max restarts [33m 350[2mms[22m[39m
[90mstderr[2m | src/__tests__/job-state-db.test.ts[2m > [22m[2mjob-state-db[2m > [22m[2mgetJobSummaryForPreCompact[2m > [22m[2mshould show both codex and gemini jobs
[22m[39m[job-state-db] DEPRECATED: using _lastCwd fallback. Pass cwd explicitly.
[job-state-db] DEPRECATED: using _lastCwd fallback. Pass cwd explicitly.
[job-state-db] DEPRECATED: using _lastCwd fallback. Pass cwd explicitly.
[job-state-db] DEPRECATED: using _lastCwd fallback. Pass cwd explicitly.
[job-state-db] DEPRECATED: using _lastCwd fallback. Pass cwd explicitly.
[job-state-db] DEPRECATED: using _lastCwd fallback. Pass cwd explicitly.

[90mstderr[2m | src/__tests__/job-state-db.test.ts[2m > [22m[2mjob-state-db[2m > [22m[2mgetJobSummaryForPreCompact[2m > [22m[2mshould show both codex and gemini jobs
[22m[39m[job-state-db] DEPRECATED: closeJobDb() called without cwd. Use closeAllJobDbs() for explicit intent.

[90mstderr[2m | src/__tests__/job-state-db.test.ts[2m > [22m[2mjob-state-db[2m > [22m[2mgetJobSummaryForPreCompact[2m > [22m[2mshould return empty string when db is not initialized
[22m[39m[job-state-db] DEPRECATED: closeJobDb() called without cwd. Use closeAllJobDbs() for explicit intent.

 [32m✓[39m src/__tests__/job-state-db.test.ts [2m([22m[2m74 tests[22m[2m)[22m[33m 3759[2mms[22m[39m
[90mstdout[2m | tests/reliability/retry-manager.test.ts[2m > [22m[2mRetryManager[2m > [22m[2mshould use default options
[22m[39m[RetryManager] Attempt 3 failed: fail
[RetryManager] Retrying in 4000ms...

 [32m✓[39m src/notifications/__tests__/session-registry.test.ts [2m([22m[2m20 tests[22m[2m)[22m[33m 3961[2mms[22m[39m
       [33m[2m✓[22m[39m does not drop writes under contention (eventually appends) [33m 604[2mms[22m[39m
       [33m[2m✓[22m[39m retries across lock-timeout windows and eventually appends [33m 2405[2mms[22m[39m
       [33m[2m✓[22m[39m does not reap stale lock when owner pid is still alive [33m 622[2mms[22m[39m
[90mstderr[2m | src/hooks/__tests__/bridge-routing.test.ts[2m > [22m[2mprocessHook - Routing Matrix[2m > [22m[2mcamelCase validation after normalization[2m > [22m[2m"pre-compact" should pass validation with camelCase input (post-normalization)
[22m[39m[job-state-db] DEPRECATED: using _lastCwd fallback. Pass cwd explicitly.
[job-state-db] DEPRECATED: using _lastCwd fallback. Pass cwd explicitly.
[job-state-db] DEPRECATED: using _lastCwd fallback. Pass cwd explicitly.

[90mstderr[2m | src/mcp/client/__tests__/MCPClient.test.ts[2m > [22m[2mMCPClient[2m > [22m[2mconnect[2m > [22m[2mshould fail after 3 retry attempts
[22m[39mConnection attempt 2/3 failed: Error: Connection failed
    at C:/Users/ljyih/Desktop/ultrapower/src/mcp/client/__tests__/MCPClient.test.ts:118:44
    at [90mfile:///C:/Users/ljyih/Desktop/ultrapower/[39mnode_modules/[4m@vitest/runner[24m/dist/index.js:145:11
    at [90mfile:///C:/Users/ljyih/Desktop/ultrapower/[39mnode_modules/[4m@vitest/runner[24m/dist/index.js:915:26
    at [90mfile:///C:/Users/ljyih/Desktop/ultrapower/[39mnode_modules/[4m@vitest/runner[24m/dist/index.js:1243:20
    at new Promise (<anonymous>)
    at runWithTimeout [90m(file:///C:/Users/ljyih/Desktop/ultrapower/[39mnode_modules/[4m@vitest/runner[24m/dist/index.js:1209:10[90m)[39m
    at [90mfile:///C:/Users/ljyih/Desktop/ultrapower/[39mnode_modules/[4m@vitest/runner[24m/dist/index.js:1653:37
    at Traces.$ [90m(file:///C:/Users/ljyih/Desktop/ultrapower/[39mnode_modules/[4mvitest[24m/dist/chunks/traces.CCmnQaNT.js:142:27[90m)[39m
    at trace [90m(file:///C:/Users/ljyih/Desktop/ultrapower/[39mnode_modules/[4mvitest[24m/dist/chunks/test.B8ej_ZHS.js:239:21[90m)[39m
    at runTest [90m(file:///C:/Users/ljyih/Desktop/ultrapower/[39mnode_modules/[4m@vitest/runner[24m/dist/index.js:1653:12[90m)[39m

 [31m❯[39m src/hooks/__tests__/bridge-routing.test.ts [2m([22m[2m60 tests[22m[2m | [22m[31m1 failed[39m[2m | [22m[33m1 skipped[39m[2m)[22m[33m 4118[2mms[22m[39m
       [32m✓[39m should route "keyword-detector" and return a valid HookOutput[32m 121[2mms[22m[39m
       [32m✓[39m should route "stop-continuation" and return a valid HookOutput[32m 34[2mms[22m[39m
       [32m✓[39m should route "ralph" and return a valid HookOutput[32m 255[2mms[22m[39m
       [32m✓[39m should route "persistent-mode" and return a valid HookOutput[32m 119[2mms[22m[39m
       [32m✓[39m should route "session-start" and return a valid HookOutput[32m 140[2mms[22m[39m
       [33m[2m✓[22m[39m should route "session-end" and return a valid HookOutput [33m 754[2mms[22m[39m
       [33m[2m✓[22m[39m should route "pre-tool-use" and return a valid HookOutput [33m 635[2mms[22m[39m
       [32m✓[39m should route "post-tool-use" and return a valid HookOutput[32m 55[2mms[22m[39m
       [32m✓[39m should route "autopilot" and return a valid HookOutput[32m 58[2mms[22m[39m
       [32m✓[39m should route "subagent-start" and return a valid HookOutput[32m 7[2mms[22m[39m
       [32m✓[39m should route "subagent-stop" and return a valid HookOutput[32m 7[2mms[22m[39m
       [32m✓[39m should route "pre-compact" and return a valid HookOutput[32m 95[2mms[22m[39m
       [32m✓[39m should route "setup-init" and return a valid HookOutput[32m 102[2mms[22m[39m
       [32m✓[39m should route "setup-maintenance" and return a valid HookOutput[32m 5[2mms[22m[39m
       [32m✓[39m should route "permission-request" and return a valid HookOutput[32m 7[2mms[22m[39m
[31m       [31m×[31m should handle keyword-detector with a keyword prompt[39m[32m 8[2mms[22m[39m
       [32m✓[39m should handle keyword-detector with no keyword prompt[32m 3[2mms[22m[39m
       [32m✓[39m should handle pre-tool-use with Bash tool input[32m 44[2mms[22m[39m
       [32m✓[39m should handle post-tool-use with tool output[32m 50[2mms[22m[39m
       [2m[90m↓[39m[22m should activate ralph and linked ultrawork when Skill tool invokes ralph
       [32m✓[39m should handle session-start and return continue:true[32m 53[2mms[22m[39m
       [32m✓[39m should handle stop-continuation and always return continue:true[32m 1[2mms[22m[39m
       [32m✓[39m should return continue:true for unknown hook type[32m 3[2mms[22m[39m
       [32m✓[39m should return continue:true for empty string hook type[32m 1[2mms[22m[39m
       [32m✓[39m should normalize snake_case tool_name to camelCase toolName[32m 56[2mms[22m[39m
       [32m✓[39m should normalize cwd to directory[32m 2[2mms[22m[39m
       [32m✓[39m should normalize tool_response to toolOutput[32m 46[2mms[22m[39m
       [32m✓[39m should handle already-camelCase input without breaking[32m 211[2mms[22m[39m
       [32m✓[39m should handle empty/null input gracefully[32m 1[2mms[22m[39m
       [32m✓[39m should handle null input without crashing[32m 2[2mms[22m[39m
       [32m✓[39m should skip a specific hook type when listed[32m 2[2mms[22m[39m
       [32m✓[39m should not skip hooks not in the list[32m 1[2mms[22m[39m
       [32m✓[39m should skip multiple comma-separated hooks[32m 2[2mms[22m[39m
       [32m✓[39m should handle whitespace around hook names[32m 2[2mms[22m[39m
       [32m✓[39m should process normally with empty OMC_SKIP_HOOKS[32m 2[2mms[22m[39m
       [32m✓[39m should return continue:true for all hooks when DISABLE_OMC=1[32m 1[2mms[22m[39m
       [32m✓[39m should return continue:true when DISABLE_OMC=true[32m 1[2mms[22m[39m
       [32m✓[39m should process normally when DISABLE_OMC=false[32m 2[2mms[22m[39m
       [32m✓[39m DISABLE_OMC takes precedence over OMC_SKIP_HOOKS[32m 2[2mms[22m[39m
       [32m✓[39m should catch errors and return continue:true[32m 8[2mms[22m[39m
       [33m[2m✓[22m[39m "session-end" should pass validation with camelCase input (post-normalization) [33m 519[2mms[22m[39m
       [32m✓[39m "subagent-start" should pass validation with camelCase input (post-normalization)[32m 7[2mms[22m[39m
       [32m✓[39m "subagent-stop" should pass validation with camelCase input (post-normalization)[32m 6[2mms[22m[39m
       [32m✓[39m "pre-compact" should pass validation with camelCase input (post-normalization)[32m 20[2mms[22m[39m
       [32m✓[39m "setup-init" should pass validation with camelCase input (post-normalization)[32m 4[2mms[22m[39m
       [32m✓[39m "setup-maintenance" should pass validation with camelCase input (post-normalization)[32m 3[2mms[22m[39m
       [32m✓[39m "permission-request" should pass validation with camelCase input including toolName[32m 3[2mms[22m[39m
       [32m✓[39m should fail validation when required camelCase keys are missing[32m 7[2mms[22m[39m
       [33m[2m✓[22m[39m snake_case input should be normalized and pass validation [33m 620[2mms[22m[39m
       [32m✓[39m should return camelCase keys for session-end[32m 1[2mms[22m[39m
       [32m✓[39m should return camelCase keys for subagent-start[32m 2[2mms[22m[39m
       [32m✓[39m should return camelCase keys for subagent-stop[32m 2[2mms[22m[39m
       [32m✓[39m should return camelCase keys for pre-compact[32m 2[2mms[22m[39m
       [32m✓[39m should return camelCase keys for setup-init[32m 2[2mms[22m[39m
       [32m✓[39m should return camelCase keys for setup-maintenance[32m 1[2mms[22m[39m
       [32m✓[39m should return camelCase keys with toolName for permission-request[32m 1[2mms[22m[39m
       [32m✓[39m should return empty array for unknown hook type[32m 1[2mms[22m[39m
       [32m✓[39m should pass sessionId to readAutopilotState for session isolation[32m 5[2mms[22m[39m
       [32m✓[39m should handle autopilot without sessionId gracefully[32m 6[2mms[22m[39m
       [32m✓[39m should return continue:true for completely unknown hook type[32m 1[2mms[22m[39m
[90mstderr[2m | src/hooks/session-end/__tests__/session-end-bridge-cleanup.test.ts[2m > [22m[2mprocessSessionEnd python bridge cleanup[2m > [22m[2mpasses extracted python_repl sessions to cleanupBridgeSessions
[22m[39m[worktree] non-git directory provided, falling back to process root {
  directory: [32m'C:\\Users\\ljyih\\AppData\\Local\\Temp\\omc-session-end-bridge-U92keL'[39m
}

[90mstderr[2m | src/hooks/session-end/__tests__/session-end-bridge-cleanup.test.ts[2m > [22m[2mprocessSessionEnd python bridge cleanup[2m > [22m[2mpasses extracted python_repl sessions to cleanupBridgeSessions
[22m[39m[worktree] non-git directory provided, falling back to process root {
  directory: [32m'C:\\Users\\ljyih\\AppData\\Local\\Temp\\omc-session-end-bridge-U92keL'[39m
}

 [32m✓[39m src/hooks/session-end/__tests__/nexus-integration.test.ts [2m([22m[2m1 test[22m[2m)[22m[33m 5174[2mms[22m[39m
     [33m[2m✓[22m[39m processSessionEnd completes without throwing when nexus enabled [33m 5171[2mms[22m[39m
 [32m✓[39m src/hooks/autopilot/__tests__/cancel.test.ts [2m([22m[2m55 tests[22m[2m)[22m[33m 1684[2mms[22m[39m
[90mstderr[2m | src/hooks/__tests__/priority-chain.test.ts[2m > [22m[2mHook Priority Chain[2m > [22m[2mAll 15 HookTypes Coverage[2m > [22m[2mshould process all 15 HookTypes without errors
[22m[39m[worktree] non-git directory provided, falling back to process root {
  directory: [32m'C:\\Users\\ljyih\\AppData\\Local\\Temp\\hook-priority-test-1773139578175'[39m
}

[90mstderr[2m | src/hooks/__tests__/priority-chain.test.ts[2m > [22m[2mHook Priority Chain[2m > [22m[2mAll 15 HookTypes Coverage[2m > [22m[2mshould process all 15 HookTypes without errors
[22m[39m[worktree] non-git directory provided, falling back to process root {
  directory: [32m'C:\\Users\\ljyih\\AppData\\Local\\Temp\\hook-priority-test-1773139578175'[39m
}

 [32m✓[39m src/tools/diagnostics/__tests__/lsp-aggregator.test.ts [2m([22m[2m7 tests[22m[2m)[22m[33m 1862[2mms[22m[39m
       [33m[2m✓[22m[39m finds and checks TypeScript files [33m 315[2mms[22m[39m
       [33m[2m✓[22m[39m aggregates diagnostics from multiple files [33m 617[2mms[22m[39m
       [33m[2m✓[22m[39m skips ignored directories [33m 304[2mms[22m[39m
       [33m[2m✓[22m[39m continues on LSP client errors [33m 305[2mms[22m[39m
       [33m[2m✓[22m[39m filters files by extensions [33m 311[2mms[22m[39m
[90mstderr[2m | src/hooks/__tests__/priority-chain.test.ts[2m > [22m[2mHook Priority Chain[2m > [22m[2mAll 15 HookTypes Coverage[2m > [22m[2mshould process all 15 HookTypes without errors
[22m[39m[job-state-db] DEPRECATED: using _lastCwd fallback. Pass cwd explicitly.
[job-state-db] DEPRECATED: using _lastCwd fallback. Pass cwd explicitly.
[job-state-db] DEPRECATED: using _lastCwd fallback. Pass cwd explicitly.

[90mstderr[2m | src/hooks/__tests__/priority-chain.test.ts[2m > [22m[2mHook Priority Chain[2m > [22m[2mHook Execution Order Validation[2m > [22m[2mshould execute hooks in priority order during Stop phase
[22m[39m[worktree] non-git directory provided, falling back to process root {
  directory: [32m'C:\\Users\\ljyih\\AppData\\Local\\Temp\\hook-priority-test-1773139581700'[39m
}

[90mstderr[2m | src/hooks/__tests__/priority-chain.test.ts[2m > [22m[2mHook Priority Chain[2m > [22m[2mHook Execution Order Validation[2m > [22m[2mshould execute hooks in priority order during Stop phase
[22m[39m[worktree] non-git directory provided, falling back to process root {
  directory: [32m'C:\\Users\\ljyih\\AppData\\Local\\Temp\\hook-priority-test-1773139581700'[39m
}

[90mstderr[2m | src/hooks/__tests__/priority-chain.test.ts[2m > [22m[2mHook Priority Chain[2m > [22m[2mHook Timeout Handling[2m > [22m[2mshould handle pre-tool-use timeout (5s default)
[22m[39m[worktree] non-git directory provided, falling back to process root {
  directory: [32m'C:\\Users\\ljyih\\AppData\\Local\\Temp\\hook-priority-test-1773139581821'[39m
}

[90mstderr[2m | src/hooks/__tests__/priority-chain.test.ts[2m > [22m[2mHook Priority Chain[2m > [22m[2mHook Timeout Handling[2m > [22m[2mshould handle post-tool-use timeout (5s default)
[22m[39m[worktree] non-git directory provided, falling back to process root {
  directory: [32m'C:\\Users\\ljyih\\AppData\\Local\\Temp\\hook-priority-test-1773139581882'[39m
}

[90mstderr[2m | src/mcp/client/__tests__/MCPClient.test.ts[2m > [22m[2mMCPClient[2m > [22m[2mconnect[2m > [22m[2mshould fail after 3 retry attempts
[22m[39mConnection attempt 3/3 failed: Error: Connection failed
    at C:/Users/ljyih/Desktop/ultrapower/src/mcp/client/__tests__/MCPClient.test.ts:118:44
    at [90mfile:///C:/Users/ljyih/Desktop/ultrapower/[39mnode_modules/[4m@vitest/runner[24m/dist/index.js:145:11
    at [90mfile:///C:/Users/ljyih/Desktop/ultrapower/[39mnode_modules/[4m@vitest/runner[24m/dist/index.js:915:26
    at [90mfile:///C:/Users/ljyih/Desktop/ultrapower/[39mnode_modules/[4m@vitest/runner[24m/dist/index.js:1243:20
    at new Promise (<anonymous>)
    at runWithTimeout [90m(file:///C:/Users/ljyih/Desktop/ultrapower/[39mnode_modules/[4m@vitest/runner[24m/dist/index.js:1209:10[90m)[39m
    at [90mfile:///C:/Users/ljyih/Desktop/ultrapower/[39mnode_modules/[4m@vitest/runner[24m/dist/index.js:1653:37
    at Traces.$ [90m(file:///C:/Users/ljyih/Desktop/ultrapower/[39mnode_modules/[4mvitest[24m/dist/chunks/traces.CCmnQaNT.js:142:27[90m)[39m
    at trace [90m(file:///C:/Users/ljyih/Desktop/ultrapower/[39mnode_modules/[4mvitest[24m/dist/chunks/test.B8ej_ZHS.js:239:21[90m)[39m
    at runTest [90m(file:///C:/Users/ljyih/Desktop/ultrapower/[39mnode_modules/[4m@vitest/runner[24m/dist/index.js:1653:12[90m)[39m

[90mstderr[2m | src/mcp/client/__tests__/MCPClient.test.ts[2m > [22m[2mMCPClient[2m > [22m[2mconnect[2m > [22m[2mshould cleanup on connection failure
[22m[39mConnection attempt 1/3 failed: Error: Connection failed
    at C:/Users/ljyih/Desktop/ultrapower/src/mcp/client/__tests__/MCPClient.test.ts:129:44
    at [90mfile:///C:/Users/ljyih/Desktop/ultrapower/[39mnode_modules/[4m@vitest/runner[24m/dist/index.js:145:11
    at [90mfile:///C:/Users/ljyih/Desktop/ultrapower/[39mnode_modules/[4m@vitest/runner[24m/dist/index.js:915:26
    at [90mfile:///C:/Users/ljyih/Desktop/ultrapower/[39mnode_modules/[4m@vitest/runner[24m/dist/index.js:1243:20
    at new Promise (<anonymous>)
    at runWithTimeout [90m(file:///C:/Users/ljyih/Desktop/ultrapower/[39mnode_modules/[4m@vitest/runner[24m/dist/index.js:1209:10[90m)[39m
    at [90mfile:///C:/Users/ljyih/Desktop/ultrapower/[39mnode_modules/[4m@vitest/runner[24m/dist/index.js:1653:37
    at Traces.$ [90m(file:///C:/Users/ljyih/Desktop/ultrapower/[39mnode_modules/[4mvitest[24m/dist/chunks/traces.CCmnQaNT.js:142:27[90m)[39m
    at trace [90m(file:///C:/Users/ljyih/Desktop/ultrapower/[39mnode_modules/[4mvitest[24m/dist/chunks/test.B8ej_ZHS.js:239:21[90m)[39m
    at runTest [90m(file:///C:/Users/ljyih/Desktop/ultrapower/[39mnode_modules/[4m@vitest/runner[24m/dist/index.js:1653:12[90m)[39m

 [32m✓[39m src/__tests__/consensus-execution-handoff.test.ts [2m([22m[2m16 tests[22m[2m)[22m[33m 528[2mms[22m[39m
[90mstderr[2m | src/hooks/__tests__/priority-chain.test.ts[2m > [22m[2mHook Priority Chain[2m > [22m[2mHook Mutual Exclusion[2m > [22m[2mshould respect Stop phase mutual exclusion (high priority blocks low)
[22m[39m[worktree] non-git directory provided, falling back to process root {
  directory: [32m'C:\\Users\\ljyih\\AppData\\Local\\Temp\\hook-priority-test-1773139581953'[39m
}

 [32m✓[39m src/hooks/autopilot/__tests__/enforcement.test.ts [2m([22m[2m14 tests[22m[2m)[22m[33m 1877[2mms[22m[39m
[90mstderr[2m | src/hooks/__tests__/priority-chain.test.ts[2m > [22m[2mHook Priority Chain[2m > [22m[2mSession Lifecycle Hooks[2m > [22m[2mshould handle session-start hook
[22m[39m[worktree] non-git directory provided, falling back to process root {
  directory: [32m'C:\\Users\\ljyih\\AppData\\Local\\Temp\\hook-priority-test-1773139582011'[39m
}

[90mstderr[2m | src/hooks/__tests__/priority-chain.test.ts[2m > [22m[2mHook Priority Chain[2m > [22m[2mSession Lifecycle Hooks[2m > [22m[2mshould handle pre-compact hook
[22m[39m[job-state-db] DEPRECATED: using _lastCwd fallback. Pass cwd explicitly.
[job-state-db] DEPRECATED: using _lastCwd fallback. Pass cwd explicitly.
[job-state-db] DEPRECATED: using _lastCwd fallback. Pass cwd explicitly.

 [32m✓[39m src/hooks/__tests__/priority-chain.test.ts [2m([22m[2m24 tests[22m[2m)[22m[33m 5780[2mms[22m[39m
       [33m[2m✓[22m[39m should prioritize ralph over autopilot [33m 464[2mms[22m[39m
       [33m[2m✓[22m[39m should execute cleanup in correct order [33m 477[2mms[22m[39m
       [33m[2m✓[22m[39m should handle tool-error hook [33m 572[2mms[22m[39m
       [33m[2m✓[22m[39m should process all 15 HookTypes without errors [33m 3524[2mms[22m[39m
 [32m✓[39m src/hooks/autopilot/__tests__/transitions.test.ts [2m([22m[2m28 tests[22m[2m)[22m[33m 1228[2mms[22m[39m
 [32m✓[39m src/hooks/persistent-mode/__tests__/error-handling.test.ts [2m([22m[2m4 tests[22m[2m)[22m[33m 661[2mms[22m[39m
[task-file-ops] WARN: could not acquire lock for task 1, updating without lock
[90mstderr[2m | src/mcp/client/__tests__/MCPClient.test.ts[2m > [22m[2mMCPClient[2m > [22m[2mconnect[2m > [22m[2mshould cleanup on connection failure
[22m[39mConnection attempt 2/3 failed: Error: Connection failed
    at C:/Users/ljyih/Desktop/ultrapower/src/mcp/client/__tests__/MCPClient.test.ts:129:44
    at [90mfile:///C:/Users/ljyih/Desktop/ultrapower/[39mnode_modules/[4m@vitest/runner[24m/dist/index.js:145:11
    at [90mfile:///C:/Users/ljyih/Desktop/ultrapower/[39mnode_modules/[4m@vitest/runner[24m/dist/index.js:915:26
    at [90mfile:///C:/Users/ljyih/Desktop/ultrapower/[39mnode_modules/[4m@vitest/runner[24m/dist/index.js:1243:20
    at new Promise (<anonymous>)
    at runWithTimeout [90m(file:///C:/Users/ljyih/Desktop/ultrapower/[39mnode_modules/[4m@vitest/runner[24m/dist/index.js:1209:10[90m)[39m
    at [90mfile:///C:/Users/ljyih/Desktop/ultrapower/[39mnode_modules/[4m@vitest/runner[24m/dist/index.js:1653:37
    at Traces.$ [90m(file:///C:/Users/ljyih/Desktop/ultrapower/[39mnode_modules/[4mvitest[24m/dist/chunks/traces.CCmnQaNT.js:142:27[90m)[39m
    at trace [90m(file:///C:/Users/ljyih/Desktop/ultrapower/[39mnode_modules/[4mvitest[24m/dist/chunks/test.B8ej_ZHS.js:239:21[90m)[39m
    at runTest [90m(file:///C:/Users/ljyih/Desktop/ultrapower/[39mnode_modules/[4m@vitest/runner[24m/dist/index.js:1653:12[90m)[39m

 [31m❯[39m src/hooks/ultrawork/session-isolation.test.ts [2m([22m[2m28 tests[22m[2m | [22m[31m1 failed[39m[2m)[22m[33m 710[2mms[22m[39m
       [32m✓[39m should store session_id when provided[32m 38[2mms[22m[39m
       [32m✓[39m should set session_id to undefined when not provided[32m 19[2mms[22m[39m
       [32m✓[39m should initialize reinforcement_count to 0[32m 23[2mms[22m[39m
       [32m✓[39m should set started_at and last_checked_at timestamps[32m 24[2mms[22m[39m
       [32m✓[39m should return true when session IDs match[32m 25[2mms[22m[39m
       [32m✓[39m should return false when session IDs do not match[32m 23[2mms[22m[39m
       [32m✓[39m should return false when state has session_id but caller does not provide one[32m 19[2mms[22m[39m
       [32m✓[39m should return false when caller provides session_id but state does not have one[32m 17[2mms[22m[39m
       [32m✓[39m should return false when both state and caller have undefined session_id (Bug #5 fix)[32m 18[2mms[22m[39m
       [32m✓[39m should return false when ultrawork is not active[32m 19[2mms[22m[39m
       [32m✓[39m should return false when no state file exists[32m 2[2mms[22m[39m
       [32m✓[39m should prevent Session B from reinforcing Session A's ultrawork[32m 23[2mms[22m[39m
       [32m✓[39m should allow Session A to reinforce its own ultrawork multiple times[32m 51[2mms[22m[39m
       [32m✓[39m should prevent reinforcement after session ID change[32m 35[2mms[22m[39m
       [32m✓[39m should allow new session to activate after deactivation[32m 37[2mms[22m[39m
       [32m✓[39m should reject empty string and undefined session IDs for isolation safety[32m 18[2mms[22m[39m
       [32m✓[39m should preserve session_id through reinforcement cycles[32m 90[2mms[22m[39m
       [32m✓[39m should handle rapid session switches correctly[32m 50[2mms[22m[39m
       [32m✓[39m should preserve session_id when linked to ralph[32m 19[2mms[22m[39m
       [32m✓[39m should maintain session isolation regardless of ralph link status[32m 11[2mms[22m[39m
       [32m✓[39m should maintain consistent state across multiple reads[32m 21[2mms[22m[39m
       [32m✓[39m should update last_checked_at on reinforcement without changing session_id[32m 18[2mms[22m[39m
       [32m✓[39m readUltraworkState with sessionId returns null when only legacy file exists[32m 5[2mms[22m[39m
       [32m✓[39m readUltraworkState with sessionId rejects mismatched session_id in session file[32m 6[2mms[22m[39m
       [32m✓[39m should clean up legacy file with matching session_id on deactivate[32m 21[2mms[22m[39m
       [32m✓[39m should clean up legacy file with no session_id (orphaned)[32m 35[2mms[22m[39m
[31m       [31m×[31m should NOT clean up legacy file belonging to another session[39m[32m 19[2mms[22m[39m
       [32m✓[39m should work correctly when no legacy file exists[32m 18[2mms[22m[39m
 [32m✓[39m src/team/__tests__/task-file-ops.test.ts [2m([22m[2m45 tests[22m[2m)[22m[33m 648[2mms[22m[39m
 [32m✓[39m src/hooks/project-memory/__tests__/detector.test.ts [2m([22m[2m6 tests[22m[2m)[22m[33m 596[2mms[22m[39m
[90mstderr[2m | src/__tests__/job-management-sqlite.test.ts[2m > [22m[2mjob-management SQLite integration[2m > [22m[2mhandleCheckJobStatus - SQLite path[2m > [22m[2mreturns job data from SQLite when no JSON file exists
[22m[39m[job-state-db] DEPRECATED: using _lastCwd fallback. Pass cwd explicitly.

[90mstderr[2m | src/__tests__/job-management-sqlite.test.ts[2m > [22m[2mjob-management SQLite integration[2m > [22m[2mhandleCheckJobStatus - SQLite path[2m > [22m[2mreturns job data from SQLite when no JSON file exists
[22m[39m[job-state-db] DEPRECATED: using _lastCwd fallback. Pass cwd explicitly.

[90mstderr[2m | src/__tests__/job-management-sqlite.test.ts[2m > [22m[2mjob-management SQLite integration[2m > [22m[2mhandleCheckJobStatus - SQLite path[2m > [22m[2mreturns job data from SQLite when no JSON file exists
[22m[39m[job-state-db] DEPRECATED: closeJobDb() called without cwd. Use closeAllJobDbs() for explicit intent.

[90mstderr[2m | src/__tests__/job-management-sqlite.test.ts[2m > [22m[2mjob-management SQLite integration[2m > [22m[2mhandleCheckJobStatus - SQLite path[2m > [22m[2mreturns error when job not found in SQLite or JSON
[22m[39m[job-state-db] DEPRECATED: using _lastCwd fallback. Pass cwd explicitly.

[90mstderr[2m | src/__tests__/job-management-sqlite.test.ts[2m > [22m[2mjob-management SQLite integration[2m > [22m[2mhandleCheckJobStatus - SQLite path[2m > [22m[2mreturns error when job not found in SQLite or JSON
[22m[39m[job-state-db] DEPRECATED: closeJobDb() called without cwd. Use closeAllJobDbs() for explicit intent.

[90mstderr[2m | src/__tests__/job-management-sqlite.test.ts[2m > [22m[2mjob-management SQLite integration[2m > [22m[2mhandleCheckJobStatus - SQLite path[2m > [22m[2mshows fallback metadata when present
[22m[39m[job-state-db] DEPRECATED: using _lastCwd fallback. Pass cwd explicitly.

[90mstderr[2m | src/__tests__/job-management-sqlite.test.ts[2m > [22m[2mjob-management SQLite integration[2m > [22m[2mhandleCheckJobStatus - SQLite path[2m > [22m[2mshows fallback metadata when present
[22m[39m[job-state-db] DEPRECATED: using _lastCwd fallback. Pass cwd explicitly.

[90mstderr[2m | src/__tests__/job-management-sqlite.test.ts[2m > [22m[2mjob-management SQLite integration[2m > [22m[2mhandleCheckJobStatus - SQLite path[2m > [22m[2mshows fallback metadata when present
[22m[39m[job-state-db] DEPRECATED: closeJobDb() called without cwd. Use closeAllJobDbs() for explicit intent.

[90mstderr[2m | src/__tests__/job-management-sqlite.test.ts[2m > [22m[2mjob-management SQLite integration[2m > [22m[2mhandleListJobs - SQLite path[2m > [22m[2mlists active jobs from SQLite
[22m[39m[job-state-db] DEPRECATED: using _lastCwd fallback. Pass cwd explicitly.
[job-state-db] DEPRECATED: using _lastCwd fallback. Pass cwd explicitly.

[90mstderr[2m | src/__tests__/job-management-sqlite.test.ts[2m > [22m[2mjob-management SQLite integration[2m > [22m[2mhandleListJobs - SQLite path[2m > [22m[2mlists active jobs from SQLite
[22m[39m[job-state-db] DEPRECATED: using _lastCwd fallback. Pass cwd explicitly.

[90mstderr[2m | src/__tests__/job-management-sqlite.test.ts[2m > [22m[2mjob-management SQLite integration[2m > [22m[2mhandleListJobs - SQLite path[2m > [22m[2mlists active jobs from SQLite
[22m[39m[job-state-db] DEPRECATED: closeJobDb() called without cwd. Use closeAllJobDbs() for explicit intent.

[90mstderr[2m | src/__tests__/job-management-sqlite.test.ts[2m > [22m[2mjob-management SQLite integration[2m > [22m[2mhandleListJobs - SQLite path[2m > [22m[2mlists completed jobs from SQLite
[22m[39m[job-state-db] DEPRECATED: using _lastCwd fallback. Pass cwd explicitly.
[job-state-db] DEPRECATED: using _lastCwd fallback. Pass cwd explicitly.
[job-state-db] DEPRECATED: using _lastCwd fallback. Pass cwd explicitly.

[90mstderr[2m | src/__tests__/job-management-sqlite.test.ts[2m > [22m[2mjob-management SQLite integration[2m > [22m[2mhandleListJobs - SQLite path[2m > [22m[2mlists completed jobs from SQLite
[22m[39m[job-state-db] DEPRECATED: using _lastCwd fallback. Pass cwd explicitly.

[90mstderr[2m | src/__tests__/job-management-sqlite.test.ts[2m > [22m[2mjob-management SQLite integration[2m > [22m[2mhandleListJobs - SQLite path[2m > [22m[2mlists completed jobs from SQLite
[22m[39m[job-state-db] DEPRECATED: closeJobDb() called without cwd. Use closeAllJobDbs() for explicit intent.

[90mstderr[2m | src/__tests__/job-management-sqlite.test.ts[2m > [22m[2mjob-management SQLite integration[2m > [22m[2mhandleListJobs - SQLite path[2m > [22m[2mlists failed and timeout jobs under failed filter
[22m[39m[job-state-db] DEPRECATED: using _lastCwd fallback. Pass cwd explicitly.
[job-state-db] DEPRECATED: using _lastCwd fallback. Pass cwd explicitly.

[90mstderr[2m | src/__tests__/job-management-sqlite.test.ts[2m > [22m[2mjob-management SQLite integration[2m > [22m[2mhandleListJobs - SQLite path[2m > [22m[2mlists failed and timeout jobs under failed filter
[22m[39m[job-state-db] DEPRECATED: using _lastCwd fallback. Pass cwd explicitly.
[job-state-db] DEPRECATED: using _lastCwd fallback. Pass cwd explicitly.

[90mstderr[2m | src/__tests__/job-management-sqlite.test.ts[2m > [22m[2mjob-management SQLite integration[2m > [22m[2mhandleListJobs - SQLite path[2m > [22m[2mlists failed and timeout jobs under failed filter
[22m[39m[job-state-db] DEPRECATED: closeJobDb() called without cwd. Use closeAllJobDbs() for explicit intent.

[90mstdout[2m | tests/reliability/retry-manager.test.ts[2m > [22m[2mRetryManager[2m > [22m[2mshould use default options
[22m[39m[RetryManager] Attempt 4 failed: fail

[90mstderr[2m | src/__tests__/job-management-sqlite.test.ts[2m > [22m[2mjob-management SQLite integration[2m > [22m[2mhandleListJobs - SQLite path[2m > [22m[2mlists all jobs with deduplication
[22m[39m[job-state-db] DEPRECATED: using _lastCwd fallback. Pass cwd explicitly.
[job-state-db] DEPRECATED: using _lastCwd fallback. Pass cwd explicitly.
[job-state-db] DEPRECATED: using _lastCwd fallback. Pass cwd explicitly.

[90mstderr[2m | src/__tests__/job-management-sqlite.test.ts[2m > [22m[2mjob-management SQLite integration[2m > [22m[2mhandleListJobs - SQLite path[2m > [22m[2mlists all jobs with deduplication
[22m[39m[job-state-db] DEPRECATED: using _lastCwd fallback. Pass cwd explicitly.
[job-state-db] DEPRECATED: using _lastCwd fallback. Pass cwd explicitly.
[job-state-db] DEPRECATED: using _lastCwd fallback. Pass cwd explicitly.
[job-state-db] DEPRECATED: using _lastCwd fallback. Pass cwd explicitly.

 [32m✓[39m tests/reliability/retry-manager.test.ts [2m([22m[2m5 tests[22m[2m)[22m[33m 7858[2mms[22m[39m
     [33m[2m✓[22m[39m should use exponential backoff [33m 737[2mms[22m[39m
     [33m[2m✓[22m[39m should use default options [33m 7030[2mms[22m[39m
[90mstderr[2m | src/__tests__/job-management-sqlite.test.ts[2m > [22m[2mjob-management SQLite integration[2m > [22m[2mhandleListJobs - SQLite path[2m > [22m[2mlists all jobs with deduplication
[22m[39m[job-state-db] DEPRECATED: closeJobDb() called without cwd. Use closeAllJobDbs() for explicit intent.

[90mstderr[2m | src/__tests__/job-management-sqlite.test.ts[2m > [22m[2mjob-management SQLite integration[2m > [22m[2mhandleListJobs - SQLite path[2m > [22m[2mrespects limit parameter
[22m[39m[job-state-db] DEPRECATED: using _lastCwd fallback. Pass cwd explicitly.
[job-state-db] DEPRECATED: using _lastCwd fallback. Pass cwd explicitly.
[job-state-db] DEPRECATED: using _lastCwd fallback. Pass cwd explicitly.

[90mstderr[2m | src/__tests__/job-management-sqlite.test.ts[2m > [22m[2mjob-management SQLite integration[2m > [22m[2mhandleListJobs - SQLite path[2m > [22m[2mrespects limit parameter
[22m[39m[job-state-db] DEPRECATED: using _lastCwd fallback. Pass cwd explicitly.

[90mstderr[2m | src/__tests__/job-management-sqlite.test.ts[2m > [22m[2mjob-management SQLite integration[2m > [22m[2mhandleListJobs - SQLite path[2m > [22m[2mrespects limit parameter
[22m[39m[job-state-db] DEPRECATED: closeJobDb() called without cwd. Use closeAllJobDbs() for explicit intent.

[90mstderr[2m | src/__tests__/job-management-sqlite.test.ts[2m > [22m[2mjob-management SQLite integration[2m > [22m[2mhandleListJobs - SQLite path[2m > [22m[2mfilters by provider
[22m[39m[job-state-db] DEPRECATED: using _lastCwd fallback. Pass cwd explicitly.
[job-state-db] DEPRECATED: using _lastCwd fallback. Pass cwd explicitly.

[90mstderr[2m | src/__tests__/job-management-sqlite.test.ts[2m > [22m[2mjob-management SQLite integration[2m > [22m[2mhandleListJobs - SQLite path[2m > [22m[2mfilters by provider
[22m[39m[job-state-db] DEPRECATED: using _lastCwd fallback. Pass cwd explicitly.

[90mstderr[2m | src/__tests__/job-management-sqlite.test.ts[2m > [22m[2mjob-management SQLite integration[2m > [22m[2mhandleListJobs - SQLite path[2m > [22m[2mfilters by provider
[22m[39m[job-state-db] DEPRECATED: closeJobDb() called without cwd. Use closeAllJobDbs() for explicit intent.

[90mstderr[2m | src/__tests__/job-management-sqlite.test.ts[2m > [22m[2mjob-management SQLite integration[2m > [22m[2mhandleKillJob - SQLite fallback path[2m > [22m[2mkills a running job found only in SQLite
[22m[39m[job-state-db] DEPRECATED: using _lastCwd fallback. Pass cwd explicitly.

[90mstderr[2m | src/__tests__/job-management-sqlite.test.ts[2m > [22m[2mjob-management SQLite integration[2m > [22m[2mhandleKillJob - SQLite fallback path[2m > [22m[2mkills a running job found only in SQLite
[22m[39m[job-state-db] DEPRECATED: using _lastCwd fallback. Pass cwd explicitly.
[job-state-db] DEPRECATED: using _lastCwd fallback. Pass cwd explicitly.

[90mstderr[2m | src/__tests__/job-management-sqlite.test.ts[2m > [22m[2mjob-management SQLite integration[2m > [22m[2mhandleKillJob - SQLite fallback path[2m > [22m[2mkills a running job found only in SQLite
[22m[39m[job-state-db] DEPRECATED: using _lastCwd fallback. Pass cwd explicitly.

[90mstderr[2m | src/__tests__/job-management-sqlite.test.ts[2m > [22m[2mjob-management SQLite integration[2m > [22m[2mhandleKillJob - SQLite fallback path[2m > [22m[2mkills a running job found only in SQLite
[22m[39m[job-state-db] DEPRECATED: closeJobDb() called without cwd. Use closeAllJobDbs() for explicit intent.

[90mstderr[2m | src/__tests__/job-management-sqlite.test.ts[2m > [22m[2mjob-management SQLite integration[2m > [22m[2mhandleKillJob - SQLite fallback path[2m > [22m[2mhandles ESRCH (process already exited) via SQLite path
[22m[39m[job-state-db] DEPRECATED: using _lastCwd fallback. Pass cwd explicitly.

[90mstderr[2m | src/__tests__/job-management-sqlite.test.ts[2m > [22m[2mjob-management SQLite integration[2m > [22m[2mhandleKillJob - SQLite fallback path[2m > [22m[2mhandles ESRCH (process already exited) via SQLite path
[22m[39m[job-state-db] DEPRECATED: using _lastCwd fallback. Pass cwd explicitly.
[job-state-db] DEPRECATED: using _lastCwd fallback. Pass cwd explicitly.

[90mstderr[2m | src/__tests__/job-management-sqlite.test.ts[2m > [22m[2mjob-management SQLite integration[2m > [22m[2mhandleKillJob - SQLite fallback path[2m > [22m[2mhandles ESRCH (process already exited) via SQLite path
[22m[39m[job-state-db] DEPRECATED: using _lastCwd fallback. Pass cwd explicitly.

[90mstderr[2m | src/__tests__/job-management-sqlite.test.ts[2m > [22m[2mjob-management SQLite integration[2m > [22m[2mhandleKillJob - SQLite fallback path[2m > [22m[2mhandles ESRCH (process already exited) via SQLite path
[22m[39m[job-state-db] DEPRECATED: closeJobDb() called without cwd. Use closeAllJobDbs() for explicit intent.

[90mstderr[2m | src/__tests__/job-management-sqlite.test.ts[2m > [22m[2mjob-management SQLite integration[2m > [22m[2mhandleKillJob - SQLite fallback path[2m > [22m[2mdoes NOT update DB status on non-ESRCH kill errors
[22m[39m[job-state-db] DEPRECATED: using _lastCwd fallback. Pass cwd explicitly.

[90mstderr[2m | src/__tests__/job-management-sqlite.test.ts[2m > [22m[2mjob-management SQLite integration[2m > [22m[2mhandleKillJob - SQLite fallback path[2m > [22m[2mdoes NOT update DB status on non-ESRCH kill errors
[22m[39m[job-state-db] DEPRECATED: using _lastCwd fallback. Pass cwd explicitly.

[90mstderr[2m | src/__tests__/job-management-sqlite.test.ts[2m > [22m[2mjob-management SQLite integration[2m > [22m[2mhandleKillJob - SQLite fallback path[2m > [22m[2mdoes NOT update DB status on non-ESRCH kill errors
[22m[39m[job-state-db] DEPRECATED: using _lastCwd fallback. Pass cwd explicitly.

[90mstderr[2m | src/__tests__/job-management-sqlite.test.ts[2m > [22m[2mjob-management SQLite integration[2m > [22m[2mhandleKillJob - SQLite fallback path[2m > [22m[2mdoes NOT update DB status on non-ESRCH kill errors
[22m[39m[job-state-db] DEPRECATED: closeJobDb() called without cwd. Use closeAllJobDbs() for explicit intent.

[90mstderr[2m | src/__tests__/job-management-sqlite.test.ts[2m > [22m[2mjob-management SQLite integration[2m > [22m[2mhandleKillJob - SQLite fallback path[2m > [22m[2mrejects killing a terminal-state job in SQLite
[22m[39m[job-state-db] DEPRECATED: using _lastCwd fallback. Pass cwd explicitly.

[90mstderr[2m | src/__tests__/job-management-sqlite.test.ts[2m > [22m[2mjob-management SQLite integration[2m > [22m[2mhandleKillJob - SQLite fallback path[2m > [22m[2mrejects killing a terminal-state job in SQLite
[22m[39m[job-state-db] DEPRECATED: using _lastCwd fallback. Pass cwd explicitly.

[90mstderr[2m | src/__tests__/job-management-sqlite.test.ts[2m > [22m[2mjob-management SQLite integration[2m > [22m[2mhandleKillJob - SQLite fallback path[2m > [22m[2mrejects killing a terminal-state job in SQLite
[22m[39m[job-state-db] DEPRECATED: closeJobDb() called without cwd. Use closeAllJobDbs() for explicit intent.

[90mstderr[2m | src/__tests__/job-management-sqlite.test.ts[2m > [22m[2mjob-management SQLite integration[2m > [22m[2mhandleKillJob - SQLite fallback path[2m > [22m[2mrejects killing a job with no valid PID in SQLite
[22m[39m[job-state-db] DEPRECATED: using _lastCwd fallback. Pass cwd explicitly.

[90mstderr[2m | src/__tests__/job-management-sqlite.test.ts[2m > [22m[2mjob-management SQLite integration[2m > [22m[2mhandleKillJob - SQLite fallback path[2m > [22m[2mrejects killing a job with no valid PID in SQLite
[22m[39m[job-state-db] DEPRECATED: using _lastCwd fallback. Pass cwd explicitly.

 [32m✓[39m src/hooks/project-memory/__tests__/integration.test.ts [2m([22m[2m8 tests[22m[2m)[22m[33m 627[2mms[22m[39m
 [32m✓[39m src/hooks/guards/__tests__/index.test.ts [2m([22m[2m27 tests[22m[2m)[22m[33m 404[2mms[22m[39m
[90mstderr[2m | src/__tests__/job-management-sqlite.test.ts[2m > [22m[2mjob-management SQLite integration[2m > [22m[2mhandleKillJob - SQLite fallback path[2m > [22m[2mrejects killing a job with no valid PID in SQLite
[22m[39m[job-state-db] DEPRECATED: closeJobDb() called without cwd. Use closeAllJobDbs() for explicit intent.

[90mstderr[2m | src/__tests__/job-management-sqlite.test.ts[2m > [22m[2mjob-management SQLite integration[2m > [22m[2mJSON fallback when SQLite not initialized[2m > [22m[2mreturns not found when both SQLite and JSON are unavailable
[22m[39m[job-state-db] DEPRECATED: closeJobDb() called without cwd. Use closeAllJobDbs() for explicit intent.

[90mstderr[2m | src/__tests__/job-management-sqlite.test.ts[2m > [22m[2mjob-management SQLite integration[2m > [22m[2mJSON fallback when SQLite not initialized[2m > [22m[2mhandleListJobs returns empty when no source available
[22m[39m[job-state-db] DEPRECATED: closeJobDb() called without cwd. Use closeAllJobDbs() for explicit intent.

 [32m✓[39m src/__tests__/job-management-sqlite.test.ts [2m([22m[2m16 tests[22m[2m)[22m[33m 721[2mms[22m[39m
 [32m✓[39m src/team/__tests__/edge-cases.test.ts [2m([22m[2m67 tests[22m[2m)[22m[33m 1139[2mms[22m[39m
 [32m✓[39m src/hooks/session-end/__tests__/session-end-bridge-cleanup.test.ts [2m([22m[2m1 test[22m[2m)[22m[33m 4126[2mms[22m[39m
     [33m[2m✓[22m[39m passes extracted python_repl sessions to cleanupBridgeSessions [33m 4122[2mms[22m[39m
 [32m✓[39m src/team/__tests__/bridge-integration.test.ts [2m([22m[2m17 tests[22m[2m)[22m[33m 497[2mms[22m[39m
 [32m✓[39m src/team/__tests__/bridge-entry.test.ts [2m([22m[2m87 tests[22m[2m)[22m[33m 7896[2mms[22m[39m
     [33m[2m✓[22m[39m throws if workingDirectory is missing [33m 325[2mms[22m[39m
     [33m[2m✓[22m[39m accepts codex provider [33m 327[2mms[22m[39m
     [33m[2m✓[22m[39m applies defaults when loading config [33m 563[2mms[22m[39m
 [32m✓[39m src/hooks/guards/__tests__/session-watchdog.test.ts [2m([22m[2m24 tests[22m[2m)[22m[33m 805[2mms[22m[39m
[90mstderr[2m | src/mcp/client/__tests__/MCPClient.test.ts[2m > [22m[2mMCPClient[2m > [22m[2mconnect[2m > [22m[2mshould cleanup on connection failure
[22m[39mConnection attempt 3/3 failed: Error: Connection failed
    at C:/Users/ljyih/Desktop/ultrapower/src/mcp/client/__tests__/MCPClient.test.ts:129:44
    at [90mfile:///C:/Users/ljyih/Desktop/ultrapower/[39mnode_modules/[4m@vitest/runner[24m/dist/index.js:145:11
    at [90mfile:///C:/Users/ljyih/Desktop/ultrapower/[39mnode_modules/[4m@vitest/runner[24m/dist/index.js:915:26
    at [90mfile:///C:/Users/ljyih/Desktop/ultrapower/[39mnode_modules/[4m@vitest/runner[24m/dist/index.js:1243:20
    at new Promise (<anonymous>)
    at runWithTimeout [90m(file:///C:/Users/ljyih/Desktop/ultrapower/[39mnode_modules/[4m@vitest/runner[24m/dist/index.js:1209:10[90m)[39m
    at [90mfile:///C:/Users/ljyih/Desktop/ultrapower/[39mnode_modules/[4m@vitest/runner[24m/dist/index.js:1653:37
    at Traces.$ [90m(file:///C:/Users/ljyih/Desktop/ultrapower/[39mnode_modules/[4mvitest[24m/dist/chunks/traces.CCmnQaNT.js:142:27[90m)[39m
    at trace [90m(file:///C:/Users/ljyih/Desktop/ultrapower/[39mnode_modules/[4mvitest[24m/dist/chunks/test.B8ej_ZHS.js:239:21[90m)[39m
    at runTest [90m(file:///C:/Users/ljyih/Desktop/ultrapower/[39mnode_modules/[4m@vitest/runner[24m/dist/index.js:1653:12[90m)[39m

[90mstderr[2m | src/mcp/client/__tests__/MCPClient.test.ts[2m > [22m[2mMCPClient[2m > [22m[2misAvailable[2m > [22m[2mshould return false after connection failure
[22m[39mConnection attempt 1/3 failed: Error: Failed
    at C:/Users/ljyih/Desktop/ultrapower/src/mcp/client/__tests__/MCPClient.test.ts:152:44
    at [90mfile:///C:/Users/ljyih/Desktop/ultrapower/[39mnode_modules/[4m@vitest/runner[24m/dist/index.js:145:11
    at [90mfile:///C:/Users/ljyih/Desktop/ultrapower/[39mnode_modules/[4m@vitest/runner[24m/dist/index.js:915:26
    at [90mfile:///C:/Users/ljyih/Desktop/ultrapower/[39mnode_modules/[4m@vitest/runner[24m/dist/index.js:1243:20
    at new Promise (<anonymous>)
    at runWithTimeout [90m(file:///C:/Users/ljyih/Desktop/ultrapower/[39mnode_modules/[4m@vitest/runner[24m/dist/index.js:1209:10[90m)[39m
    at [90mfile:///C:/Users/ljyih/Desktop/ultrapower/[39mnode_modules/[4m@vitest/runner[24m/dist/index.js:1653:37
    at Traces.$ [90m(file:///C:/Users/ljyih/Desktop/ultrapower/[39mnode_modules/[4mvitest[24m/dist/chunks/traces.CCmnQaNT.js:142:27[90m)[39m
    at trace [90m(file:///C:/Users/ljyih/Desktop/ultrapower/[39mnode_modules/[4mvitest[24m/dist/chunks/test.B8ej_ZHS.js:239:21[90m)[39m
    at runTest [90m(file:///C:/Users/ljyih/Desktop/ultrapower/[39mnode_modules/[4m@vitest/runner[24m/dist/index.js:1653:12[90m)[39m

 [32m✓[39m src/mcp/__tests__/job-state-db-deprecation.test.ts [2m([22m[2m13 tests[22m[2m)[22m[33m 503[2mms[22m[39m
 [32m✓[39m src/__tests__/agent-registry.test.ts [2m([22m[2m4 tests[22m[2m)[22m[33m 327[2mms[22m[39m
 [32m✓[39m src/lib/__tests__/worktree-paths.test.ts [2m([22m[2m32 tests[22m[2m)[22m[33m 5017[2mms[22m[39m
       [33m[2m✓[22m[39m should resolve a subdirectory to its git worktree root [33m 337[2mms[22m[39m
       [33m[2m✓[22m[39m should handle bare repositories by falling back and logging [33m 3534[2mms[22m[39m
       [33m[2m✓[22m[39m should reject a workingDirectory that resolves to a different git root [33m 381[2mms[22m[39m
 [32m✓[39m src/tools/__tests__/state-tools.test.ts [2m([22m[2m31 tests[22m[2m)[22m[33m 662[2mms[22m[39m
 [32m✓[39m src/platform/process-utils.test.ts [2m([22m[2m2 tests[22m[2m)[22m[33m 538[2mms[22m[39m
     [33m[2m✓[22m[39m should handle PID without command injection on Windows [33m 517[2mms[22m[39m
[90mstderr[2m | src/__tests__/delegation-enforcement-levels.test.ts[2m > [22m[2mdelegation-enforcement-levels[2m > [22m[2mprocessPreToolUse integration via processHook[2m > [22m[2mcalls enforcement before HUD tracking
[22m[39m[worktree] non-git directory provided, falling back to process root { directory: [32m'C:\\tmp\\test-project'[39m }

 [32m✓[39m src/__tests__/tools/trace-tools.test.ts [2m([22m[2m22 tests[22m[2m)[22m[32m 233[2mms[22m[39m
[90mstderr[2m | src/__tests__/delegation-enforcement-levels.test.ts[2m > [22m[2mdelegation-enforcement-levels[2m > [22m[2mprocessPreToolUse integration via processHook[2m > [22m[2mblocks propagated from enforcement
[22m[39m[worktree] non-git directory provided, falling back to process root { directory: [32m'C:\\tmp\\test-project'[39m }

[90mstderr[2m | src/__tests__/delegation-enforcement-levels.test.ts[2m > [22m[2mdelegation-enforcement-levels[2m > [22m[2mprocessPreToolUse integration via processHook[2m > [22m[2mwarnings propagated from enforcement
[22m[39m[worktree] non-git directory provided, falling back to process root { directory: [32m'C:\\tmp\\test-project'[39m }

[90mstderr[2m | src/__tests__/delegation-enforcement-levels.test.ts[2m > [22m[2mdelegation-enforcement-levels[2m > [22m[2mprocessPreToolUse integration via processHook[2m > [22m[2mTask tool tracking still works when enforcement passes
[22m[39m[worktree] non-git directory provided, falling back to process root { directory: [32m'C:\\tmp\\test-project'[39m }

 [32m✓[39m src/__tests__/delegation-enforcement-levels.test.ts [2m([22m[2m63 tests[22m[2m)[22m[33m 875[2mms[22m[39m
       [33m[2m✓[22m[39m calls enforcement before HUD tracking [33m 591[2mms[22m[39m
[90mstderr[2m | src/mcp/client/__tests__/MCPClient.test.ts[2m > [22m[2mMCPClient[2m > [22m[2misAvailable[2m > [22m[2mshould return false after connection failure
[22m[39mConnection attempt 2/3 failed: Error: Failed
    at C:/Users/ljyih/Desktop/ultrapower/src/mcp/client/__tests__/MCPClient.test.ts:152:44
    at [90mfile:///C:/Users/ljyih/Desktop/ultrapower/[39mnode_modules/[4m@vitest/runner[24m/dist/index.js:145:11
    at [90mfile:///C:/Users/ljyih/Desktop/ultrapower/[39mnode_modules/[4m@vitest/runner[24m/dist/index.js:915:26
    at [90mfile:///C:/Users/ljyih/Desktop/ultrapower/[39mnode_modules/[4m@vitest/runner[24m/dist/index.js:1243:20
    at new Promise (<anonymous>)
    at runWithTimeout [90m(file:///C:/Users/ljyih/Desktop/ultrapower/[39mnode_modules/[4m@vitest/runner[24m/dist/index.js:1209:10[90m)[39m
    at [90mfile:///C:/Users/ljyih/Desktop/ultrapower/[39mnode_modules/[4m@vitest/runner[24m/dist/index.js:1653:37
    at Traces.$ [90m(file:///C:/Users/ljyih/Desktop/ultrapower/[39mnode_modules/[4mvitest[24m/dist/chunks/traces.CCmnQaNT.js:142:27[90m)[39m
    at trace [90m(file:///C:/Users/ljyih/Desktop/ultrapower/[39mnode_modules/[4mvitest[24m/dist/chunks/test.B8ej_ZHS.js:239:21[90m)[39m
    at runTest [90m(file:///C:/Users/ljyih/Desktop/ultrapower/[39mnode_modules/[4m@vitest/runner[24m/dist/index.js:1653:12[90m)[39m

 [32m✓[39m src/__tests__/analytics/transcript-scanner.test.ts [2m([22m[2m24 tests[22m[2m)[22m[33m 658[2mms[22m[39m
 [32m✓[39m src/lib/__tests__/race-condition.test.ts [2m([22m[2m4 tests[22m[2m)[22m[33m 400[2mms[22m[39m
 [32m✓[39m src/__tests__/analytics/transcript-parser.test.ts [2m([22m[2m15 tests[22m[2m)[22m[33m 1007[2mms[22m[39m
       [33m[2m✓[22m[39m streams large files efficiently without loading all into memory [33m 793[2mms[22m[39m
[90mstdout[2m | src/team/__tests__/mcp-team-bridge.test.ts[2m > [22m[2mrunBridge[2m > [22m[2mwrites initial heartbeat and exits on shutdown signal
[22m[39m2026-03-10T10:46:26.628Z [bridge] w1@test-team starting (codex)
2026-03-10T10:46:26.633Z [bridge] Shutdown signal received: test
2026-03-10T10:46:26.634Z [bridge] Shutdown complete. Goodbye.

[90mstdout[2m | src/team/__tests__/mcp-team-bridge.test.ts[2m > [22m[2mrunBridge[2m > [22m[2msends idle outbox when no tasks available
[22m[39m2026-03-10T10:46:26.637Z [bridge] w1@test-team starting (codex)

[90mstdout[2m | src/team/__tests__/mcp-team-bridge.test.ts[2m > [22m[2mrunBridge[2m > [22m[2msends idle outbox when no tasks available
[22m[39m[WorkerFactory] Using SQLite adapter
[WorkerFactory] Using SQLite adapter

[90mstdout[2m | src/team/__tests__/mcp-team-bridge.test.ts[2m > [22m[2mrunBridge[2m > [22m[2msends idle outbox when no tasks available
[22m[39m2026-03-10T10:46:26.750Z [bridge] Shutdown signal received: test
2026-03-10T10:46:26.751Z [bridge] Shutdown complete. Goodbye.

[90mstdout[2m | src/team/__tests__/mcp-team-bridge.test.ts[2m > [22m[2mrunBridge[2m > [22m[2mclaims task, spawns CLI, and marks completed on success
[22m[39m2026-03-10T10:46:26.758Z [bridge] w1@test-team starting (codex)

[90mstdout[2m | src/team/__tests__/mcp-team-bridge.test.ts[2m > [22m[2mrunBridge[2m > [22m[2mclaims task, spawns CLI, and marks completed on success
[22m[39m2026-03-10T10:46:26.763Z [bridge] Executing task task-99: Do work

[90mstdout[2m | src/team/__tests__/mcp-team-bridge.test.ts[2m > [22m[2mrunBridge[2m > [22m[2mclaims task, spawns CLI, and marks completed on success
[22m[39m2026-03-10T10:46:26.765Z [bridge] Task task-99 completed

[90mstdout[2m | src/team/__tests__/mcp-team-bridge.test.ts[2m > [22m[2mrunBridge[2m > [22m[2mclaims task, spawns CLI, and marks completed on success
[22m[39m[WorkerFactory] Using SQLite adapter

 [32m✓[39m src/hooks/subagent-tracker/__tests__/index.test.ts [2m([22m[2m25 tests[22m[2m)[22m[33m 523[2mms[22m[39m
 [32m✓[39m src/lib/__tests__/git-utils.test.ts [2m([22m[2m5 tests[22m[2m)[22m[33m 520[2mms[22m[39m
[90mstdout[2m | src/team/__tests__/mcp-team-bridge.test.ts[2m > [22m[2mrunBridge[2m > [22m[2mclaims task, spawns CLI, and marks completed on success
[22m[39m2026-03-10T10:46:26.876Z [bridge] Shutdown signal received: done
2026-03-10T10:46:26.876Z [bridge] Shutdown complete. Goodbye.

[90mstdout[2m | src/team/__tests__/mcp-team-bridge.test.ts[2m > [22m[2mrunBridge[2m > [22m[2mretries task on CLI failure when retries not exhausted
[22m[39m2026-03-10T10:46:26.879Z [bridge] w1@test-team starting (codex)

[90mstdout[2m | src/team/__tests__/mcp-team-bridge.test.ts[2m > [22m[2mrunBridge[2m > [22m[2mretries task on CLI failure when retries not exhausted
[22m[39m2026-03-10T10:46:26.880Z [bridge] Executing task task-fail: Test task

[90mstdout[2m | src/team/__tests__/mcp-team-bridge.test.ts[2m > [22m[2mrunBridge[2m > [22m[2mretries task on CLI failure when retries not exhausted
[22m[39m2026-03-10T10:46:26.880Z [bridge] Task task-fail failed (attempt 1): CLI exited with code 1: CLI crashed

[90mstdout[2m | src/team/__tests__/mcp-team-bridge.test.ts[2m > [22m[2mrunBridge[2m > [22m[2mretries task on CLI failure when retries not exhausted
[22m[39m[WorkerFactory] Using SQLite adapter

[90mstderr[2m | src/__tests__/delegation-enforcer.test.ts[2m > [22m[2mdelegation-enforcer[2m > [22m[2mprocessPreToolUse[2m > [22m[2mlogs warning only when OMC_DEBUG=true and model injected
[22m[39m[OMC] Auto-injecting model: sonnet for executor

 [32m✓[39m src/hooks/recovery/__tests__/storage.test.ts [2m([22m[2m33 tests[22m[2m)[22m[33m 828[2mms[22m[39m
[90mstdout[2m | src/team/__tests__/mcp-team-bridge.test.ts[2m > [22m[2mrunBridge[2m > [22m[2mretries task on CLI failure when retries not exhausted
[22m[39m2026-03-10T10:46:26.984Z [bridge] Shutdown signal received: done
2026-03-10T10:46:26.984Z [bridge] Shutdown complete. Goodbye.

[90mstdout[2m | src/team/__tests__/mcp-team-bridge.test.ts[2m > [22m[2mrunBridge[2m > [22m[2mpermanently fails task when retries exhausted
[22m[39m2026-03-10T10:46:26.996Z [bridge] w1@test-team starting (codex)

[90mstdout[2m | src/team/__tests__/mcp-team-bridge.test.ts[2m > [22m[2mrunBridge[2m > [22m[2mpermanently fails task when retries exhausted
[22m[39m2026-03-10T10:46:26.998Z [bridge] Executing task task-perm: Test task

[90mstdout[2m | src/team/__tests__/mcp-team-bridge.test.ts[2m > [22m[2mrunBridge[2m > [22m[2mpermanently fails task when retries exhausted
[22m[39m2026-03-10T10:46:26.999Z [bridge] Task task-perm permanently failed after 5 attempts

[90mstdout[2m | src/team/__tests__/mcp-team-bridge.test.ts[2m > [22m[2mrunBridge[2m > [22m[2mpermanently fails task when retries exhausted
[22m[39m[WorkerFactory] Using SQLite adapter

[90mstdout[2m | src/team/__tests__/mcp-team-bridge.test.ts[2m > [22m[2mrunBridge[2m > [22m[2mpermanently fails task when retries exhausted
[22m[39m2026-03-10T10:46:27.100Z [bridge] Shutdown signal received: done
2026-03-10T10:46:27.100Z [bridge] Shutdown complete. Goodbye.

 [32m✓[39m src/team/__tests__/mcp-team-bridge.test.ts [2m([22m[2m36 tests[22m[2m)[22m[33m 619[2mms[22m[39m
 [32m✓[39m src/team/__tests__/audit-log.test.ts [2m([22m[2m16 tests[22m[2m)[22m[32m 153[2mms[22m[39m
 [32m✓[39m src/__tests__/delegation-enforcer.test.ts [2m([22m[2m18 tests[22m[2m)[22m[33m 815[2mms[22m[39m
       [33m[2m✓[22m[39m works with all agents [33m 328[2mms[22m[39m
 [32m✓[39m src/__tests__/notepad.test.ts [2m([22m[2m40 tests[22m[2m)[22m[33m 872[2mms[22m[39m
 [32m✓[39m src/team/__tests__/inbox-outbox.test.ts [2m([22m[2m22 tests[22m[2m)[22m[32m 242[2mms[22m[39m
 [32m✓[39m src/features/ccg/__tests__/incremental-processor.test.ts [2m([22m[2m3 tests[22m[2m)[22m[33m 7143[2mms[22m[39m
     [33m[2m✓[22m[39m detects changed files [33m 4413[2mms[22m[39m
     [33m[2m✓[22m[39m detects untracked files [33m 1348[2mms[22m[39m
     [33m[2m✓[22m[39m gets all changed files [33m 1378[2mms[22m[39m
 [31m❯[39m src/__tests__/hooks/learner/bridge.test.ts [2m([22m[2m16 tests[22m[2m | [22m[31m16 failed[39m[2m)[22m[32m 87[2mms[22m[39m
[31m       [31m×[31m should discover skills in project .omc/skills/[39m[32m 13[2mms[22m[39m
[31m       [31m×[31m should discover skills recursively in subdirectories[39m[32m 10[2mms[22m[39m
[31m       [31m×[31m should ignore non-.md files[39m[32m 9[2mms[22m[39m
[31m       [31m×[31m should parse valid frontmatter with all fields[39m[32m 3[2mms[22m[39m
[31m       [31m×[31m should handle files without frontmatter[39m[32m 5[2mms[22m[39m
[31m       [31m×[31m should parse inline array syntax[39m[32m 4[2mms[22m[39m
[31m       [31m×[31m should handle unterminated inline array (missing closing bracket)[39m[32m 4[2mms[22m[39m
[31m       [31m×[31m should match skills by trigger substring[39m[32m 3[2mms[22m[39m
[31m       [31m×[31m should not match when triggers dont match[39m[32m 5[2mms[22m[39m
[31m       [31m×[31m should use fuzzy matching when opt-in[39m[32m 3[2mms[22m[39m
[31m       [31m×[31m should respect skill limit[39m[32m 7[2mms[22m[39m
[31m       [31m×[31m should track injected skills via file-based cache[39m[32m 3[2mms[22m[39m
[31m       [31m×[31m should not return skills for different session[39m[32m 3[2mms[22m[39m
[31m       [31m×[31m should persist state to file[39m[32m 3[2mms[22m[39m
[31m       [31m×[31m should not re-inject already injected skills[39m[32m 2[2mms[22m[39m
[31m       [31m×[31m should return project skills before user skills[39m[32m 3[2mms[22m[39m
 [32m✓[39m src/lib/__tests__/file-lock.test.ts [2m([22m[2m35 tests[22m[2m)[22m[33m 12228[2mms[22m[39m
     [33m[2m✓[22m[39m 并发调用时串行执行 [33m 400[2mms[22m[39m
     [33m[2m✓[22m[39m 3个进程并发竞争时串行执行 [33m 402[2mms[22m[39m
     [33m[2m✓[22m[39m 重试机制：锁被占用时自动重试 [33m 394[2mms[22m[39m
     [33m[2m✓[22m[39m 超过最大重试次数时抛出错误 [33m 601[2mms[22m[39m
     [33m[2m✓[22m[39m 指数退避：重试延迟递增 [33m 1023[2mms[22m[39m
     [33m[2m✓[22m[39m 指数退避最大延迟限制为 1000ms [33m 2928[2mms[22m[39m
     [33m[2m✓[22m[39m 未超过 30000ms 的锁不被视为陈旧 [33m 326[2mms[22m[39m
 [32m✓[39m src/hooks/learner/__tests__/index-manager-import.test.ts [2m([22m[2m4 tests[22m[2m)[22m[32m 234[2mms[22m[39m
[90mstderr[2m | src/mcp/client/__tests__/MCPClient.test.ts[2m > [22m[2mMCPClient[2m > [22m[2misAvailable[2m > [22m[2mshould return false after connection failure
[22m[39mConnection attempt 3/3 failed: Error: Failed
    at C:/Users/ljyih/Desktop/ultrapower/src/mcp/client/__tests__/MCPClient.test.ts:152:44
    at [90mfile:///C:/Users/ljyih/Desktop/ultrapower/[39mnode_modules/[4m@vitest/runner[24m/dist/index.js:145:11
    at [90mfile:///C:/Users/ljyih/Desktop/ultrapower/[39mnode_modules/[4m@vitest/runner[24m/dist/index.js:915:26
    at [90mfile:///C:/Users/ljyih/Desktop/ultrapower/[39mnode_modules/[4m@vitest/runner[24m/dist/index.js:1243:20
    at new Promise (<anonymous>)
    at runWithTimeout [90m(file:///C:/Users/ljyih/Desktop/ultrapower/[39mnode_modules/[4m@vitest/runner[24m/dist/index.js:1209:10[90m)[39m
    at [90mfile:///C:/Users/ljyih/Desktop/ultrapower/[39mnode_modules/[4m@vitest/runner[24m/dist/index.js:1653:37
    at Traces.$ [90m(file:///C:/Users/ljyih/Desktop/ultrapower/[39mnode_modules/[4mvitest[24m/dist/chunks/traces.CCmnQaNT.js:142:27[90m)[39m
    at trace [90m(file:///C:/Users/ljyih/Desktop/ultrapower/[39mnode_modules/[4mvitest[24m/dist/chunks/test.B8ej_ZHS.js:239:21[90m)[39m
    at runTest [90m(file:///C:/Users/ljyih/Desktop/ultrapower/[39mnode_modules/[4m@vitest/runner[24m/dist/index.js:1653:12[90m)[39m

[90mstderr[2m | src/mcp/client/__tests__/MCPClient.test.ts[2m > [22m[2mMCPClient[2m > [22m[2merror handling[2m > [22m[2mshould handle spawn errors
[22m[39mConnection attempt 1/3 failed: Error: Spawn failed
    at C:/Users/ljyih/Desktop/ultrapower/src/mcp/client/__tests__/MCPClient.test.ts:327:44
    at [90mfile:///C:/Users/ljyih/Desktop/ultrapower/[39mnode_modules/[4m@vitest/runner[24m/dist/index.js:145:11
    at [90mfile:///C:/Users/ljyih/Desktop/ultrapower/[39mnode_modules/[4m@vitest/runner[24m/dist/index.js:915:26
    at [90mfile:///C:/Users/ljyih/Desktop/ultrapower/[39mnode_modules/[4m@vitest/runner[24m/dist/index.js:1243:20
    at new Promise (<anonymous>)
    at runWithTimeout [90m(file:///C:/Users/ljyih/Desktop/ultrapower/[39mnode_modules/[4m@vitest/runner[24m/dist/index.js:1209:10[90m)[39m
    at [90mfile:///C:/Users/ljyih/Desktop/ultrapower/[39mnode_modules/[4m@vitest/runner[24m/dist/index.js:1653:37
    at Traces.$ [90m(file:///C:/Users/ljyih/Desktop/ultrapower/[39mnode_modules/[4mvitest[24m/dist/chunks/traces.CCmnQaNT.js:142:27[90m)[39m
    at trace [90m(file:///C:/Users/ljyih/Desktop/ultrapower/[39mnode_modules/[4mvitest[24m/dist/chunks/test.B8ej_ZHS.js:239:21[90m)[39m
    at runTest [90m(file:///C:/Users/ljyih/Desktop/ultrapower/[39mnode_modules/[4m@vitest/runner[24m/dist/index.js:1653:12[90m)[39m

[90mstdout[2m | src/features/ccg/__tests__/performance-benchmark.test.ts[2m > [22m[2mCCG Performance Benchmark[2m > [22m[2mTest 1: Large project detection (100+ files)
[22m[39m[PERF] Large project detection: 1.76ms

[90mstderr[2m | src/hooks/__tests__/compaction-concurrency.test.ts[2m > [22m[2mprocessPreCompact - Compaction Mutex (issue #453)[2m > [22m[2mshould complete successfully for a single call
[22m[39m[job-state-db] DEPRECATED: using _lastCwd fallback. Pass cwd explicitly.
[job-state-db] DEPRECATED: using _lastCwd fallback. Pass cwd explicitly.
[job-state-db] DEPRECATED: using _lastCwd fallback. Pass cwd explicitly.

 [32m✓[39m src/tools/python-repl/__tests__/session-lock.test.ts [2m([22m[2m17 tests[22m[2m)[22m[32m 246[2mms[22m[39m
[90mstdout[2m | src/features/ccg/__tests__/e2e-performance.test.ts[2m > [22m[2mE2E: Performance Benchmarks[2m > [22m[2mshould handle timeout gracefully
[22m[39m[Fallback] undefined: Codex succeeded

[90mstderr[2m | src/hooks/__tests__/compaction-concurrency.test.ts[2m > [22m[2mprocessPreCompact - Compaction Mutex (issue #453)[2m > [22m[2mshould serialize concurrent calls for the same directory
[22m[39m[job-state-db] DEPRECATED: using _lastCwd fallback. Pass cwd explicitly.
[job-state-db] DEPRECATED: using _lastCwd fallback. Pass cwd explicitly.
[job-state-db] DEPRECATED: using _lastCwd fallback. Pass cwd explicitly.

 [32m✓[39m src/features/ccg/__tests__/e2e-performance.test.ts [2m([22m[2m2 tests[22m[2m)[22m[33m 582[2mms[22m[39m
     [33m[2m✓[22m[39m should complete workflow within time limit [33m 441[2mms[22m[39m
[90mstderr[2m | src/hooks/__tests__/compaction-concurrency.test.ts[2m > [22m[2mprocessPreCompact - Compaction Mutex (issue #453)[2m > [22m[2mshould only create one checkpoint file per coalesced batch
[22m[39m[job-state-db] DEPRECATED: using _lastCwd fallback. Pass cwd explicitly.
[job-state-db] DEPRECATED: using _lastCwd fallback. Pass cwd explicitly.
[job-state-db] DEPRECATED: using _lastCwd fallback. Pass cwd explicitly.

[90mstderr[2m | src/hooks/__tests__/compaction-concurrency.test.ts[2m > [22m[2mprocessPreCompact - Compaction Mutex (issue #453)[2m > [22m[2mshould not report in-progress after completion
[22m[39m[job-state-db] DEPRECATED: using _lastCwd fallback. Pass cwd explicitly.
[job-state-db] DEPRECATED: using _lastCwd fallback. Pass cwd explicitly.
[job-state-db] DEPRECATED: using _lastCwd fallback. Pass cwd explicitly.

 [32m✓[39m src/hooks/project-memory/__tests__/learner.test.ts [2m([22m[2m13 tests[22m[2m)[22m[33m 381[2mms[22m[39m
[90mstderr[2m | src/hooks/__tests__/compaction-concurrency.test.ts[2m > [22m[2mprocessPreCompact - Compaction Mutex (issue #453)[2m > [22m[2mshould allow sequential compactions for the same directory
[22m[39m[job-state-db] DEPRECATED: using _lastCwd fallback. Pass cwd explicitly.
[job-state-db] DEPRECATED: using _lastCwd fallback. Pass cwd explicitly.
[job-state-db] DEPRECATED: using _lastCwd fallback. Pass cwd explicitly.

[90mstderr[2m | src/hooks/__tests__/compaction-concurrency.test.ts[2m > [22m[2mprocessPreCompact - Compaction Mutex (issue #453)[2m > [22m[2mshould allow sequential compactions for the same directory
[22m[39m[job-state-db] DEPRECATED: using _lastCwd fallback. Pass cwd explicitly.
[job-state-db] DEPRECATED: using _lastCwd fallback. Pass cwd explicitly.
[job-state-db] DEPRECATED: using _lastCwd fallback. Pass cwd explicitly.

[90mstdout[2m | src/features/ccg/__tests__/performance-benchmark.test.ts[2m > [22m[2mCCG Performance Benchmark[2m > [22m[2mTest 2: Microservice detection (5 services)
[22m[39m[PERF] Microservice detection: 8.02ms

[90mstderr[2m | src/hooks/__tests__/compaction-concurrency.test.ts[2m > [22m[2mprocessPreCompact - Compaction Mutex (issue #453)[2m > [22m[2mshould handle concurrent calls for different directories independently
[22m[39m[job-state-db] DEPRECATED: using _lastCwd fallback. Pass cwd explicitly.
[job-state-db] DEPRECATED: using _lastCwd fallback. Pass cwd explicitly.
[job-state-db] DEPRECATED: using _lastCwd fallback. Pass cwd explicitly.

[90mstderr[2m | src/hooks/__tests__/compaction-concurrency.test.ts[2m > [22m[2mprocessPreCompact - Compaction Mutex (issue #453)[2m > [22m[2mshould handle concurrent calls for different directories independently
[22m[39m[job-state-db] DEPRECATED: using _lastCwd fallback. Pass cwd explicitly.
[job-state-db] DEPRECATED: using _lastCwd fallback. Pass cwd explicitly.
[job-state-db] DEPRECATED: using _lastCwd fallback. Pass cwd explicitly.

 [32m✓[39m src/hooks/persistent-mode/__tests__/ralph-max-iteration.test.ts [2m([22m[2m1 test[22m[2m)[22m[33m 331[2mms[22m[39m
     [33m[2m✓[22m[39m extends max iterations and keeps ralph blocking instead of silently stopping [33m 328[2mms[22m[39m
 [32m✓[39m src/team/__tests__/team-status.test.ts [2m([22m[2m5 tests[22m[2m)[22m[32m 173[2mms[22m[39m
[90mstderr[2m | src/hooks/__tests__/compaction-concurrency.test.ts[2m > [22m[2mprocessPreCompact - Compaction Mutex (issue #453)[2m > [22m[2mshould propagate rejection to all coalesced callers and clear mutex
[22m[39m[job-state-db] DEPRECATED: using _lastCwd fallback. Pass cwd explicitly.
[job-state-db] DEPRECATED: using _lastCwd fallback. Pass cwd explicitly.
[job-state-db] DEPRECATED: using _lastCwd fallback. Pass cwd explicitly.

 [32m✓[39m src/hooks/__tests__/compaction-concurrency.test.ts [2m([22m[2m14 tests[22m[2m)[22m[33m 500[2mms[22m[39m
[90mstdout[2m | src/features/ccg/__tests__/performance-benchmark.test.ts[2m > [22m[2mCCG Performance Benchmark[2m > [22m[2mTest 3: Module splitting performance
[22m[39m[PERF] Module splitting: 17.86ms

 [32m✓[39m src/features/ccg/__tests__/performance-benchmark.test.ts [2m([22m[2m3 tests[22m[2m)[22m[33m 863[2mms[22m[39m
 [32m✓[39m src/hooks/mode-registry/__tests__/session-isolation.test.ts [2m([22m[2m30 tests[22m[2m)[22m[32m 228[2mms[22m[39m
 [32m✓[39m src/hooks/autopilot/__tests__/summary.test.ts [2m([22m[2m28 tests[22m[2m)[22m[33m 706[2mms[22m[39m
 [32m✓[39m src/tools/__tests__/ast-stream.test.ts [2m([22m[2m2 tests[22m[2m)[22m[33m 13245[2mms[22m[39m
     [33m[2m✓[22m[39m handles large files >10MB with streaming [33m 13232[2mms[22m[39m
[90mstderr[2m | src/mcp/client/__tests__/MCPClient.test.ts[2m > [22m[2mMCPClient[2m > [22m[2merror handling[2m > [22m[2mshould handle spawn errors
[22m[39mConnection attempt 2/3 failed: Error: Spawn failed
    at C:/Users/ljyih/Desktop/ultrapower/src/mcp/client/__tests__/MCPClient.test.ts:327:44
    at [90mfile:///C:/Users/ljyih/Desktop/ultrapower/[39mnode_modules/[4m@vitest/runner[24m/dist/index.js:145:11
    at [90mfile:///C:/Users/ljyih/Desktop/ultrapower/[39mnode_modules/[4m@vitest/runner[24m/dist/index.js:915:26
    at [90mfile:///C:/Users/ljyih/Desktop/ultrapower/[39mnode_modules/[4m@vitest/runner[24m/dist/index.js:1243:20
    at new Promise (<anonymous>)
    at runWithTimeout [90m(file:///C:/Users/ljyih/Desktop/ultrapower/[39mnode_modules/[4m@vitest/runner[24m/dist/index.js:1209:10[90m)[39m
    at [90mfile:///C:/Users/ljyih/Desktop/ultrapower/[39mnode_modules/[4m@vitest/runner[24m/dist/index.js:1653:37
    at Traces.$ [90m(file:///C:/Users/ljyih/Desktop/ultrapower/[39mnode_modules/[4mvitest[24m/dist/chunks/traces.CCmnQaNT.js:142:27[90m)[39m
    at trace [90m(file:///C:/Users/ljyih/Desktop/ultrapower/[39mnode_modules/[4mvitest[24m/dist/chunks/test.B8ej_ZHS.js:239:21[90m)[39m
    at runTest [90m(file:///C:/Users/ljyih/Desktop/ultrapower/[39mnode_modules/[4m@vitest/runner[24m/dist/index.js:1653:12[90m)[39m

[90mstdout[2m | src/mcp/__tests__/job-management-adapter.test.ts[2m > [22m[2mjob-management with WorkerStateAdapter[2m > [22m[2menvironment variable control[2m > [22m[2mshould use auto backend by default
[22m[39m[WorkerFactory] Using SQLite adapter

 [32m✓[39m src/mcp/__tests__/job-management-adapter.test.ts [2m([22m[2m9 tests[22m[2m)[22m[33m 1080[2mms[22m[39m
       [33m[2m✓[22m[39m should list active jobs with default filter [33m 716[2mms[22m[39m
 [32m✓[39m src/hooks/session-end/__tests__/session-duration.test.ts [2m([22m[2m17 tests[22m[2m)[22m[33m 323[2mms[22m[39m
 [32m✓[39m src/team/__tests__/task-router.test.ts [2m([22m[2m8 tests[22m[2m)[22m[33m 304[2mms[22m[39m
 [32m✓[39m src/workers/__tests__/json-adapter.test.ts [2m([22m[2m13 tests[22m[2m)[22m[32m 283[2mms[22m[39m
 [32m✓[39m src/workflows/axiom/__tests__/workflow.test.ts [2m([22m[2m12 tests[22m[2m)[22m[32m 177[2mms[22m[39m
 [32m✓[39m src/hooks/learner/__tests__/queue-archiver.test.ts [2m([22m[2m9 tests[22m[2m)[22m[32m 295[2mms[22m[39m
 [32m✓[39m src/hooks/guards/__tests__/post-tool.test.ts [2m([22m[2m10 tests[22m[2m)[22m[33m 339[2mms[22m[39m
 [32m✓[39m src/hooks/permission-handler/__tests__/index.test.ts [2m([22m[2m119 tests[22m[2m)[22m[32m 125[2mms[22m[39m
 [32m✓[39m src/__tests__/ralph-progress.test.ts [2m([22m[2m30 tests[22m[2m)[22m[33m 384[2mms[22m[39m
[90mstdout[2m | src/hooks/ultrapilot/__tests__/index.test.ts[2m > [22m[2multrapilot coordinator[2m > [22m[2mfile ownership[2m > [22m[2mshould track shared files correctly
[22m[39mhandleSharedFiles result: [33mtrue[39m
isSharedFile result: [33mtrue[39m

[90mstderr[2m | src/hooks/__tests__/background-process-guard.test.ts[2m > [22m[2mBackground Process Guard (issue #302)[2m > [22m[2mTask tool with run_in_background=true[2m > [22m[2mshould allow background Task when under limit
[22m[39m[worktree] non-git directory provided, falling back to process root { directory: [32m'C:\\tmp\\test'[39m }

[90mstderr[2m | src/hooks/__tests__/background-process-guard.test.ts[2m > [22m[2mBackground Process Guard (issue #302)[2m > [22m[2mTask tool with run_in_background=true[2m > [22m[2mshould block background Task when at limit
[22m[39m[worktree] non-git directory provided, falling back to process root { directory: [32m'C:\\tmp\\test'[39m }

[90mstderr[2m | src/hooks/__tests__/background-process-guard.test.ts[2m > [22m[2mBackground Process Guard (issue #302)[2m > [22m[2mTask tool with run_in_background=true[2m > [22m[2mshould block background Task when over limit
[22m[39m[worktree] non-git directory provided, falling back to process root { directory: [32m'C:\\tmp\\test'[39m }

[90mstderr[2m | src/hooks/__tests__/background-process-guard.test.ts[2m > [22m[2mBackground Process Guard (issue #302)[2m > [22m[2mTask tool with run_in_background=true[2m > [22m[2mshould allow foreground Task (no run_in_background)
[22m[39m[worktree] non-git directory provided, falling back to process root { directory: [32m'C:\\tmp\\test'[39m }

[90mstderr[2m | src/hooks/__tests__/background-process-guard.test.ts[2m > [22m[2mBackground Process Guard (issue #302)[2m > [22m[2mTask tool with run_in_background=true[2m > [22m[2mshould allow foreground Task when run_in_background=false
[22m[39m[worktree] non-git directory provided, falling back to process root { directory: [32m'C:\\tmp\\test'[39m }

[90mstderr[2m | src/hooks/__tests__/background-process-guard.test.ts[2m > [22m[2mBackground Process Guard (issue #302)[2m > [22m[2mBash tool with run_in_background=true[2m > [22m[2mshould block background Bash when at limit
[22m[39m[worktree] non-git directory provided, falling back to process root { directory: [32m'C:\\tmp\\test'[39m }

[90mstderr[2m | src/hooks/__tests__/background-process-guard.test.ts[2m > [22m[2mBackground Process Guard (issue #302)[2m > [22m[2mBash tool with run_in_background=true[2m > [22m[2mshould allow foreground Bash even when at limit
[22m[39m[worktree] non-git directory provided, falling back to process root { directory: [32m'C:\\tmp\\test'[39m }

[90mstderr[2m | src/hooks/__tests__/background-process-guard.test.ts[2m > [22m[2mBackground Process Guard (issue #302)[2m > [22m[2mconfigurable limits[2m > [22m[2mshould respect custom maxBackgroundTasks from config
[22m[39m[worktree] non-git directory provided, falling back to process root { directory: [32m'C:\\tmp\\test'[39m }

[90mstderr[2m | src/hooks/__tests__/background-process-guard.test.ts[2m > [22m[2mBackground Process Guard (issue #302)[2m > [22m[2mconfigurable limits[2m > [22m[2mshould allow up to limit - 1 tasks
[22m[39m[worktree] non-git directory provided, falling back to process root { directory: [32m'C:\\tmp\\test'[39m }

[90mstderr[2m | src/hooks/__tests__/background-process-guard.test.ts[2m > [22m[2mBackground Process Guard (issue #302)[2m > [22m[2mconfigurable limits[2m > [22m[2mshould default to 5 when config has no maxBackgroundTasks
[22m[39m[worktree] non-git directory provided, falling back to process root { directory: [32m'C:\\tmp\\test'[39m }

[90mstderr[2m | src/hooks/__tests__/background-process-guard.test.ts[2m > [22m[2mBackground Process Guard (issue #302)[2m > [22m[2mnon-background tools unaffected[2m > [22m[2mshould not block Read tool
[22m[39m[worktree] non-git directory provided, falling back to process root { directory: [32m'C:\\tmp\\test'[39m }

 [32m✓[39m src/__tests__/analytics/token-tracker.test.ts [2m([22m[2m9 tests[22m[2m)[22m[33m 363[2mms[22m[39m
[90mstderr[2m | src/hooks/__tests__/background-process-guard.test.ts[2m > [22m[2mBackground Process Guard (issue #302)[2m > [22m[2mnon-background tools unaffected[2m > [22m[2mshould not block Write tool
[22m[39m[worktree] non-git directory provided, falling back to process root { directory: [32m'C:\\tmp\\test'[39m }

 [32m✓[39m src/hooks/__tests__/background-process-guard.test.ts [2m([22m[2m12 tests[22m[2m)[22m[33m 327[2mms[22m[39m
 [32m✓[39m src/hooks/ultrapilot/__tests__/index.test.ts [2m([22m[2m13 tests[22m[2m)[22m[33m 370[2mms[22m[39m
 [32m✓[39m src/__tests__/compatibility-security.test.ts [2m([22m[2m34 tests[22m[2m)[22m[33m 14031[2mms[22m[39m
     [33m[2m✓[22m[39m should block LD_PRELOAD environment variable [33m 1157[2mms[22m[39m
     [33m[2m✓[22m[39m should block LD_LIBRARY_PATH environment variable [33m 1152[2mms[22m[39m
     [33m[2m✓[22m[39m should block DYLD_INSERT_LIBRARIES environment variable [33m 1147[2mms[22m[39m
     [33m[2m✓[22m[39m should block DYLD_LIBRARY_PATH environment variable [33m 1152[2mms[22m[39m
     [33m[2m✓[22m[39m should block NODE_OPTIONS environment variable [33m 1144[2mms[22m[39m
     [33m[2m✓[22m[39m should block PYTHONSTARTUP environment variable [33m 1152[2mms[22m[39m
     [33m[2m✓[22m[39m should block PYTHONPATH environment variable [33m 1142[2mms[22m[39m
     [33m[2m✓[22m[39m should block RUBYOPT environment variable [33m 1146[2mms[22m[39m
     [33m[2m✓[22m[39m should block PERL5OPT environment variable [33m 1146[2mms[22m[39m
     [33m[2m✓[22m[39m should block BASH_ENV environment variable [33m 1145[2mms[22m[39m
     [33m[2m✓[22m[39m should allow safe environment variables [33m 1170[2mms[22m[39m
     [33m[2m✓[22m[39m should not leave zombie connections on spawn failure [33m 1164[2mms[22m[39m
 [32m✓[39m src/hooks/learner/__tests__/index-manager-filter.test.ts [2m([22m[2m16 tests[22m[2m)[22m[33m 319[2mms[22m[39m
