
> @liangjie559567/ultrapower@6.0.0 test:run
> vitest run


[1m[46m RUN [49m[22m [36mv4.0.18 [39m[90mC:/Users/ljyih/Desktop/ultrapower[39m

[90mstdout[2m | src/features/ccg/codex-fallback.test.ts[2m > [22m[2mCodex Fallback Strategy[2m > [22m[2mshould use Codex when available
[22m[39m[Fallback] test-task: Codex succeeded

 [32m✓[39m src/__tests__/analytics/tokscale-adapter.test.ts [2m([22m[2m10 tests[22m[2m)[22m[32m 77[2mms[22m[39m
[90mstdout[2m | tests/reliability/retry-manager.test.ts[2m > [22m[2mRetryManager[2m > [22m[2mshould succeed on first attempt
[22m[39m[RetryManager] Success on attempt 1

[90mstdout[2m | tests/reliability/retry-manager.test.ts[2m > [22m[2mRetryManager[2m > [22m[2mshould retry on failure and succeed
[22m[39m[RetryManager] Attempt 1 failed: fail1
[RetryManager] Retrying in 10ms...

[90mstdout[2m | tests/reliability/retry-manager.test.ts[2m > [22m[2mRetryManager[2m > [22m[2mshould retry on failure and succeed
[22m[39m[RetryManager] Success on attempt 2

[90mstdout[2m | tests/reliability/retry-manager.test.ts[2m > [22m[2mRetryManager[2m > [22m[2mshould fail after max retries
[22m[39m[RetryManager] Attempt 1 failed: persistent failure
[RetryManager] Retrying in 10ms...

[90mstdout[2m | tests/reliability/retry-manager.test.ts[2m > [22m[2mRetryManager[2m > [22m[2mshould fail after max retries
[22m[39m[RetryManager] Attempt 2 failed: persistent failure
[RetryManager] Retrying in 20ms...

[90mstdout[2m | tests/reliability/retry-manager.test.ts[2m > [22m[2mRetryManager[2m > [22m[2mshould fail after max retries
[22m[39m[RetryManager] Attempt 3 failed: persistent failure

[90mstdout[2m | tests/reliability/retry-manager.test.ts[2m > [22m[2mRetryManager[2m > [22m[2mshould use exponential backoff
[22m[39m[RetryManager] Attempt 1 failed: fail
[RetryManager] Retrying in 100ms...

[90mstdout[2m | tests/reliability/retry-manager.test.ts[2m > [22m[2mRetryManager[2m > [22m[2mshould use exponential backoff
[22m[39m[RetryManager] Attempt 2 failed: fail
[RetryManager] Retrying in 200ms...

[90mstdout[2m | tests/reliability/retry-manager.test.ts[2m > [22m[2mRetryManager[2m > [22m[2mshould use exponential backoff
[22m[39m[RetryManager] Attempt 3 failed: fail
[RetryManager] Retrying in 400ms...

[90mstdout[2m | src/team/__tests__/worker-restart.test.ts[2m > [22m[2mworker-restart[2m > [22m[2mshouldRestart[2m > [22m[2mreturns base backoff for first restart
[22m[39m[WorkerFactory] Using SQLite adapter

[90mstdout[2m | src/team/__tests__/worker-restart.test.ts[2m > [22m[2mworker-restart[2m > [22m[2mshouldRestart[2m > [22m[2mreturns base backoff for first restart
[22m[39m[WorkerFactory] Using SQLite adapter

[90mstdout[2m | src/team/__tests__/worker-health.test.ts[2m > [22m[2mworker-health[2m > [22m[2mgetWorkerHealthReports[2m > [22m[2mreturns empty array when no workers registered
[22m[39m[WorkerFactory] Using SQLite adapter

[90mstdout[2m | src/__tests__/job-management.test.ts[2m > [22m[2mjob-management[2m > [22m[2mhandleKillJob[2m > [22m[2msignal validation[2m > [22m[2mallows SIGTERM
[22m[39m[WorkerFactory] Using SQLite adapter

[90mstdout[2m | src/team/__tests__/worker-restart.test.ts[2m > [22m[2mworker-restart[2m > [22m[2mshouldRestart[2m > [22m[2mreturns exponential backoff values
[22m[39m[WorkerFactory] Using SQLite adapter

[90mstdout[2m | src/team/__tests__/worker-health.test.ts[2m > [22m[2mworker-health[2m > [22m[2mgetWorkerHealthReports[2m > [22m[2mreports alive worker with fresh heartbeat
[22m[39m[WorkerFactory] Using SQLite adapter

[90mstdout[2m | src/team/__tests__/worker-restart.test.ts[2m > [22m[2mworker-restart[2m > [22m[2mshouldRestart[2m > [22m[2mreturns exponential backoff values
[22m[39m[WorkerFactory] Using SQLite adapter

[90mstdout[2m | src/team/__tests__/worker-restart.test.ts[2m > [22m[2mworker-restart[2m > [22m[2mshouldRestart[2m > [22m[2mreturns exponential backoff values
[22m[39m[WorkerFactory] Using SQLite adapter

[90mstdout[2m | src/team/__tests__/worker-health.test.ts[2m > [22m[2mworker-health[2m > [22m[2mgetWorkerHealthReports[2m > [22m[2mreports alive worker with fresh heartbeat
[22m[39m[WorkerFactory] Using SQLite adapter

[90mstdout[2m | src/team/__tests__/worker-restart.test.ts[2m > [22m[2mworker-restart[2m > [22m[2mshouldRestart[2m > [22m[2mreturns exponential backoff values
[22m[39m[WorkerFactory] Using SQLite adapter

[90mstdout[2m | tests/reliability/retry-manager.test.ts[2m > [22m[2mRetryManager[2m > [22m[2mshould use exponential backoff
[22m[39m[RetryManager] Attempt 4 failed: fail

[90mstdout[2m | src/team/__tests__/worker-health.test.ts[2m > [22m[2mworker-health[2m > [22m[2mgetWorkerHealthReports[2m > [22m[2mreports alive worker with fresh heartbeat
[22m[39m[WorkerFactory] Using SQLite adapter

[90mstdout[2m | tests/reliability/retry-manager.test.ts[2m > [22m[2mRetryManager[2m > [22m[2mshould use default options
[22m[39m[RetryManager] Attempt 1 failed: fail
[RetryManager] Retrying in 1000ms...

[90mstdout[2m | src/team/__tests__/worker-restart.test.ts[2m > [22m[2mworker-restart[2m > [22m[2mshouldRestart[2m > [22m[2mcaps backoff at backoffMaxMs
[22m[39m[WorkerFactory] Using SQLite adapter

[90mstdout[2m | src/team/__tests__/worker-restart.test.ts[2m > [22m[2mworker-restart[2m > [22m[2mshouldRestart[2m > [22m[2mcaps backoff at backoffMaxMs
[22m[39m[WorkerFactory] Using SQLite adapter

[90mstdout[2m | src/team/__tests__/worker-restart.test.ts[2m > [22m[2mworker-restart[2m > [22m[2mshouldRestart[2m > [22m[2mcaps backoff at backoffMaxMs
[22m[39m[WorkerFactory] Using SQLite adapter

[90mstdout[2m | src/team/__tests__/worker-restart.test.ts[2m > [22m[2mworker-restart[2m > [22m[2mshouldRestart[2m > [22m[2mcaps backoff at backoffMaxMs
[22m[39m[WorkerFactory] Using SQLite adapter

[90mstdout[2m | src/team/__tests__/worker-restart.test.ts[2m > [22m[2mworker-restart[2m > [22m[2mshouldRestart[2m > [22m[2mcaps backoff at backoffMaxMs
[22m[39m[WorkerFactory] Using SQLite adapter

[90mstdout[2m | src/team/__tests__/worker-restart.test.ts[2m > [22m[2mworker-restart[2m > [22m[2mshouldRestart[2m > [22m[2mcaps backoff at backoffMaxMs
[22m[39m[WorkerFactory] Using SQLite adapter

[90mstdout[2m | src/team/__tests__/worker-restart.test.ts[2m > [22m[2mworker-restart[2m > [22m[2mshouldRestart[2m > [22m[2mcaps backoff at backoffMaxMs
[22m[39m[WorkerFactory] Using SQLite adapter

[90mstdout[2m | src/team/__tests__/worker-health.test.ts[2m > [22m[2mworker-health[2m > [22m[2mgetWorkerHealthReports[2m > [22m[2mreports dead worker with stale heartbeat
[22m[39m[WorkerFactory] Using SQLite adapter

[90mstdout[2m | src/team/__tests__/worker-restart.test.ts[2m > [22m[2mworker-restart[2m > [22m[2mshouldRestart[2m > [22m[2mcaps backoff at backoffMaxMs
[22m[39m[WorkerFactory] Using SQLite adapter

[90mstdout[2m | src/team/__tests__/worker-health.test.ts[2m > [22m[2mworker-health[2m > [22m[2mgetWorkerHealthReports[2m > [22m[2mreports dead worker with stale heartbeat
[22m[39m[WorkerFactory] Using SQLite adapter

[90mstdout[2m | src/team/__tests__/worker-health.test.ts[2m > [22m[2mworker-health[2m > [22m[2mgetWorkerHealthReports[2m > [22m[2mreports dead worker with stale heartbeat
[22m[39m[WorkerFactory] Using SQLite adapter

[90mstdout[2m | src/team/__tests__/worker-restart.test.ts[2m > [22m[2mworker-restart[2m > [22m[2mshouldRestart[2m > [22m[2mreturns null after max restarts
[22m[39m[WorkerFactory] Using SQLite adapter

[90mstdout[2m | src/team/__tests__/worker-restart.test.ts[2m > [22m[2mworker-restart[2m > [22m[2mshouldRestart[2m > [22m[2mreturns null after max restarts
[22m[39m[WorkerFactory] Using SQLite adapter

[90mstdout[2m | src/team/__tests__/worker-restart.test.ts[2m > [22m[2mworker-restart[2m > [22m[2mshouldRestart[2m > [22m[2mreturns null after max restarts
[22m[39m[WorkerFactory] Using SQLite adapter

[90mstdout[2m | src/team/__tests__/worker-restart.test.ts[2m > [22m[2mworker-restart[2m > [22m[2mshouldRestart[2m > [22m[2mreturns null after max restarts
[22m[39m[WorkerFactory] Using SQLite adapter

[90mstdout[2m | src/team/__tests__/worker-restart.test.ts[2m > [22m[2mworker-restart[2m > [22m[2mshouldRestart[2m > [22m[2mreturns null after max restarts
[22m[39m[WorkerFactory] Using SQLite adapter

[90mstdout[2m | src/team/__tests__/worker-restart.test.ts[2m > [22m[2mworker-restart[2m > [22m[2mshouldRestart[2m > [22m[2mreturns null after max restarts
[22m[39m[WorkerFactory] Using SQLite adapter

[90mstdout[2m | src/team/__tests__/worker-health.test.ts[2m > [22m[2mworker-health[2m > [22m[2mgetWorkerHealthReports[2m > [22m[2mcounts task completions and failures from audit log
[22m[39m[WorkerFactory] Using SQLite adapter

[90mstdout[2m | src/team/__tests__/worker-health.test.ts[2m > [22m[2mworker-health[2m > [22m[2mgetWorkerHealthReports[2m > [22m[2mcounts task completions and failures from audit log
[22m[39m[WorkerFactory] Using SQLite adapter

[90mstdout[2m | src/team/__tests__/worker-health.test.ts[2m > [22m[2mworker-health[2m > [22m[2mgetWorkerHealthReports[2m > [22m[2mcounts task completions and failures from audit log
[22m[39m[WorkerFactory] Using SQLite adapter

[90mstdout[2m | src/team/__tests__/worker-restart.test.ts[2m > [22m[2mworker-restart[2m > [22m[2mshouldRestart[2m > [22m[2muses custom policy
[22m[39m[WorkerFactory] Using SQLite adapter

[90mstdout[2m | src/team/__tests__/worker-restart.test.ts[2m > [22m[2mworker-restart[2m > [22m[2mshouldRestart[2m > [22m[2muses custom policy
[22m[39m[WorkerFactory] Using SQLite adapter

[90mstdout[2m | src/team/__tests__/worker-health.test.ts[2m > [22m[2mworker-health[2m > [22m[2mgetWorkerHealthReports[2m > [22m[2mreports quarantined worker
[22m[39m[WorkerFactory] Using SQLite adapter

[90mstdout[2m | src/team/__tests__/worker-health.test.ts[2m > [22m[2mworker-health[2m > [22m[2mgetWorkerHealthReports[2m > [22m[2mreports quarantined worker
[22m[39m[WorkerFactory] Using SQLite adapter

[90mstdout[2m | src/team/__tests__/worker-health.test.ts[2m > [22m[2mworker-health[2m > [22m[2mgetWorkerHealthReports[2m > [22m[2mreports quarantined worker
[22m[39m[WorkerFactory] Using SQLite adapter

[90mstdout[2m | tests/reliability/retry-manager.test.ts[2m > [22m[2mRetryManager[2m > [22m[2mshould use default options
[22m[39m[RetryManager] Attempt 2 failed: fail
[RetryManager] Retrying in 2000ms...

[90mstdout[2m | src/team/__tests__/worker-restart.test.ts[2m > [22m[2mworker-restart[2m > [22m[2mrecordRestart[2m > [22m[2mcreates restart state on first call
[22m[39m[WorkerFactory] Using SQLite adapter

[90mstdout[2m | src/team/__tests__/worker-restart.test.ts[2m > [22m[2mworker-restart[2m > [22m[2mrecordRestart[2m > [22m[2mcreates restart state on first call
[22m[39m[WorkerFactory] Using SQLite adapter

[90mstdout[2m | src/team/__tests__/worker-restart.test.ts[2m > [22m[2mworker-restart[2m > [22m[2mrecordRestart[2m > [22m[2mcreates restart state on first call
[22m[39m[WorkerFactory] Using SQLite adapter

[90mstdout[2m | src/team/__tests__/worker-restart.test.ts[2m > [22m[2mworker-restart[2m > [22m[2mrecordRestart[2m > [22m[2mcreates restart state on first call
[22m[39m[WorkerFactory] Using SQLite adapter

[90mstdout[2m | src/team/__tests__/worker-health.test.ts[2m > [22m[2mworker-health[2m > [22m[2mcheckWorkerHealth[2m > [22m[2mreturns null for healthy worker
[22m[39m[WorkerFactory] Using SQLite adapter

[90mstdout[2m | src/team/__tests__/worker-health.test.ts[2m > [22m[2mworker-health[2m > [22m[2mcheckWorkerHealth[2m > [22m[2mreturns null for healthy worker
[22m[39m[WorkerFactory] Using SQLite adapter

[90mstdout[2m | src/team/__tests__/worker-health.test.ts[2m > [22m[2mworker-health[2m > [22m[2mcheckWorkerHealth[2m > [22m[2mreturns null for healthy worker
[22m[39m[WorkerFactory] Using SQLite adapter

[90mstdout[2m | src/team/__tests__/worker-restart.test.ts[2m > [22m[2mworker-restart[2m > [22m[2mrecordRestart[2m > [22m[2mincrements restart count
[22m[39m[WorkerFactory] Using SQLite adapter

[90mstdout[2m | src/team/__tests__/worker-restart.test.ts[2m > [22m[2mworker-restart[2m > [22m[2mrecordRestart[2m > [22m[2mincrements restart count
[22m[39m[WorkerFactory] Using SQLite adapter

[90mstdout[2m | src/team/__tests__/worker-restart.test.ts[2m > [22m[2mworker-restart[2m > [22m[2mrecordRestart[2m > [22m[2mincrements restart count
[22m[39m[WorkerFactory] Using SQLite adapter

[90mstdout[2m | src/team/__tests__/worker-restart.test.ts[2m > [22m[2mworker-restart[2m > [22m[2mrecordRestart[2m > [22m[2mincrements restart count
[22m[39m[WorkerFactory] Using SQLite adapter

[90mstdout[2m | src/team/__tests__/worker-restart.test.ts[2m > [22m[2mworker-restart[2m > [22m[2mrecordRestart[2m > [22m[2mincrements restart count
[22m[39m[WorkerFactory] Using SQLite adapter

[90mstdout[2m | src/team/__tests__/worker-restart.test.ts[2m > [22m[2mworker-restart[2m > [22m[2mrecordRestart[2m > [22m[2mincrements restart count
[22m[39m[WorkerFactory] Using SQLite adapter

[90mstdout[2m | src/team/__tests__/worker-health.test.ts[2m > [22m[2mworker-health[2m > [22m[2mcheckWorkerHealth[2m > [22m[2mdetects dead worker
[22m[39m[WorkerFactory] Using SQLite adapter

[90mstdout[2m | src/team/__tests__/worker-health.test.ts[2m > [22m[2mworker-health[2m > [22m[2mcheckWorkerHealth[2m > [22m[2mdetects dead worker
[22m[39m[WorkerFactory] Using SQLite adapter

[90mstdout[2m | src/team/__tests__/worker-restart.test.ts[2m > [22m[2mworker-restart[2m > [22m[2mrecordRestart[2m > [22m[2mupdates lastRestartAt timestamp
[22m[39m[WorkerFactory] Using SQLite adapter

[90mstdout[2m | src/team/__tests__/worker-restart.test.ts[2m > [22m[2mworker-restart[2m > [22m[2mrecordRestart[2m > [22m[2mupdates lastRestartAt timestamp
[22m[39m[WorkerFactory] Using SQLite adapter

[90mstdout[2m | src/team/__tests__/worker-restart.test.ts[2m > [22m[2mworker-restart[2m > [22m[2mrecordRestart[2m > [22m[2mupdates lastRestartAt timestamp
[22m[39m[WorkerFactory] Using SQLite adapter

[90mstdout[2m | src/team/__tests__/worker-restart.test.ts[2m > [22m[2mworker-restart[2m > [22m[2mrecordRestart[2m > [22m[2mupdates lastRestartAt timestamp
[22m[39m[WorkerFactory] Using SQLite adapter

[90mstdout[2m | src/team/__tests__/worker-restart.test.ts[2m > [22m[2mworker-restart[2m > [22m[2mrecordRestart[2m > [22m[2mupdates lastRestartAt timestamp
[22m[39m[WorkerFactory] Using SQLite adapter

[90mstdout[2m | src/team/__tests__/worker-restart.test.ts[2m > [22m[2mworker-restart[2m > [22m[2mrecordRestart[2m > [22m[2mupdates lastRestartAt timestamp
[22m[39m[WorkerFactory] Using SQLite adapter

[90mstdout[2m | src/team/__tests__/worker-restart.test.ts[2m > [22m[2mworker-restart[2m > [22m[2mrecordRestart[2m > [22m[2mupdates lastRestartAt timestamp
[22m[39m[WorkerFactory] Using SQLite adapter

[90mstdout[2m | src/team/__tests__/worker-health.test.ts[2m > [22m[2mworker-health[2m > [22m[2mcheckWorkerHealth[2m > [22m[2mdetects quarantined worker
[22m[39m[WorkerFactory] Using SQLite adapter

[90mstdout[2m | src/team/__tests__/worker-health.test.ts[2m > [22m[2mworker-health[2m > [22m[2mcheckWorkerHealth[2m > [22m[2mdetects quarantined worker
[22m[39m[WorkerFactory] Using SQLite adapter

[90mstdout[2m | src/team/__tests__/worker-restart.test.ts[2m > [22m[2mworker-restart[2m > [22m[2mclearRestartState[2m > [22m[2mremoves restart state
[22m[39m[WorkerFactory] Using SQLite adapter

[90mstdout[2m | src/team/__tests__/worker-restart.test.ts[2m > [22m[2mworker-restart[2m > [22m[2mclearRestartState[2m > [22m[2mremoves restart state
[22m[39m[WorkerFactory] Using SQLite adapter

[90mstdout[2m | src/team/__tests__/worker-restart.test.ts[2m > [22m[2mworker-restart[2m > [22m[2mclearRestartState[2m > [22m[2mremoves restart state
[22m[39m[WorkerFactory] Using SQLite adapter

[90mstdout[2m | src/team/__tests__/worker-restart.test.ts[2m > [22m[2mworker-restart[2m > [22m[2mclearRestartState[2m > [22m[2mremoves restart state
[22m[39m[WorkerFactory] Using SQLite adapter

[90mstdout[2m | src/team/__tests__/worker-restart.test.ts[2m > [22m[2mworker-restart[2m > [22m[2mclearRestartState[2m > [22m[2mremoves restart state
[22m[39m[WorkerFactory] Using SQLite adapter

[90mstdout[2m | src/team/__tests__/worker-restart.test.ts[2m > [22m[2mworker-restart[2m > [22m[2mclearRestartState[2m > [22m[2mremoves restart state
[22m[39m[WorkerFactory] Using SQLite adapter

[90mstdout[2m | src/team/__tests__/worker-health.test.ts[2m > [22m[2mworker-health[2m > [22m[2mcheckWorkerHealth[2m > [22m[2mwarns about high error count
[22m[39m[WorkerFactory] Using SQLite adapter

[90mstdout[2m | src/team/__tests__/worker-health.test.ts[2m > [22m[2mworker-health[2m > [22m[2mcheckWorkerHealth[2m > [22m[2mwarns about high error count
[22m[39m[WorkerFactory] Using SQLite adapter

[90mstdout[2m | src/team/__tests__/worker-restart.test.ts[2m > [22m[2mworker-restart[2m > [22m[2mclearRestartState[2m > [22m[2mdoes not throw for non-existent state
[22m[39m[WorkerFactory] Using SQLite adapter

[90mstdout[2m | src/team/__tests__/worker-health.test.ts[2m > [22m[2mworker-health[2m > [22m[2mcheckWorkerHealth[2m > [22m[2mreturns null when no heartbeat exists
[22m[39m[WorkerFactory] Using SQLite adapter

 [32m✓[39m src/hooks/autopilot/__tests__/validation.test.ts [2m([22m[2m47 tests[22m[2m)[22m[33m 2446[2mms[22m[39m
 [32m✓[39m src/team/__tests__/worker-health.test.ts [2m([22m[2m10 tests[22m[2m)[22m[33m 2878[2mms[22m[39m
       [33m[2m✓[22m[39m returns empty array when no workers registered [33m 328[2mms[22m[39m
       [33m[2m✓[22m[39m reports alive worker with fresh heartbeat [33m 372[2mms[22m[39m
       [33m[2m✓[22m[39m reports dead worker with stale heartbeat [33m 351[2mms[22m[39m
 [31m❯[39m src/__tests__/hooks.test.ts [2m([22m[2m141 tests[22m[2m | [22m[31m4 failed[39m[2m)[22m[33m 2673[2mms[22m[39m
       [32m✓[39m should extract text from text parts[32m 3[2mms[22m[39m
       [32m✓[39m should filter out non-text parts[32m 1[2mms[22m[39m
       [32m✓[39m should handle empty parts array[32m 0[2mms[22m[39m
       [32m✓[39m should handle parts without text[32m 0[2mms[22m[39m
       [32m✓[39m should join multiple text parts with space[32m 1[2mms[22m[39m
       [32m✓[39m should remove triple backtick fenced code blocks[32m 2[2mms[22m[39m
       [32m✓[39m should remove tilde fenced code blocks[32m 1[2mms[22m[39m
       [32m✓[39m should remove inline code with single backticks[32m 1[2mms[22m[39m
       [32m✓[39m should handle multiple code blocks[32m 0[2mms[22m[39m
       [32m✓[39m should handle text without code blocks[32m 1[2mms[22m[39m
       [32m✓[39m should handle empty string[32m 0[2mms[22m[39m
       [32m✓[39m should handle nested inline code[32m 1[2mms[22m[39m
       [32m✓[39m should detect ultrawork keyword[32m 6[2mms[22m[39m
       [32m✓[39m should detect ulw abbreviation[32m 4[2mms[22m[39m
       [32m✓[39m should detect ultrathink keyword[32m 2[2mms[22m[39m
       [32m✓[39m should detect ultrathink keyword directly[32m 1[2mms[22m[39m
       [32m✓[39m should detect deepsearch keywords for codebase search[32m 1[2mms[22m[39m
       [32m✓[39m should detect analyze keywords with restricted patterns[32m 1[2mms[22m[39m
       [32m✓[39m should be case insensitive[32m 2[2mms[22m[39m
       [32m✓[39m should respect word boundaries[32m 1[2mms[22m[39m
       [32m✓[39m should include position information[32m 1[2mms[22m[39m
       [32m✓[39m should return empty array for no matches[32m 2[2mms[22m[39m
       [32m✓[39m should detect multiple different keyword types[32m 1[2mms[22m[39m
       [32m✓[39m should detect cancel keyword[32m 1[2mms[22m[39m
       [32m✓[39m should detect cancel keyword variations[32m 1[2mms[22m[39m
       [32m✓[39m should route legacy ultrapilot keyword to team (with dual-emission)[32m 0[2mms[22m[39m
       [32m✓[39m should route legacy ultrapilot patterns to team[32m 0[2mms[22m[39m
       [32m✓[39m should route legacy swarm keyword to team (with dual-emission)[32m 1[2mms[22m[39m
       [32m✓[39m should route coordinated agents pattern to team (with dual-emission)[32m 1[2mms[22m[39m
       [32m✓[39m should detect pipeline keyword[32m 1[2mms[22m[39m
       [32m✓[39m should detect chain agents pattern[32m 0[2mms[22m[39m
       [32m✓[39m should detect ralplan keyword[32m 0[2mms[22m[39m
       [32m✓[39m should detect plan patterns[32m 0[2mms[22m[39m
       [32m✓[39m should detect tdd keyword[32m 0[2mms[22m[39m
       [32m✓[39m should detect tdd patterns[32m 0[2mms[22m[39m
       [32m✓[39m should not detect research keyword[32m 1[2mms[22m[39m
       [32m✓[39m should detect deepsearch keyword[32m 2[2mms[22m[39m
       [32m✓[39m should detect deepsearch patterns[32m 1[2mms[22m[39m
       [32m✓[39m should NOT detect deepsearch for generic find[32m 1[2mms[22m[39m
       [32m✓[39m should detect analyze patterns with restrictions[32m 1[2mms[22m[39m
       [32m✓[39m should NOT detect analyze for generic patterns[32m 1[2mms[22m[39m
       [32m✓[39m should return true when keyword exists[32m 0[2mms[22m[39m
       [32m✓[39m should return false when no keyword exists[32m 0[2mms[22m[39m
       [32m✓[39m should ignore keywords in code blocks[32m 0[2mms[22m[39m
       [32m✓[39m should detect keywords outside code blocks[32m 0[2mms[22m[39m
       [32m✓[39m should handle empty string[32m 0[2mms[22m[39m
       [32m✓[39m should return highest priority keyword[32m 1[2mms[22m[39m
       [32m✓[39m should return ultrathink when present[32m 0[2mms[22m[39m
       [32m✓[39m should return deepsearch for codebase search[32m 0[2mms[22m[39m
       [32m✓[39m should return analyze when only analyze keyword[32m 0[2mms[22m[39m
       [32m✓[39m should return null when no keywords[32m 0[2mms[22m[39m
       [32m✓[39m should ignore code blocks[32m 0[2mms[22m[39m
       [32m✓[39m should return first detected when same priority[32m 1[2mms[22m[39m
       [32m✓[39m should give cancel highest priority[32m 0[2mms[22m[39m
       [32m✓[39m should give cancel priority over analyze[32m 2[2mms[22m[39m
       [32m✓[39m should prioritize cancel over all other keywords[32m 1[2mms[22m[39m
       [32m✓[39m should prioritize ralph after cancel[32m 1[2mms[22m[39m
       [32m✓[39m should prioritize ultrapilot for legacy ultrapilot trigger[32m 1[2mms[22m[39m
       [32m✓[39m should prioritize team for legacy swarm trigger[32m 0[2mms[22m[39m
       [32m✓[39m should prioritize pipeline correctly[32m 0[2mms[22m[39m
       [32m✓[39m should prioritize ralplan over plan[32m 0[2mms[22m[39m
       [32m✓[39m should detect plan correctly[32m 0[2mms[22m[39m
       [32m✓[39m should prioritize tdd correctly[32m 0[2mms[22m[39m
       [32m✓[39m should return null for removed research keyword[32m 0[2mms[22m[39m
       [32m✓[39m should prioritize deepsearch over generic search[32m 0[2mms[22m[39m
       [32m✓[39m should prioritize analyze with restricted pattern[32m 0[2mms[22m[39m
[31m     [31m×[31m restores active Team stage on session-start[39m[33m 742[2mms[22m[39m
[31m     [31m×[31m emits terminal Team restore guidance on cancelled stage[39m[32m 282[2mms[22m[39m
[31m     [31m×[31m enforces verify stage continuation while active and non-terminal[39m[33m 310[2mms[22m[39m
[31m     [31m×[31m enforces fix stage continuation while active and non-terminal[39m[32m 257[2mms[22m[39m
     [33m[2m✓[22m[39m allows terminal cleanup when Team stage is cancelled [33m 348[2mms[22m[39m
     [33m[2m✓[22m[39m does not remove reply-session registry on idle Stop/persistent-mode [33m 436[2mms[22m[39m
       [32m✓[39m should format when all tasks complete[32m 1[2mms[22m[39m
       [32m✓[39m should format with incomplete tasks[32m 1[2mms[22m[39m
       [32m✓[39m should handle zero total tasks[32m 0[2mms[22m[39m
       [32m✓[39m should handle all tasks incomplete[32m 0[2mms[22m[39m
       [32m✓[39m should handle single task remaining[32m 0[2mms[22m[39m
       [32m✓[39m should return in_progress todo first[32m 0[2mms[22m[39m
       [32m✓[39m should return first pending when no in_progress[32m 0[2mms[22m[39m
       [32m✓[39m should return null when no todos[32m 0[2mms[22m[39m
       [32m✓[39m should return null when all completed[32m 0[2mms[22m[39m
       [32m✓[39m should handle todos with priority field[32m 0[2mms[22m[39m
       [32m✓[39m should handle todos with id field[32m 1[2mms[22m[39m
       [32m✓[39m should ignore cancelled todos[32m 0[2mms[22m[39m
       [32m✓[39m should prefer in_progress over multiple pending[32m 0[2mms[22m[39m
       [32m✓[39m should handle all valid status values[32m 1[2mms[22m[39m
       [32m✓[39m should handle optional fields[32m 1[2mms[22m[39m
       [32m✓[39m should handle minimal todo object[32m 1[2mms[22m[39m
       [32m✓[39m should maintain consistency between count and todos length[32m 0[2mms[22m[39m
       [32m✓[39m should handle edge case of more completed than total[32m 0[2mms[22m[39m
       [32m✓[39m should create valid hook output with continue flag[32m 1[2mms[22m[39m
       [32m✓[39m should create valid hook output without message[32m 0[2mms[22m[39m
       [32m✓[39m should serialize to valid JSON[32m 0[2mms[22m[39m
       [32m✓[39m should handle multiline messages[32m 1[2mms[22m[39m
       [32m✓[39m should handle empty message[32m 0[2mms[22m[39m
       [32m✓[39m should handle special characters in message[32m 0[2mms[22m[39m
       [32m✓[39m should format continuation message[32m 0[2mms[22m[39m
       [32m✓[39m should format keyword detection message[32m 0[2mms[22m[39m
       [32m✓[39m should format todo status message[32m 0[2mms[22m[39m
     [32m✓[39m should detect keywords outside code and ignore inside[32m 1[2mms[22m[39m
     [32m✓[39m should handle inline code with keywords[32m 0[2mms[22m[39m
     [32m✓[39m should prioritize ultrawork even with other keywords[32m 0[2mms[22m[39m
       [32m✓[39m should handle empty prompt parts[32m 0[2mms[22m[39m
       [32m✓[39m should handle empty text in removeCodeBlocks[32m 0[2mms[22m[39m
       [32m✓[39m should handle empty text in detectKeywordsWithType[32m 0[2mms[22m[39m
       [32m✓[39m should handle empty text in hasKeyword[32m 1[2mms[22m[39m
       [32m✓[39m should handle empty text in getPrimaryKeyword[32m 0[2mms[22m[39m
       [32m✓[39m should detect keywords with extra whitespace[32m 1[2mms[22m[39m
       [32m✓[39m should handle newlines and tabs[32m 1[2mms[22m[39m
       [32m✓[39m should handle unicode characters[32m 3[2mms[22m[39m
       [32m✓[39m should handle mixed scripts[32m 1[2mms[22m[39m
       [32m✓[39m should handle long text efficiently[32m 1[2mms[22m[39m
       [32m✓[39m should handle many code blocks[32m 1[2mms[22m[39m
       [32m✓[39m should define valid UltraQA goal types[32m 2[2mms[22m[39m
       [32m✓[39m should have valid state structure[32m 1[2mms[22m[39m
       [32m✓[39m should track failure history[32m 1[2mms[22m[39m
       [32m✓[39m should respect max cycles limit[32m 0[2mms[22m[39m
       [32m✓[39m should allow incrementing cycles within limit[32m 1[2mms[22m[39m
       [32m✓[39m should have valid success result[32m 1[2mms[22m[39m
       [32m✓[39m should have valid failure result[32m 1[2mms[22m[39m
       [32m✓[39m should detect same failure pattern[32m 1[2mms[22m[39m
       [32m✓[39m should map goal types to commands[32m 0[2mms[22m[39m
       [32m✓[39m should format progress message[32m 0[2mms[22m[39m
     [32m✓[39m should export resetTodoContinuationAttempts function[32m 0[2mms[22m[39m
     [32m✓[39m should not throw when resetting non-existent session[32m 3[2mms[22m[39m
     [32m✓[39m should allow resetting attempts multiple times[32m 1[2mms[22m[39m
       [32m✓[39m should return false when no ultraqa state exists[32m 9[2mms[22m[39m
       [32m✓[39m should return true when ultraqa is active[32m 8[2mms[22m[39m
       [32m✓[39m should return false when ultraqa is not active[32m 9[2mms[22m[39m
       [32m✓[39m should return false for invalid JSON[32m 9[2mms[22m[39m
       [32m✓[39m should return false when no ralph state exists[32m 7[2mms[22m[39m
       [32m✓[39m should return true when ralph is active[32m 8[2mms[22m[39m
       [32m✓[39m should return false when ralph is not active[32m 11[2mms[22m[39m
       [32m✓[39m should fail to start UltraQA when Ralph is active[32m 17[2mms[22m[39m
       [32m✓[39m should succeed starting UltraQA when Ralph is not active[32m 18[2mms[22m[39m
       [32m✓[39m should succeed starting UltraQA when ralph state exists but inactive[32m 15[2mms[22m[39m
       [32m✓[39m should fail to start Ralph when UltraQA is active[32m 15[2mms[22m[39m
       [32m✓[39m should succeed starting Ralph when UltraQA is not active[32m 17[2mms[22m[39m
       [32m✓[39m should succeed starting Ralph when ultraqa state exists but inactive[32m 15[2mms[22m[39m
       [32m✓[39m should clear UltraQA state properly[32m 16[2mms[22m[39m
       [32m✓[39m should clear Ralph state properly[32m 14[2mms[22m[39m
 [32m✓[39m src/__tests__/job-state-db.test.ts [2m([22m[2m74 tests[22m[2m)[22m[33m 3569[2mms[22m[39m
 [32m✓[39m src/team/__tests__/worker-restart.test.ts [2m([22m[2m12 tests[22m[2m)[22m[33m 3302[2mms[22m[39m
       [33m[2m✓[22m[39m returns base backoff for first restart [33m 368[2mms[22m[39m
       [33m[2m✓[22m[39m returns exponential backoff values [33m 324[2mms[22m[39m
       [33m[2m✓[22m[39m caps backoff at backoffMaxMs [33m 343[2mms[22m[39m
 [32m✓[39m src/hooks/__tests__/priority-chain.test.ts [2m([22m[2m24 tests[22m[2m)[22m[33m 3387[2mms[22m[39m
       [33m[2m✓[22m[39m should prioritize ralph over autopilot [33m 441[2mms[22m[39m
       [33m[2m✓[22m[39m should execute cleanup in correct order [33m 425[2mms[22m[39m
       [33m[2m✓[22m[39m should handle tool-error hook [33m 387[2mms[22m[39m
       [33m[2m✓[22m[39m should process all 15 HookTypes without errors [33m 1282[2mms[22m[39m
[90mstdout[2m | tests/reliability/retry-manager.test.ts[2m > [22m[2mRetryManager[2m > [22m[2mshould use default options
[22m[39m[RetryManager] Attempt 3 failed: fail
[RetryManager] Retrying in 4000ms...

 [32m✓[39m src/notifications/__tests__/session-registry.test.ts [2m([22m[2m20 tests[22m[2m)[22m[33m 3940[2mms[22m[39m
       [33m[2m✓[22m[39m does not drop writes under contention (eventually appends) [33m 523[2mms[22m[39m
       [33m[2m✓[22m[39m retries across lock-timeout windows and eventually appends [33m 2407[2mms[22m[39m
       [33m[2m✓[22m[39m does not reap stale lock when owner pid is still alive [33m 728[2mms[22m[39m
 [31m❯[39m src/hooks/__tests__/bridge-routing.test.ts [2m([22m[2m60 tests[22m[2m | [22m[31m1 failed[39m[2m | [22m[33m1 skipped[39m[2m)[22m[33m 3649[2mms[22m[39m
       [32m✓[39m should route "keyword-detector" and return a valid HookOutput[32m 97[2mms[22m[39m
       [32m✓[39m should route "stop-continuation" and return a valid HookOutput[32m 19[2mms[22m[39m
       [32m✓[39m should route "ralph" and return a valid HookOutput[32m 200[2mms[22m[39m
       [32m✓[39m should route "persistent-mode" and return a valid HookOutput[32m 142[2mms[22m[39m
       [32m✓[39m should route "session-start" and return a valid HookOutput[32m 104[2mms[22m[39m
       [33m[2m✓[22m[39m should route "session-end" and return a valid HookOutput [33m 399[2mms[22m[39m
       [33m[2m✓[22m[39m should route "pre-tool-use" and return a valid HookOutput [33m 718[2mms[22m[39m
       [32m✓[39m should route "post-tool-use" and return a valid HookOutput[32m 65[2mms[22m[39m
       [32m✓[39m should route "autopilot" and return a valid HookOutput[32m 71[2mms[22m[39m
       [32m✓[39m should route "subagent-start" and return a valid HookOutput[32m 5[2mms[22m[39m
       [32m✓[39m should route "subagent-stop" and return a valid HookOutput[32m 6[2mms[22m[39m
       [32m✓[39m should route "pre-compact" and return a valid HookOutput[32m 69[2mms[22m[39m
       [32m✓[39m should route "setup-init" and return a valid HookOutput[32m 85[2mms[22m[39m
       [32m✓[39m should route "setup-maintenance" and return a valid HookOutput[32m 5[2mms[22m[39m
       [32m✓[39m should route "permission-request" and return a valid HookOutput[32m 6[2mms[22m[39m
[31m       [31m×[31m should handle keyword-detector with a keyword prompt[39m[32m 12[2mms[22m[39m
       [32m✓[39m should handle keyword-detector with no keyword prompt[32m 2[2mms[22m[39m
       [32m✓[39m should handle pre-tool-use with Bash tool input[32m 147[2mms[22m[39m
       [32m✓[39m should handle post-tool-use with tool output[32m 45[2mms[22m[39m
       [2m[90m↓[39m[22m should activate ralph and linked ultrawork when Skill tool invokes ralph
       [32m✓[39m should handle session-start and return continue:true[32m 52[2mms[22m[39m
       [32m✓[39m should handle stop-continuation and always return continue:true[32m 1[2mms[22m[39m
       [32m✓[39m should return continue:true for unknown hook type[32m 2[2mms[22m[39m
       [32m✓[39m should return continue:true for empty string hook type[32m 1[2mms[22m[39m
       [32m✓[39m should normalize snake_case tool_name to camelCase toolName[32m 54[2mms[22m[39m
       [32m✓[39m should normalize cwd to directory[32m 2[2mms[22m[39m
       [32m✓[39m should normalize tool_response to toolOutput[32m 86[2mms[22m[39m
       [32m✓[39m should handle already-camelCase input without breaking[32m 161[2mms[22m[39m
       [32m✓[39m should handle empty/null input gracefully[32m 1[2mms[22m[39m
       [32m✓[39m should handle null input without crashing[32m 1[2mms[22m[39m
       [32m✓[39m should skip a specific hook type when listed[32m 1[2mms[22m[39m
       [32m✓[39m should not skip hooks not in the list[32m 1[2mms[22m[39m
       [32m✓[39m should skip multiple comma-separated hooks[32m 2[2mms[22m[39m
       [32m✓[39m should handle whitespace around hook names[32m 1[2mms[22m[39m
       [32m✓[39m should process normally with empty OMC_SKIP_HOOKS[32m 1[2mms[22m[39m
       [32m✓[39m should return continue:true for all hooks when DISABLE_OMC=1[32m 1[2mms[22m[39m
       [32m✓[39m should return continue:true when DISABLE_OMC=true[32m 1[2mms[22m[39m
       [32m✓[39m should process normally when DISABLE_OMC=false[32m 1[2mms[22m[39m
       [32m✓[39m DISABLE_OMC takes precedence over OMC_SKIP_HOOKS[32m 1[2mms[22m[39m
       [32m✓[39m should catch errors and return continue:true[32m 5[2mms[22m[39m
       [33m[2m✓[22m[39m "session-end" should pass validation with camelCase input (post-normalization) [33m 552[2mms[22m[39m
       [32m✓[39m "subagent-start" should pass validation with camelCase input (post-normalization)[32m 6[2mms[22m[39m
       [32m✓[39m "subagent-stop" should pass validation with camelCase input (post-normalization)[32m 5[2mms[22m[39m
       [32m✓[39m "pre-compact" should pass validation with camelCase input (post-normalization)[32m 24[2mms[22m[39m
       [32m✓[39m "setup-init" should pass validation with camelCase input (post-normalization)[32m 4[2mms[22m[39m
       [32m✓[39m "setup-maintenance" should pass validation with camelCase input (post-normalization)[32m 3[2mms[22m[39m
       [32m✓[39m "permission-request" should pass validation with camelCase input including toolName[32m 3[2mms[22m[39m
       [32m✓[39m should fail validation when required camelCase keys are missing[32m 6[2mms[22m[39m
       [33m[2m✓[22m[39m snake_case input should be normalized and pass validation [33m 446[2mms[22m[39m
       [32m✓[39m should return camelCase keys for session-end[32m 1[2mms[22m[39m
       [32m✓[39m should return camelCase keys for subagent-start[32m 1[2mms[22m[39m
       [32m✓[39m should return camelCase keys for subagent-stop[32m 1[2mms[22m[39m
       [32m✓[39m should return camelCase keys for pre-compact[32m 1[2mms[22m[39m
       [32m✓[39m should return camelCase keys for setup-init[32m 1[2mms[22m[39m
       [32m✓[39m should return camelCase keys for setup-maintenance[32m 1[2mms[22m[39m
       [32m✓[39m should return camelCase keys with toolName for permission-request[32m 1[2mms[22m[39m
       [32m✓[39m should return empty array for unknown hook type[32m 1[2mms[22m[39m
       [32m✓[39m should pass sessionId to readAutopilotState for session isolation[32m 6[2mms[22m[39m
       [32m✓[39m should handle autopilot without sessionId gracefully[32m 6[2mms[22m[39m
       [32m✓[39m should return continue:true for completely unknown hook type[32m 2[2mms[22m[39m
 [32m✓[39m src/__tests__/consensus-execution-handoff.test.ts [2m([22m[2m16 tests[22m[2m)[22m[33m 597[2mms[22m[39m
 [32m✓[39m src/hooks/autopilot/__tests__/cancel.test.ts [2m([22m[2m55 tests[22m[2m)[22m[33m 1493[2mms[22m[39m
 [32m✓[39m src/hooks/session-end/__tests__/nexus-integration.test.ts [2m([22m[2m1 test[22m[2m)[22m[33m 5143[2mms[22m[39m
     [33m[2m✓[22m[39m processSessionEnd completes without throwing when nexus enabled [33m 5138[2mms[22m[39m
 [32m✓[39m src/tools/diagnostics/__tests__/lsp-aggregator.test.ts [2m([22m[2m7 tests[22m[2m)[22m[33m 1865[2mms[22m[39m
       [33m[2m✓[22m[39m finds and checks TypeScript files [33m 318[2mms[22m[39m
       [33m[2m✓[22m[39m aggregates diagnostics from multiple files [33m 615[2mms[22m[39m
       [33m[2m✓[22m[39m skips ignored directories [33m 309[2mms[22m[39m
       [33m[2m✓[22m[39m continues on LSP client errors [33m 307[2mms[22m[39m
       [33m[2m✓[22m[39m filters files by extensions [33m 306[2mms[22m[39m
 [32m✓[39m src/hooks/autopilot/__tests__/enforcement.test.ts [2m([22m[2m14 tests[22m[2m)[22m[33m 1811[2mms[22m[39m
 [32m✓[39m src/hooks/autopilot/__tests__/transitions.test.ts [2m([22m[2m28 tests[22m[2m)[22m[33m 1310[2mms[22m[39m
 [32m✓[39m src/hooks/ultrawork/session-isolation.test.ts [2m([22m[2m28 tests[22m[2m)[22m[33m 719[2mms[22m[39m
 [32m✓[39m src/lib/__tests__/worktree-paths.test.ts [2m([22m[2m32 tests[22m[2m)[22m[33m 2174[2mms[22m[39m
       [33m[2m✓[22m[39m should handle bare repositories by falling back and logging [33m 637[2mms[22m[39m
       [33m[2m✓[22m[39m should reject a workingDirectory that resolves to a different git root [33m 440[2mms[22m[39m
 [32m✓[39m src/team/__tests__/task-file-ops.test.ts [2m([22m[2m45 tests[22m[2m)[22m[33m 924[2mms[22m[39m
 [32m✓[39m src/hooks/project-memory/__tests__/detector.test.ts [2m([22m[2m6 tests[22m[2m)[22m[33m 773[2mms[22m[39m
 [32m✓[39m src/hooks/guards/__tests__/index.test.ts [2m([22m[2m27 tests[22m[2m)[22m[33m 503[2mms[22m[39m
 [32m✓[39m src/__tests__/job-management-sqlite.test.ts [2m([22m[2m16 tests[22m[2m)[22m[33m 709[2mms[22m[39m
 [32m✓[39m src/hooks/project-memory/__tests__/integration.test.ts [2m([22m[2m8 tests[22m[2m)[22m[33m 678[2mms[22m[39m
 [32m✓[39m src/team/__tests__/edge-cases.test.ts [2m([22m[2m67 tests[22m[2m)[22m[33m 1088[2mms[22m[39m
 [31m❯[39m src/team/__tests__/bridge-integration.test.ts [2m([22m[2m17 tests[22m[2m | [22m[31m2 failed[39m[2m)[22m[33m 471[2mms[22m[39m
       [32m✓[39m writes heartbeat files correctly[32m 32[2mms[22m[39m
[31m       [31m×[31m task can transition pending -> in_progress -> completed[39m[32m 78[2mms[22m[39m
       [32m✓[39m shutdown signal write/read/delete cycle[32m 32[2mms[22m[39m
       [32m✓[39m quarantine is reflected in heartbeat status[32m 27[2mms[22m[39m
[31m       [31m×[31m blocked task not picked up until blocker completes[39m[32m 41[2mms[22m[39m
       [32m✓[39m emits a ready outbox message after first successful poll cycle[32m 33[2mms[22m[39m
       [32m✓[39m ready message appears before any idle message[32m 25[2mms[22m[39m
       [32m✓[39m ready message type is valid in OutboxMessage union[32m 18[2mms[22m[39m
       [32m✓[39m emits worker_ready audit event when ready outbox message is written[32m 26[2mms[22m[39m
       [32m✓[39m writes ready heartbeat status before transitioning to polling[32m 25[2mms[22m[39m
     [32m✓[39m rejects /etc as working directory[32m 19[2mms[22m[39m
     [32m✓[39m rejects /tmp as working directory (outside home)[32m 18[2mms[22m[39m
     [32m✓[39m accepts a valid directory under home[32m 22[2mms[22m[39m
     [32m✓[39m rejects nonexistent directory[32m 23[2mms[22m[39m
     [32m✓[39m sanitizeName strips unsafe characters from team names[32m 16[2mms[22m[39m
     [32m✓[39m sanitizeName strips unsafe characters from worker names[32m 18[2mms[22m[39m
     [32m✓[39m config names are sanitized before use[32m 18[2mms[22m[39m
 [32m✓[39m src/__tests__/agent-registry.test.ts [2m([22m[2m4 tests[22m[2m)[22m[32m 200[2mms[22m[39m
 [32m✓[39m src/hooks/guards/__tests__/session-watchdog.test.ts [2m([22m[2m24 tests[22m[2m)[22m[33m 648[2mms[22m[39m
 [32m✓[39m src/mcp/__tests__/job-state-db-deprecation.test.ts [2m([22m[2m13 tests[22m[2m)[22m[33m 544[2mms[22m[39m
 [32m✓[39m src/platform/process-utils.test.ts [2m([22m[2m2 tests[22m[2m)[22m[33m 594[2mms[22m[39m
     [33m[2m✓[22m[39m should handle PID without command injection on Windows [33m 592[2mms[22m[39m
 [32m✓[39m src/__tests__/tools/trace-tools.test.ts [2m([22m[2m22 tests[22m[2m)[22m[33m 367[2mms[22m[39m
 [31m❯[39m src/__tests__/delegation-enforcement-levels.test.ts [2m([22m[2m63 tests[22m[2m | [22m[31m1 failed[39m[2m)[22m[33m 553[2mms[22m[39m
       [32m✓[39m suggests correct agent for file.ts[32m 4[2mms[22m[39m
       [32m✓[39m suggests correct agent for file.tsx[32m 1[2mms[22m[39m
       [32m✓[39m suggests correct agent for file.js[32m 1[2mms[22m[39m
       [32m✓[39m suggests correct agent for file.jsx[32m 1[2mms[22m[39m
       [32m✓[39m suggests correct agent for file.py[32m 1[2mms[22m[39m
       [32m✓[39m suggests correct agent for file.vue[32m 1[2mms[22m[39m
       [32m✓[39m suggests correct agent for file.svelte[32m 1[2mms[22m[39m
       [32m✓[39m suggests correct agent for file.css[32m 1[2mms[22m[39m
       [32m✓[39m suggests correct agent for file.scss[32m 1[2mms[22m[39m
       [32m✓[39m suggests correct agent for file.md[32m 1[2mms[22m[39m
       [32m✓[39m suggests correct agent for file.json[32m 1[2mms[22m[39m
       [32m✓[39m falls back to executor for unknown extension[32m 1[2mms[22m[39m
       [32m✓[39m handles empty path by allowing it (no warning)[32m 1[2mms[22m[39m
       [32m✓[39m defaults to warn when no config file exists[32m 1[2mms[22m[39m
       [32m✓[39m local config overrides global config[32m 1[2mms[22m[39m
[31m       [31m×[31m falls back to global config when no local config[39m[32m 9[2mms[22m[39m
       [32m✓[39m falls back to warn on invalid enforcement level in config[32m 2[2mms[22m[39m
       [32m✓[39m falls back to warn on malformed JSON config[32m 2[2mms[22m[39m
       [32m✓[39m supports enforcementLevel key as alternative[32m 1[2mms[22m[39m
         [32m✓[39m write to source file continues with no message[32m 1[2mms[22m[39m
         [32m✓[39m write to source file continues with warning message and agent suggestion[32m 2[2mms[22m[39m
         [32m✓[39m write to source file blocks with continue=false, reason, and message[32m 1[2mms[22m[39m
         [32m✓[39m allows .omc/plans/test.md regardless of enforcement level[32m 1[2mms[22m[39m
         [32m✓[39m allows .claude/settings.json regardless of enforcement level[32m 0[2mms[22m[39m
         [32m✓[39m allows docs/CLAUDE.md regardless of enforcement level[32m 0[2mms[22m[39m
         [32m✓[39m allows AGENTS.md regardless of enforcement level[32m 0[2mms[22m[39m
         [32m✓[39m Read tool continues regardless of enforcement level[32m 1[2mms[22m[39m
         [32m✓[39m Bash tool continues regardless of enforcement level[32m 0[2mms[22m[39m
         [32m✓[39m Glob tool continues regardless of enforcement level[32m 0[2mms[22m[39m
         [32m✓[39m Grep tool continues regardless of enforcement level[32m 0[2mms[22m[39m
         [32m✓[39m Task tool continues regardless of enforcement level[32m 0[2mms[22m[39m
       [32m✓[39m warning message includes agent suggestion text[32m 1[2mms[22m[39m
       [32m✓[39m handles filePath in different input keys[32m 2[2mms[22m[39m
       [32m✓[39m handles undefined toolInput gracefully[32m 1[2mms[22m[39m
       [32m✓[39m accepts blocked decision[32m 1[2mms[22m[39m
       [32m✓[39m accepts warned decision[32m 1[2mms[22m[39m
       [32m✓[39m accepts allowed decision without enforcementLevel[32m 1[2mms[22m[39m
       [32m✓[39m enforcementLevel field is present in logged entries for warned/blocked[32m 0[2mms[22m[39m
       [32m✓[39m calls enforcement before HUD tracking[32m 246[2mms[22m[39m
       [32m✓[39m blocks propagated from enforcement[32m 61[2mms[22m[39m
       [32m✓[39m warnings propagated from enforcement[32m 110[2mms[22m[39m
       [32m✓[39m Task tool tracking still works when enforcement passes[32m 80[2mms[22m[39m
       [32m✓[39m returns true for .omc/ paths[32m 0[2mms[22m[39m
       [32m✓[39m returns true for .claude/ paths[32m 0[2mms[22m[39m
       [32m✓[39m returns true for CLAUDE.md[32m 0[2mms[22m[39m
       [32m✓[39m returns true for AGENTS.md[32m 0[2mms[22m[39m
       [32m✓[39m returns false for source files[32m 0[2mms[22m[39m
       [32m✓[39m returns true for empty/falsy path[32m 0[2mms[22m[39m
       [32m✓[39m rejects .omc/../src/file.ts traversal[32m 0[2mms[22m[39m
       [32m✓[39m rejects .claude/../src/file.ts traversal[32m 0[2mms[22m[39m
       [32m✓[39m rejects bare .. traversal[32m 0[2mms[22m[39m
       [32m✓[39m handles Windows-style .omc paths[32m 0[2mms[22m[39m
       [32m✓[39m rejects Windows traversal .omc\..\src\file.ts[32m 0[2mms[22m[39m
       [32m✓[39m rejects foo/.omc/bar.ts as relative path[32m 0[2mms[22m[39m
       [32m✓[39m rejects mixed separator traversal .omc\..\..\secret[32m 0[2mms[22m[39m
       [32m✓[39m rejects double-dot with mixed separators .omc/..\src[32m 0[2mms[22m[39m
       [32m✓[39m rejects UNC paths as not relative to project[32m 1[2mms[22m[39m
       [32m✓[39m rejects absolute Windows drive paths without worktree root[32m 1[2mms[22m[39m
       [32m✓[39m returns true for source extensions[32m 1[2mms[22m[39m
       [32m✓[39m returns false for non-source extensions[32m 0[2mms[22m[39m
       [32m✓[39m returns false for empty path[32m 0[2mms[22m[39m
       [32m✓[39m returns true for write/edit tools[32m 0[2mms[22m[39m
       [32m✓[39m returns false for other tools[32m 0[2mms[22m[39m
 [32m✓[39m src/tools/__tests__/state-tools.test.ts [2m([22m[2m31 tests[22m[2m)[22m[33m 724[2mms[22m[39m
[90mstdout[2m | src/team/__tests__/mcp-team-bridge.test.ts[2m > [22m[2mrunBridge[2m > [22m[2mwrites initial heartbeat and exits on shutdown signal
[22m[39m2026-03-10T10:57:16.285Z [bridge] w1@test-team starting (codex)
2026-03-10T10:57:16.287Z [bridge] Shutdown signal received: test
2026-03-10T10:57:16.287Z [bridge] Shutdown complete. Goodbye.

[90mstdout[2m | src/team/__tests__/mcp-team-bridge.test.ts[2m > [22m[2mrunBridge
[22m[39m[WorkerFactory] Using SQLite adapter

[90mstdout[2m | src/team/__tests__/mcp-team-bridge.test.ts[2m > [22m[2mrunBridge[2m > [22m[2msends idle outbox when no tasks available
[22m[39m2026-03-10T10:57:16.296Z [bridge] w1@test-team starting (codex)

[90mstdout[2m | src/team/__tests__/mcp-team-bridge.test.ts[2m > [22m[2mrunBridge[2m > [22m[2msends idle outbox when no tasks available
[22m[39m[WorkerFactory] Using SQLite adapter

 [32m✓[39m src/__tests__/analytics/transcript-scanner.test.ts [2m([22m[2m24 tests[22m[2m)[22m[33m 342[2mms[22m[39m
 [32m✓[39m src/__tests__/analytics/transcript-parser.test.ts [2m([22m[2m15 tests[22m[2m)[22m[33m 669[2mms[22m[39m
       [33m[2m✓[22m[39m streams large files efficiently without loading all into memory [33m 574[2mms[22m[39m
[90mstdout[2m | src/team/__tests__/mcp-team-bridge.test.ts[2m > [22m[2mrunBridge[2m > [22m[2msends idle outbox when no tasks available
[22m[39m2026-03-10T10:57:16.403Z [bridge] Shutdown signal received: test
2026-03-10T10:57:16.404Z [bridge] Shutdown complete. Goodbye.

[90mstdout[2m | src/team/__tests__/mcp-team-bridge.test.ts[2m > [22m[2mrunBridge[2m > [22m[2mclaims task, spawns CLI, and marks completed on success
[22m[39m2026-03-10T10:57:16.407Z [bridge] w1@test-team starting (codex)

[90mstdout[2m | src/team/__tests__/mcp-team-bridge.test.ts[2m > [22m[2mrunBridge[2m > [22m[2mclaims task, spawns CLI, and marks completed on success
[22m[39m2026-03-10T10:57:16.408Z [bridge] Executing task task-99: Do work

[90mstdout[2m | src/team/__tests__/mcp-team-bridge.test.ts[2m > [22m[2mrunBridge[2m > [22m[2mclaims task, spawns CLI, and marks completed on success
[22m[39m2026-03-10T10:57:16.410Z [bridge] Task task-99 completed

 [32m✓[39m src/lib/__tests__/race-condition.test.ts [2m([22m[2m4 tests[22m[2m)[22m[32m 279[2mms[22m[39m
[90mstdout[2m | src/team/__tests__/mcp-team-bridge.test.ts[2m > [22m[2mrunBridge[2m > [22m[2mclaims task, spawns CLI, and marks completed on success
[22m[39m[WorkerFactory] Using SQLite adapter

 [32m✓[39m src/hooks/session-end/__tests__/session-end-bridge-cleanup.test.ts [2m([22m[2m1 test[22m[2m)[22m[33m 4110[2mms[22m[39m
     [33m[2m✓[22m[39m passes extracted python_repl sessions to cleanupBridgeSessions [33m 4109[2mms[22m[39m
[90mstdout[2m | src/team/__tests__/mcp-team-bridge.test.ts[2m > [22m[2mrunBridge[2m > [22m[2mclaims task, spawns CLI, and marks completed on success
[22m[39m2026-03-10T10:57:16.512Z [bridge] Shutdown signal received: done
2026-03-10T10:57:16.512Z [bridge] Shutdown complete. Goodbye.

[90mstdout[2m | src/team/__tests__/mcp-team-bridge.test.ts[2m > [22m[2mrunBridge[2m > [22m[2mretries task on CLI failure when retries not exhausted
[22m[39m2026-03-10T10:57:16.518Z [bridge] w1@test-team starting (codex)

[90mstdout[2m | src/team/__tests__/mcp-team-bridge.test.ts[2m > [22m[2mrunBridge[2m > [22m[2mretries task on CLI failure when retries not exhausted
[22m[39m2026-03-10T10:57:16.519Z [bridge] Executing task task-fail: Test task

[90mstdout[2m | src/team/__tests__/mcp-team-bridge.test.ts[2m > [22m[2mrunBridge[2m > [22m[2mretries task on CLI failure when retries not exhausted
[22m[39m2026-03-10T10:57:16.520Z [bridge] Task task-fail failed (attempt 1): CLI exited with code 1: CLI crashed

[90mstdout[2m | src/team/__tests__/mcp-team-bridge.test.ts[2m > [22m[2mrunBridge[2m > [22m[2mretries task on CLI failure when retries not exhausted
[22m[39m[WorkerFactory] Using SQLite adapter

[90mstdout[2m | tests/reliability/retry-manager.test.ts[2m > [22m[2mRetryManager[2m > [22m[2mshould use default options
[22m[39m[RetryManager] Attempt 4 failed: fail

 [32m✓[39m tests/reliability/retry-manager.test.ts [2m([22m[2m5 tests[22m[2m)[22m[33m 7853[2mms[22m[39m
     [33m[2m✓[22m[39m should use exponential backoff [33m 728[2mms[22m[39m
     [33m[2m✓[22m[39m should use default options [33m 7049[2mms[22m[39m
[90mstdout[2m | src/team/__tests__/mcp-team-bridge.test.ts[2m > [22m[2mrunBridge[2m > [22m[2mretries task on CLI failure when retries not exhausted
[22m[39m2026-03-10T10:57:16.621Z [bridge] Shutdown signal received: done
2026-03-10T10:57:16.621Z [bridge] Shutdown complete. Goodbye.

[90mstdout[2m | src/team/__tests__/mcp-team-bridge.test.ts[2m > [22m[2mrunBridge[2m > [22m[2mpermanently fails task when retries exhausted
[22m[39m2026-03-10T10:57:16.625Z [bridge] w1@test-team starting (codex)

[90mstdout[2m | src/team/__tests__/mcp-team-bridge.test.ts[2m > [22m[2mrunBridge[2m > [22m[2mpermanently fails task when retries exhausted
[22m[39m2026-03-10T10:57:16.627Z [bridge] Executing task task-perm: Test task

[90mstdout[2m | src/team/__tests__/mcp-team-bridge.test.ts[2m > [22m[2mrunBridge[2m > [22m[2mpermanently fails task when retries exhausted
[22m[39m2026-03-10T10:57:16.628Z [bridge] Task task-perm permanently failed after 5 attempts

[90mstdout[2m | src/team/__tests__/mcp-team-bridge.test.ts[2m > [22m[2mrunBridge[2m > [22m[2mpermanently fails task when retries exhausted
[22m[39m[WorkerFactory] Using SQLite adapter

[90mstdout[2m | src/team/__tests__/mcp-team-bridge.test.ts[2m > [22m[2mrunBridge[2m > [22m[2mpermanently fails task when retries exhausted
[22m[39m2026-03-10T10:57:16.732Z [bridge] Shutdown signal received: done
2026-03-10T10:57:16.732Z [bridge] Shutdown complete. Goodbye.

 [32m✓[39m src/team/__tests__/mcp-team-bridge.test.ts [2m([22m[2m36 tests[22m[2m)[22m[33m 515[2mms[22m[39m
 [32m✓[39m src/features/ccg/__tests__/incremental-processor.test.ts [2m([22m[2m3 tests[22m[2m)[22m[33m 4210[2mms[22m[39m
     [33m[2m✓[22m[39m detects changed files [33m 1530[2mms[22m[39m
     [33m[2m✓[22m[39m detects untracked files [33m 1604[2mms[22m[39m
     [33m[2m✓[22m[39m gets all changed files [33m 1075[2mms[22m[39m
 [31m❯[39m src/__tests__/hooks/learner/bridge.test.ts [2m([22m[2m16 tests[22m[2m | [22m[31m16 failed[39m[2m)[22m[32m 95[2mms[22m[39m
[31m       [31m×[31m should discover skills in project .omc/skills/[39m[32m 36[2mms[22m[39m
[31m       [31m×[31m should discover skills recursively in subdirectories[39m[32m 4[2mms[22m[39m
[31m       [31m×[31m should ignore non-.md files[39m[32m 3[2mms[22m[39m
[31m       [31m×[31m should parse valid frontmatter with all fields[39m[32m 4[2mms[22m[39m
[31m       [31m×[31m should handle files without frontmatter[39m[32m 4[2mms[22m[39m
[31m       [31m×[31m should parse inline array syntax[39m[32m 3[2mms[22m[39m
[31m       [31m×[31m should handle unterminated inline array (missing closing bracket)[39m[32m 4[2mms[22m[39m
[31m       [31m×[31m should match skills by trigger substring[39m[32m 3[2mms[22m[39m
[31m       [31m×[31m should not match when triggers dont match[39m[32m 7[2mms[22m[39m
[31m       [31m×[31m should use fuzzy matching when opt-in[39m[32m 3[2mms[22m[39m
[31m       [31m×[31m should respect skill limit[39m[32m 3[2mms[22m[39m
[31m       [31m×[31m should track injected skills via file-based cache[39m[32m 4[2mms[22m[39m
[31m       [31m×[31m should not return skills for different session[39m[32m 3[2mms[22m[39m
[31m       [31m×[31m should persist state to file[39m[32m 4[2mms[22m[39m
[31m       [31m×[31m should not re-inject already injected skills[39m[32m 4[2mms[22m[39m
[31m       [31m×[31m should return project skills before user skills[39m[32m 4[2mms[22m[39m
 [32m✓[39m src/hooks/recovery/__tests__/storage.test.ts [2m([22m[2m33 tests[22m[2m)[22m[33m 786[2mms[22m[39m
 [32m✓[39m src/hooks/persistent-mode/__tests__/error-handling.test.ts [2m([22m[2m4 tests[22m[2m)[22m[33m 3549[2mms[22m[39m
     [33m[2m✓[22m[39m should return continue:true on empty valid input without hanging [33m 2911[2mms[22m[39m
 [32m✓[39m src/team/__tests__/audit-log.test.ts [2m([22m[2m16 tests[22m[2m)[22m[33m 399[2mms[22m[39m
 [31m❯[39m src/hooks/subagent-tracker/__tests__/index.test.ts [2m([22m[2m25 tests[22m[2m | [22m[31m19 failed[39m[2m)[22m[33m 560[2mms[22m[39m
[31m       [31m×[31m should record tool usage for a running agent[39m[32m 28[2mms[22m[39m
       [32m✓[39m should not record for non-existent agent[32m 20[2mms[22m[39m
[31m       [31m×[31m should cap tool usage at 50 entries[39m[32m 20[2mms[22m[39m
[31m       [31m×[31m should include timestamp and success flag[39m[32m 21[2mms[22m[39m
       [32m✓[39m should return empty string when no running agents[32m 17[2mms[22m[39m
[31m       [31m×[31m should format single running agent correctly[39m[32m 17[2mms[22m[39m
[31m       [31m×[31m should format multiple (5) parallel agents[39m[32m 18[2mms[22m[39m
[31m       [31m×[31m should show tool count and last tool[39m[32m 13[2mms[22m[39m
[31m       [31m×[31m should detect and show stale agents warning[39m[32m 16[2mms[22m[39m
[31m       [31m×[31m should truncate agent_id to 7 chars[39m[32m 17[2mms[22m[39m
[31m       [31m×[31m should strip ultrapower: prefix from agent type[39m[32m 17[2mms[22m[39m
       [32m✓[39m should return empty array for fresh agents[32m 8[2mms[22m[39m
       [32m✓[39m should detect agents older than 5 minutes[32m 10[2mms[22m[39m
       [32m✓[39m should not flag completed agents as stale[32m 10[2mms[22m[39m
[31m       [31m×[31m should return correct counts for mixed agent states[39m[32m 21[2mms[22m[39m
       [32m✓[39m should handle empty state[32m 19[2mms[22m[39m
[31m       [31m×[31m should record tool usage with timing data[39m[32m 26[2mms[22m[39m
[31m       [31m×[31m should calculate agent performance with bottleneck detection[39m[32m 21[2mms[22m[39m
[31m       [31m×[31m should update token usage for an agent[39m[32m 114[2mms[22m[39m
[31m       [31m×[31m should record file ownership for an agent[39m[32m 22[2mms[22m[39m
[31m       [31m×[31m should detect file conflicts between agents[39m[32m 17[2mms[22m[39m
[31m       [31m×[31m should suggest interventions for stale agents[39m[32m 21[2mms[22m[39m
[31m       [31m×[31m should suggest intervention for excessive cost[39m[32m 25[2mms[22m[39m
[31m       [31m×[31m should calculate parallel efficiency correctly[39m[32m 17[2mms[22m[39m
[31m       [31m×[31m should generate observatory view with all metrics[39m[32m 22[2mms[22m[39m
 [32m✓[39m src/__tests__/delegation-enforcer.test.ts [2m([22m[2m18 tests[22m[2m)[22m[33m 598[2mms[22m[39m
 [32m✓[39m src/lib/__tests__/git-utils.test.ts [2m([22m[2m5 tests[22m[2m)[22m[33m 632[2mms[22m[39m
     [33m[2m✓[22m[39m should batch fetch git info [33m 363[2mms[22m[39m
 [32m✓[39m src/hooks/learner/__tests__/index-manager-import.test.ts [2m([22m[2m4 tests[22m[2m)[22m[32m 152[2mms[22m[39m
 [32m✓[39m src/team/__tests__/inbox-outbox.test.ts [2m([22m[2m22 tests[22m[2m)[22m[33m 519[2mms[22m[39m
 [32m✓[39m src/__tests__/notepad.test.ts [2m([22m[2m40 tests[22m[2m)[22m[33m 830[2mms[22m[39m
[90mstdout[2m | src/features/ccg/__tests__/performance-benchmark.test.ts[2m > [22m[2mCCG Performance Benchmark[2m > [22m[2mTest 1: Large project detection (100+ files)
[22m[39m[PERF] Large project detection: 3.10ms

 [32m✓[39m src/tools/python-repl/__tests__/session-lock.test.ts [2m([22m[2m17 tests[22m[2m)[22m[32m 257[2mms[22m[39m
 [32m✓[39m src/hooks/project-memory/__tests__/learner.test.ts [2m([22m[2m13 tests[22m[2m)[22m[33m 432[2mms[22m[39m
 [32m✓[39m src/hooks/autopilot/__tests__/summary.test.ts [2m([22m[2m28 tests[22m[2m)[22m[33m 482[2mms[22m[39m
[90mstdout[2m | src/features/ccg/__tests__/performance-benchmark.test.ts[2m > [22m[2mCCG Performance Benchmark[2m > [22m[2mTest 2: Microservice detection (5 services)
[22m[39m[PERF] Microservice detection: 4.11ms

[90mstdout[2m | src/features/ccg/__tests__/e2e-performance.test.ts[2m > [22m[2mE2E: Performance Benchmarks[2m > [22m[2mshould handle timeout gracefully
[22m[39m[Fallback] undefined: Codex succeeded

 [32m✓[39m src/features/ccg/__tests__/e2e-performance.test.ts [2m([22m[2m2 tests[22m[2m)[22m[33m 669[2mms[22m[39m
     [33m[2m✓[22m[39m should complete workflow within time limit [33m 556[2mms[22m[39m
 [32m✓[39m src/team/__tests__/team-status.test.ts [2m([22m[2m5 tests[22m[2m)[22m[32m 217[2mms[22m[39m
 [32m✓[39m src/hooks/persistent-mode/__tests__/ralph-max-iteration.test.ts [2m([22m[2m1 test[22m[2m)[22m[33m 335[2mms[22m[39m
     [33m[2m✓[22m[39m extends max iterations and keeps ralph blocking instead of silently stopping [33m 335[2mms[22m[39m
 [32m✓[39m src/hooks/__tests__/compaction-concurrency.test.ts [2m([22m[2m14 tests[22m[2m)[22m[33m 426[2mms[22m[39m
[90mstdout[2m | src/features/ccg/__tests__/performance-benchmark.test.ts[2m > [22m[2mCCG Performance Benchmark[2m > [22m[2mTest 3: Module splitting performance
[22m[39m[PERF] Module splitting: 14.58ms

 [32m✓[39m src/team/__tests__/bridge-entry.test.ts [2m([22m[2m87 tests[22m[2m)[22m[33m 8545[2mms[22m[39m
     [33m[2m✓[22m[39m applies default maxConsecutiveErrors [33m 547[2mms[22m[39m
     [33m[2m✓[22m[39m accepts permissionEnforcement: off [33m 366[2mms[22m[39m
     [33m[2m✓[22m[39m throws if allowedPaths contains dangerous pattern ** [33m 311[2mms[22m[39m
     [33m[2m✓[22m[39m throws if config file is invalid JSON [33m 367[2mms[22m[39m
     [33m[2m✓[22m[39m skips permission validation when permissionEnforcement is off [33m 324[2mms[22m[39m
 [32m✓[39m src/hooks/mode-registry/__tests__/session-isolation.test.ts [2m([22m[2m30 tests[22m[2m)[22m[32m 282[2mms[22m[39m
 [32m✓[39m src/hooks/session-end/__tests__/session-duration.test.ts [2m([22m[2m17 tests[22m[2m)[22m[32m 226[2mms[22m[39m
 [32m✓[39m src/features/ccg/__tests__/performance-benchmark.test.ts [2m([22m[2m3 tests[22m[2m)[22m[33m 712[2mms[22m[39m
 [32m✓[39m src/workflows/axiom/__tests__/workflow.test.ts [2m([22m[2m12 tests[22m[2m)[22m[32m 156[2mms[22m[39m
 [32m✓[39m src/team/__tests__/task-router.test.ts [2m([22m[2m8 tests[22m[2m)[22m[32m 159[2mms[22m[39m
[90mstdout[2m | src/mcp/__tests__/job-management-adapter.test.ts[2m > [22m[2mjob-management with WorkerStateAdapter[2m > [22m[2menvironment variable control[2m > [22m[2mshould use auto backend by default
[22m[39m[WorkerFactory] Using SQLite adapter

 [32m✓[39m src/mcp/__tests__/job-management-adapter.test.ts [2m([22m[2m9 tests[22m[2m)[22m[33m 633[2mms[22m[39m
 [32m✓[39m src/__tests__/ralph-progress.test.ts [2m([22m[2m30 tests[22m[2m)[22m[33m 309[2mms[22m[39m
 [32m✓[39m src/hooks/guards/__tests__/post-tool.test.ts [2m([22m[2m10 tests[22m[2m)[22m[32m 239[2mms[22m[39m
[90mstdout[2m | src/hooks/ultrapilot/__tests__/index.test.ts[2m > [22m[2multrapilot coordinator[2m > [22m[2mfile ownership[2m > [22m[2mshould track shared files correctly
[22m[39mhandleSharedFiles result: [33mtrue[39m
isSharedFile result: [33mtrue[39m

 [32m✓[39m src/hooks/permission-handler/__tests__/index.test.ts [2m([22m[2m119 tests[22m[2m)[22m[32m 205[2mms[22m[39m
 [32m✓[39m src/hooks/learner/__tests__/queue-archiver.test.ts [2m([22m[2m9 tests[22m[2m)[22m[32m 280[2mms[22m[39m
 [32m✓[39m src/workers/__tests__/json-adapter.test.ts [2m([22m[2m13 tests[22m[2m)[22m[33m 327[2mms[22m[39m
 [32m✓[39m src/hooks/learner/__tests__/index-manager-filter.test.ts [2m([22m[2m16 tests[22m[2m)[22m[32m 230[2mms[22m[39m
 [32m✓[39m src/hooks/ultrapilot/__tests__/index.test.ts [2m([22m[2m13 tests[22m[2m)[22m[32m 288[2mms[22m[39m
 [32m✓[39m src/__tests__/analytics/token-tracker.test.ts [2m([22m[2m9 tests[22m[2m)[22m[32m 298[2mms[22m[39m
 [32m✓[39m src/hooks/__tests__/background-process-guard.test.ts [2m([22m[2m12 tests[22m[2m)[22m[33m 312[2mms[22m[39m
 [32m✓[39m src/workers/__tests__/sqlite-adapter.test.ts [2m([22m[2m11 tests[22m[2m)[22m[33m 458[2mms[22m[39m
 [32m✓[39m src/team/__tests__/outbox-reader.test.ts [2m([22m[2m9 tests[22m[2m)[22m[32m 276[2mms[22m[39m
 [32m✓[39m src/tools/__tests__/memory-tools.test.ts [2m([22m[2m19 tests[22m[2m)[22m[32m 288[2mms[22m[39m
 [32m✓[39m src/lib/__tests__/state-cache.test.ts [2m([22m[2m8 tests[22m[2m)[22m[32m 197[2mms[22m[39m
 [32m✓[39m src/hooks/project-memory/__tests__/storage.test.ts [2m([22m[2m11 tests[22m[2m)[22m[32m 214[2mms[22m[39m
 [32m✓[39m src/__tests__/mnemosyne/finder.test.ts [2m([22m[2m13 tests[22m[2m)[22m[33m 405[2mms[22m[39m
 [32m✓[39m src/hooks/ralph/__tests__/progress.test.ts [2m([22m[2m11 tests[22m[2m)[22m[32m 113[2mms[22m[39m
 [32m✓[39m src/tools/__tests__/lsp-tools.test.ts [2m([22m[2m24 tests[22m[2m)[22m[33m 341[2mms[22m[39m
       [33m[2m✓[22m[39m returns diagnostics when found [33m 311[2mms[22m[39m
 [32m✓[39m src/lib/__tests__/path-validator.test.ts [2m([22m[2m25 tests[22m[2m | [22m[33m2 skipped[39m[2m)[22m[32m 137[2mms[22m[39m
 [32m✓[39m src/__tests__/directory-context-injector.test.ts [2m([22m[2m17 tests[22m[2m)[22m[32m 157[2mms[22m[39m
 [32m✓[39m src/hooks/ralph/__tests__/loop.test.ts [2m([22m[2m26 tests[22m[2m)[22m[32m 234[2mms[22m[39m
 [32m✓[39m src/mcp/__tests__/client.test.ts [2m([22m[2m17 tests[22m[2m)[22m[33m 357[2mms[22m[39m
       [33m[2m✓[22m[39m should retry on connection failure [33m 335[2mms[22m[39m
 [32m✓[39m src/lib/__tests__/atomic-write.test.ts [2m([22m[2m23 tests[22m[2m)[22m[33m 303[2mms[22m[39m
 [32m✓[39m src/hooks/autopilot/__tests__/transition.test.ts [2m([22m[2m6 tests[22m[2m)[22m[32m 237[2mms[22m[39m
 [32m✓[39m src/features/state-manager/__tests__/index.test.ts [2m([22m[2m11 tests[22m[2m)[22m[32m 59[2mms[22m[39m
 [32m✓[39m src/hooks/ultrawork/__tests__/index.test.ts [2m([22m[2m14 tests[22m[2m)[22m[33m 346[2mms[22m[39m
 [32m✓[39m src/__tests__/delegation-enforcer-integration.test.ts [2m([22m[2m7 tests[22m[2m)[22m[33m 617[2mms[22m[39m
       [33m[2m✓[22m[39m injects model parameter for Task call without model [33m 387[2mms[22m[39m
 [32m✓[39m src/hooks/pre-compact/__tests__/index.test.ts [2m([22m[2m3 tests[22m[2m)[22m[32m 89[2mms[22m[39m
[90mstdout[2m | src/hooks/learner/__tests__/reflection-archiver.test.ts[2m > [22m[2marchiveReflections[2m > [22m[2m11 条时 archived=1，kept=10
[22m[39m[归档] reflection_log: 已移动 1 条反思至 reflection_log_archive.md

 [32m✓[39m src/team/__tests__/summary-report.test.ts [2m([22m[2m11 tests[22m[2m)[22m[33m 405[2mms[22m[39m
[90mstdout[2m | src/hooks/learner/__tests__/reflection-archiver.test.ts[2m > [22m[2marchiveReflections[2m > [22m[2m11 条时，最旧的块（2026-01-01）出现在归档文件中
[22m[39m[归档] reflection_log: 已移动 1 条反思至 reflection_log_archive.md

 [32m✓[39m src/mcp/__tests__/gemini-yolo-env.test.ts [2m([22m[2m12 tests[22m[2m)[22m[32m 171[2mms[22m[39m
 [32m✓[39m tests/security/concurrency-control.test.ts [2m([22m[2m11 tests[22m[2m)[22m[32m 260[2mms[22m[39m
[90mstdout[2m | src/hooks/learner/__tests__/reflection-archiver.test.ts[2m > [22m[2marchiveReflections[2m > [22m[2m11 条时，最新的 10 块保留在主文件中，最旧块不在主文件
[22m[39m[归档] reflection_log: 已移动 1 条反思至 reflection_log_archive.md

[90mstdout[2m | src/hooks/learner/__tests__/reflection-archiver.test.ts[2m > [22m[2marchiveReflections[2m > [22m[2m15 条时 archived=5，kept=10，主文件只含 10 条 ## 反思 块
[22m[39m[归档] reflection_log: 已移动 5 条反思至 reflection_log_archive.md

 [32m✓[39m src/hooks/autopilot/__tests__/state.test.ts [2m([22m[2m9 tests[22m[2m)[22m[32m 196[2mms[22m[39m
[90mstdout[2m | src/hooks/learner/__tests__/reflection-archiver.test.ts[2m > [22m[2marchiveReflections[2m > [22m[2m两次归档调用均追加到归档文件
[22m[39m[归档] reflection_log: 已移动 1 条反思至 reflection_log_archive.md

 [32m✓[39m src/hooks/setup/__tests__/prune.test.ts [2m([22m[2m10 tests[22m[2m)[22m[32m 110[2mms[22m[39m
[90mstdout[2m | src/hooks/learner/__tests__/reflection-archiver.test.ts[2m > [22m[2marchiveReflections[2m > [22m[2m两次归档调用均追加到归档文件
[22m[39m[归档] reflection_log: 已移动 1 条反思至 reflection_log_archive.md

 [32m✓[39m src/__tests__/skills.test.ts [2m([22m[2m15 tests[22m[2m)[22m[33m 356[2mms[22m[39m
[90mstdout[2m | src/hooks/learner/__tests__/reflection-archiver.test.ts[2m > [22m[2marchiveReflections[2m > [22m[2m归档文件超过 5000 行时 result.warning 存在
[22m[39m[归档] reflection_log: 已移动 1 条反思至 reflection_log_archive.md

 [32m✓[39m src/__tests__/analytics/backfill-engine.test.ts [2m([22m[2m11 tests[22m[2m)[22m[32m 268[2mms[22m[39m
[90mstdout[2m | src/hooks/learner/__tests__/reflection-archiver.test.ts[2m > [22m[2marchiveReflections[2m > [22m[2m归档完成后锁已释放，可立即再次调用
[22m[39m[归档] reflection_log: 已移动 1 条反思至 reflection_log_archive.md

[90mstdout[2m | src/hooks/learner/__tests__/reflection-archiver.test.ts[2m > [22m[2marchiveReflections[2m > [22m[2m归档完成后锁已释放，可立即再次调用
[22m[39m[归档] reflection_log: 已移动 1 条反思至 reflection_log_archive.md

 [32m✓[39m src/hooks/learner/__tests__/reflection-archiver.test.ts [2m([22m[2m9 tests[22m[2m)[22m[33m 314[2mms[22m[39m
 [32m✓[39m src/features/token-tracker/index.test.ts [2m([22m[2m3 tests[22m[2m)[22m[32m 128[2mms[22m[39m
 [32m✓[39m src/features/ccg/__tests__/cache-performance.test.ts [2m([22m[2m2 tests[22m[2m)[22m[32m 149[2mms[22m[39m
 [32m✓[39m src/lib/__tests__/state-adapter.test.ts [2m([22m[2m13 tests[22m[2m)[22m[32m 253[2mms[22m[39m
 [32m✓[39m src/mcp/__tests__/codex-reasoning-effort.test.ts [2m([22m[2m14 tests[22m[2m)[22m[32m 149[2mms[22m[39m
 [32m✓[39m src/__tests__/analytics/backfill-dedup.test.ts [2m([22m[2m15 tests[22m[2m)[22m[32m 109[2mms[22m[39m
 [32m✓[39m src/__tests__/mnemosyne/loader.test.ts [2m([22m[2m5 tests[22m[2m)[22m[32m 245[2mms[22m[39m
 [31m❯[39m src/hooks/__tests__/askuserquestion-lifecycle.test.ts [2m([22m[2m5 tests[22m[2m | [22m[31m5 failed[39m[2m)[22m[32m 39[2mms[22m[39m
[31m     [31m×[31m pre-tool-use should dispatch ask-user-question notification[39m[32m 21[2mms[22m[39m
[31m     [31m×[31m post-tool-use should NOT dispatch ask-user-question notification[39m[32m 6[2mms[22m[39m
[31m     [31m×[31m pre-tool-use should skip notification when sessionId is missing[39m[32m 2[2mms[22m[39m
[31m     [31m×[31m non-AskUserQuestion tools should not trigger notification[39m[32m 5[2mms[22m[39m
[31m     [31m×[31m dispatchAskUserQuestionNotification extracts question text correctly[39m[32m 4[2mms[22m[39m
 [32m✓[39m src/notifications/__tests__/reply-listener.test.ts [2m([22m[2m74 tests[22m[2m)[22m[33m 315[2mms[22m[39m
 [32m✓[39m src/hooks/ultraqa/__tests__/index.test.ts [2m([22m[2m9 tests[22m[2m)[22m[32m 120[2mms[22m[39m
 [32m✓[39m src/__tests__/hud-axiom.test.ts [2m([22m[2m23 tests[22m[2m)[22m[32m 269[2mms[22m[39m
 [32m✓[39m src/features/state-manager/__tests__/wal-recovery.test.ts [2m([22m[2m8 tests[22m[2m)[22m[32m 115[2mms[22m[39m
 [32m✓[39m src/notifications/__tests__/notify-registry-integration.test.ts [2m([22m[2m14 tests[22m[2m)[22m[32m 75[2mms[22m[39m
 [32m✓[39m src/__tests__/ralph-prd.test.ts [2m([22m[2m29 tests[22m[2m)[22m[32m 199[2mms[22m[39m
 [32m✓[39m src/__tests__/hud/windows-platform.test.ts [2m([22m[2m35 tests[22m[2m)[22m[32m 119[2mms[22m[39m
 [32m✓[39m src/features/state-manager/__tests__/cache.test.ts [2m([22m[2m14 tests[22m[2m)[22m[32m 81[2mms[22m[39m
 [32m✓[39m src/tools/__tests__/notepad-tools.test.ts [2m([22m[2m20 tests[22m[2m)[22m[32m 296[2mms[22m[39m
 [32m✓[39m src/notifications/__tests__/sleepMs.test.ts [2m([22m[2m5 tests[22m[2m)[22m[32m 61[2mms[22m[39m
 [32m✓[39m src/hooks/__tests__/bridge-pkill.test.ts [2m([22m[2m21 tests[22m[2m)[22m[32m 85[2mms[22m[39m
[90mstdout[2m | src/hooks/guards/__tests__/status-dashboard.test.ts[2m > [22m[2mStatusDashboard[2m > [22m[2mprintDashboard[2m > [22m[2mshould not throw
[22m[39m╔══════════════════════════════════════╗
║        Axiom System Status           ║
╠══════════════════════════════════════╣
║  Task Status  : IDLE                ║
║  Last Updated : -                   ║
║  Knowledge    : 0                   ║
║  Queue Pending: 0                   ║
║  Last Commit  : -                   ║
╚══════════════════════════════════════╝

 [32m✓[39m src/hooks/guards/__tests__/status-dashboard.test.ts [2m([22m[2m10 tests[22m[2m)[22m[32m 146[2mms[22m[39m
 [32m✓[39m src/hooks/subagent-tracker/__tests__/boundary-conditions.test.ts [2m([22m[2m10 tests[22m[2m)[22m[32m 94[2mms[22m[39m
 [32m✓[39m src/lib/__tests__/plugin-rollback.test.ts [2m([22m[2m5 tests[22m[2m)[22m[32m 135[2mms[22m[39m
 [32m✓[39m src/team/__tests__/unified-team.test.ts [2m([22m[2m5 tests[22m[2m)[22m[32m 74[2mms[22m[39m
 [32m✓[39m src/hooks/subagent-tracker/__tests__/syncSleep.test.ts [2m([22m[2m5 tests[22m[2m)[22m[32m 109[2mms[22m[39m
 [32m✓[39m src/features/ccg/__tests__/e2e-new-project.test.ts [2m([22m[2m2 tests[22m[2m)[22m[32m 70[2mms[22m[39m
 [32m✓[39m src/hooks/subagent-tracker/__tests__/flush-race.test.ts [2m([22m[2m12 tests[22m[2m)[22m[32m 124[2mms[22m[39m
 [32m✓[39m src/hooks/persistent-mode/__tests__/index.test.ts [2m([22m[2m6 tests[22m[2m)[22m[32m 132[2mms[22m[39m
 [32m✓[39m src/team/__tests__/team-registration.test.ts [2m([22m[2m13 tests[22m[2m)[22m[32m 186[2mms[22m[39m
[90mstdout[2m | src/hooks/__tests__/bridge-security.test.ts[2m > [22m[2mInput Normalization Security[2m > [22m[2mshould pass through unknown fields for non-sensitive hooks
[22m[39m[bridge-normalize] Unknown field "custom_field" passed through for hook "pre-tool-use"

 [32m✓[39m src/notifications/__tests__/reply-config.test.ts [2m([22m[2m8 tests[22m[2m)[22m[32m 106[2mms[22m[39m
 [32m✓[39m src/hooks/__tests__/bridge-security.test.ts [2m([22m[2m89 tests[22m[2m)[22m[32m 140[2mms[22m[39m
 [32m✓[39m src/hooks/subagent-tracker/__tests__/flow-tracer.test.ts [2m([22m[2m8 tests[22m[2m)[22m[32m 67[2mms[22m[39m
[90mstdout[2m | src/__tests__/release-steps.test.ts[2m > [22m[2mrelease-steps[2m > [22m[2mvalidateBuild: dry-run returns success without executing
[22m[39m[dry-run] npx tsc --noEmit
[dry-run] npm run build
[dry-run] npm run test:run

[90mstdout[2m | src/__tests__/release-steps.test.ts[2m > [22m[2mrelease-steps[2m > [22m[2mpublishNpm: dry-run prints command without executing
[22m[39m[dry-run] npm publish --access public --tag latest

[90mstdout[2m | src/__tests__/release-steps.test.ts[2m > [22m[2mrelease-steps[2m > [22m[2mcreateGithubRelease: dry-run returns success
[22m[39m[dry-run] gh release create v5.3.0 --generate-notes

[90mstdout[2m | src/__tests__/release-steps.test.ts[2m > [22m[2mrelease-steps[2m > [22m[2msyncMarketplace: dry-run returns success
[22m[39msyncMarketplace: versions already in sync

[90mstdout[2m | src/__tests__/release-steps.test.ts[2m > [22m[2mrelease-steps[2m > [22m[2mrunReleasePipeline: startFrom skips earlier steps
[22m[39mStep 4/5: createGithubRelease...
[dry-run] gh release create v5.3.0 --generate-notes

[90mstdout[2m | src/__tests__/release-steps.test.ts[2m > [22m[2mrelease-steps[2m > [22m[2mrunReleasePipeline: startFrom skips earlier steps
[22m[39mStep 5/5: syncMarketplace...
syncMarketplace: versions already in sync

[90mstdout[2m | src/__tests__/release-steps.test.ts[2m > [22m[2mrelease-steps[2m > [22m[2mrunReleasePipeline: startFrom skips earlier steps
[22m[39mRelease pipeline completed successfully.

 [32m✓[39m src/hooks/ralph/__tests__/prd.test.ts [2m([22m[2m21 tests[22m[2m)[22m[32m 127[2mms[22m[39m
 [32m✓[39m src/audit/__tests__/logger.test.ts [2m([22m[2m3 tests[22m[2m)[22m[32m 32[2mms[22m[39m
 [32m✓[39m src/__tests__/inline-prompt-integration.test.ts [2m([22m[2m40 tests[22m[2m)[22m[33m 440[2mms[22m[39m
 [32m✓[39m src/__tests__/tools/skills-tools.test.ts [2m([22m[2m11 tests[22m[2m)[22m[32m 128[2mms[22m[39m
 [32m✓[39m src/hooks/learner/__tests__/promotion.test.ts [2m([22m[2m10 tests[22m[2m)[22m[32m 96[2mms[22m[39m
 [32m✓[39m src/features/state-manager/__tests__/encryption-integration.test.ts [2m([22m[2m7 tests[22m[2m)[22m[32m 161[2mms[22m[39m
[90mstdout[2m | src/__tests__/release-steps.test.ts[2m > [22m[2mfailure paths[2m > [22m[2mrunReleasePipeline: calls process.exit(1) when validate fails
[22m[39mStep 1/5: preflight...

[90mstdout[2m | src/__tests__/release-steps.test.ts[2m > [22m[2mfailure paths[2m > [22m[2mrunReleasePipeline: calls process.exit(1) when validate fails
[22m[39mStep 2/5: validateBuild...

[90mstdout[2m | src/__tests__/release-steps.test.ts[2m > [22m[2mfailure paths[2m > [22m[2mrunReleasePipeline: calls process.exit(1) when validate fails
[22m[39mStep 3/5: publishNpm...

[90mstdout[2m | src/__tests__/release-steps.test.ts[2m > [22m[2mfailure paths[2m > [22m[2mrunReleasePipeline: calls process.exit(1) when validate fails
[22m[39mStep 4/5: createGithubRelease...

[90mstdout[2m | src/__tests__/release-steps.test.ts[2m > [22m[2mfailure paths[2m > [22m[2mrunReleasePipeline: calls process.exit(1) when validate fails
[22m[39mStep 5/5: syncMarketplace...
syncMarketplace: versions already in sync

[90mstdout[2m | src/__tests__/release-steps.test.ts[2m > [22m[2mfailure paths[2m > [22m[2mrunReleasePipeline: calls process.exit(1) when validate fails
[22m[39mRelease pipeline completed successfully.

 [32m✓[39m src/__tests__/release-steps.test.ts [2m([22m[2m9 tests[22m[2m)[22m[32m 133[2mms[22m[39m
 [32m✓[39m src/features/ccg/module-splitter.test.ts [2m([22m[2m2 tests[22m[2m)[22m[32m 62[2mms[22m[39m
 [32m✓[39m src/__tests__/compatibility.test.ts [2m([22m[2m30 tests[22m[2m)[22m[32m 122[2mms[22m[39m
 [32m✓[39m src/hooks/__tests__/bridge.test.ts [2m([22m[2m13 tests[22m[2m)[22m[32m 21[2mms[22m[39m
 [32m✓[39m src/hooks/learner/__tests__/writer.test.ts [2m([22m[2m9 tests[22m[2m)[22m[32m 65[2mms[22m[39m
 [32m✓[39m src/features/ccg/loop-controller.test.ts [2m([22m[2m3 tests[22m[2m)[22m[32m 108[2mms[22m[39m
 [32m✓[39m src/hooks/axiom-boot/__tests__/index.test.ts [2m([22m[2m4 tests[22m[2m)[22m[32m 31[2mms[22m[39m
 [32m✓[39m src/hooks/subagent-tracker/__tests__/session-replay.test.ts [2m([22m[2m14 tests[22m[2m)[22m[32m 135[2mms[22m[39m
 [31m❯[39m src/__tests__/task-continuation.test.ts [2m([22m[2m93 tests[22m[2m | [22m[31m1 failed[39m[2m)[22m[32m 120[2mms[22m[39m
[31m       [31m×[31m should return correct path for session ID[39m[32m 20[2mms[22m[39m
       [32m✓[39m should handle session ID with special characters[32m 1[2mms[22m[39m
       [32m✓[39m should handle empty session ID[32m 0[2mms[22m[39m
       [32m✓[39m should return true for valid Task object[32m 0[2mms[22m[39m
       [32m✓[39m should return true for Task with all optional fields[32m 0[2mms[22m[39m
       [32m✓[39m should return false for null[32m 0[2mms[22m[39m
       [32m✓[39m should return false for undefined[32m 0[2mms[22m[39m
       [32m✓[39m should return false for missing id[32m 0[2mms[22m[39m
       [32m✓[39m should return false for empty id[32m 0[2mms[22m[39m
       [32m✓[39m should return false for missing subject[32m 0[2mms[22m[39m
       [32m✓[39m should return false for empty subject[32m 0[2mms[22m[39m
       [32m✓[39m should return false for missing status[32m 0[2mms[22m[39m
       [32m✓[39m should return false for invalid status[32m 0[2mms[22m[39m
       [32m✓[39m should accept all valid status values[32m 0[2mms[22m[39m
       [32m✓[39m should return false for non-object types[32m 0[2mms[22m[39m
       [32m✓[39m should return false for id with wrong type[32m 0[2mms[22m[39m
       [32m✓[39m should return false for subject with wrong type[32m 0[2mms[22m[39m
       [32m✓[39m should return true for pending task[32m 0[2mms[22m[39m
       [32m✓[39m should return true for in_progress task[32m 0[2mms[22m[39m
       [32m✓[39m should return false for completed task[32m 0[2mms[22m[39m
       [32m✓[39m should return empty array when directory does not exist[32m 1[2mms[22m[39m
       [32m✓[39m should read valid task files[32m 3[2mms[22m[39m
       [32m✓[39m should skip .lock files[32m 2[2mms[22m[39m
       [32m✓[39m should skip non-json files[32m 6[2mms[22m[39m
       [32m✓[39m should skip invalid JSON files[32m 5[2mms[22m[39m
       [32m✓[39m should skip files with invalid task structure[32m 2[2mms[22m[39m
       [32m✓[39m should handle directory read errors gracefully[32m 2[2mms[22m[39m
       [32m✓[39m should handle file read errors gracefully[32m 2[2mms[22m[39m
       [32m✓[39m should count only incomplete tasks[32m 2[2mms[22m[39m
       [32m✓[39m should return zero when all tasks complete[32m 1[2mms[22m[39m
       [32m✓[39m should return correct tasks array[32m 2[2mms[22m[39m
       [32m✓[39m should handle empty task directory[32m 1[2mms[22m[39m
       [32m✓[39m should return source: none when no tasks or todos[32m 1[2mms[22m[39m
       [32m✓[39m should return source: task when only Tasks have incomplete items[32m 2[2mms[22m[39m
       [32m✓[39m should return source: todo when only legacy todos exist[32m 2[2mms[22m[39m
       [32m✓[39m should return source: both when both systems have incomplete items[32m 1[2mms[22m[39m
       [32m✓[39m should prioritize tasks over legacy todos[32m 1[2mms[22m[39m
       [32m✓[39m should return false for undefined context[32m 1[2mms[22m[39m
       [32m✓[39m should return true for user_requested flag (snake_case)[32m 1[2mms[22m[39m
       [32m✓[39m should return true for userRequested flag (camelCase)[32m 0[2mms[22m[39m
       [32m✓[39m should detect user_cancel in stop_reason[32m 0[2mms[22m[39m
       [32m✓[39m should detect user_interrupt in stopReason[32m 0[2mms[22m[39m
       [32m✓[39m should detect ctrl_c pattern[32m 0[2mms[22m[39m
       [32m✓[39m should detect abort pattern[32m 1[2mms[22m[39m
       [32m✓[39m should detect exact cancel pattern (not substring)[32m 1[2mms[22m[39m
       [32m✓[39m should be case insensitive[32m 0[2mms[22m[39m
       [32m✓[39m should return false for normal completion[32m 0[2mms[22m[39m
       [32m✓[39m should return false for max_tokens[32m 0[2mms[22m[39m
       [32m✓[39m should handle empty context object[32m 0[2mms[22m[39m
       [32m✓[39m should create hook with checkIncomplete method[32m 1[2mms[22m[39m
       [32m✓[39m should call checkIncompleteTodos with directory[32m 1[2mms[22m[39m
       [32m✓[39m should format when all tasks complete[32m 1[2mms[22m[39m
       [32m✓[39m should format with incomplete tasks[32m 1[2mms[22m[39m
       [32m✓[39m should handle zero total tasks[32m 0[2mms[22m[39m
       [32m✓[39m should handle all tasks incomplete[32m 0[2mms[22m[39m
       [32m✓[39m should handle single task remaining[32m 0[2mms[22m[39m
       [32m✓[39m should return in_progress todo first[32m 1[2mms[22m[39m
       [32m✓[39m should return first pending when no in_progress[32m 1[2mms[22m[39m
       [32m✓[39m should return null when no todos[32m 1[2mms[22m[39m
       [32m✓[39m should return null when all completed[32m 0[2mms[22m[39m
       [32m✓[39m should handle todos with priority field[32m 0[2mms[22m[39m
       [32m✓[39m should handle todos with id field[32m 0[2mms[22m[39m
       [32m✓[39m should prefer in_progress over multiple pending[32m 0[2mms[22m[39m
       [32m✓[39m should read from session-specific location[32m 1[2mms[22m[39m
       [32m✓[39m should read from project .omc directory[32m 1[2mms[22m[39m
       [32m✓[39m should deduplicate todos from multiple sources[32m 1[2mms[22m[39m
       [32m✓[39m should handle object format with todos array[32m 1[2mms[22m[39m
       [32m✓[39m should filter out cancelled todos[32m 1[2mms[22m[39m
       [32m✓[39m should prefer tasks when both exist and tasks have incomplete items[32m 1[2mms[22m[39m
       [32m✓[39m should handle user abort during check[32m 0[2mms[22m[39m
       [32m✓[39m should convert tasks to todo format in result[32m 1[2mms[22m[39m
       [32m✓[39m should handle malformed JSON gracefully[32m 1[2mms[22m[39m
       [32m✓[39m should handle very long file lists[32m 19[2mms[22m[39m
       [32m✓[39m should handle unicode in task subjects[32m 2[2mms[22m[39m
       [32m✓[39m should handle tasks with blocks and blockedBy[32m 2[2mms[22m[39m
       [32m✓[39m should reject path traversal attempts with ../[32m 1[2mms[22m[39m
       [32m✓[39m should reject path traversal with encoded characters[32m 1[2mms[22m[39m
       [32m✓[39m should reject session IDs starting with dot[32m 0[2mms[22m[39m
       [32m✓[39m should reject session IDs starting with hyphen[32m 0[2mms[22m[39m
       [32m✓[39m should reject empty session ID[32m 0[2mms[22m[39m
       [32m✓[39m should reject null/undefined[32m 0[2mms[22m[39m
       [32m✓[39m should reject session IDs with slashes[32m 1[2mms[22m[39m
       [32m✓[39m should reject session IDs with special characters[32m 1[2mms[22m[39m
       [32m✓[39m should accept valid alphanumeric session IDs[32m 1[2mms[22m[39m
       [32m✓[39m should accept session IDs up to 256 characters[32m 0[2mms[22m[39m
       [32m✓[39m should reject session IDs over 256 characters[32m 0[2mms[22m[39m
       [32m✓[39m should accept numeric session IDs starting with digit[32m 0[2mms[22m[39m
       [32m✓[39m should return empty string for invalid session ID[32m 0[2mms[22m[39m
       [32m✓[39m should return valid path for valid session ID[32m 1[2mms[22m[39m
       [32m✓[39m should return empty array for path traversal attempt[32m 1[2mms[22m[39m
       [32m✓[39m should return zero count for invalid session ID[32m 1[2mms[22m[39m
       [32m✓[39m should treat deleted status as valid task[32m 1[2mms[22m[39m
       [32m✓[39m should treat deleted task as complete (not incomplete)[32m 1[2mms[22m[39m
 [32m✓[39m src/hooks/learner/__tests__/index.test.ts [2m([22m[2m6 tests[22m[2m)[22m[32m 107[2mms[22m[39m
 [32m✓[39m src/__tests__/learner/auto-learner.test.ts [2m([22m[2m40 tests[22m[2m)[22m[32m 167[2mms[22m[39m
 [32m✓[39m src/lib/__tests__/file-lock.test.ts [2m([22m[2m35 tests[22m[2m)[22m[33m 12366[2mms[22m[39m
     [33m[2m✓[22m[39m 并发调用时串行执行 [33m 403[2mms[22m[39m
     [33m[2m✓[22m[39m 3个进程并发竞争时串行执行 [33m 431[2mms[22m[39m
     [33m[2m✓[22m[39m 重试机制：锁被占用时自动重试 [33m 416[2mms[22m[39m
     [33m[2m✓[22m[39m 超过最大重试次数时抛出错误 [33m 604[2mms[22m[39m
     [33m[2m✓[22m[39m 指数退避：重试延迟递增 [33m 1005[2mms[22m[39m
     [33m[2m✓[22m[39m 指数退避最大延迟限制为 1000ms [33m 2958[2mms[22m[39m
     [33m[2m✓[22m[39m 未超过 30000ms 的锁不被视为陈旧 [33m 367[2mms[22m[39m
 [32m✓[39m src/__tests__/rate-limit-wait/daemon.test.ts [2m([22m[2m16 tests[22m[2m)[22m[32m 86[2mms[22m[39m
 [32m✓[39m src/hooks/learner/__tests__/learning-queue-parser.test.ts [2m([22m[2m8 tests[22m[2m)[22m[32m 124[2mms[22m[39m
 [32m✓[39m src/__tests__/rate-limit-wait/integration.test.ts [2m([22m[2m16 tests[22m[2m)[22m[32m 80[2mms[22m[39m
 [32m✓[39m src/team/__tests__/heartbeat.test.ts [2m([22m[2m12 tests[22m[2m)[22m[32m 106[2mms[22m[39m
 [32m✓[39m src/workers/__tests__/performance.test.ts [2m([22m[2m4 tests[22m[2m)[22m[32m 106[2mms[22m[39m
 [32m✓[39m src/hooks/ralph/__tests__/index.test.ts [2m([22m[2m6 tests[22m[2m)[22m[32m 108[2mms[22m[39m
 [32m✓[39m src/mcp/config/__tests__/loader.test.ts [2m([22m[2m4 tests[22m[2m)[22m[32m 43[2mms[22m[39m
 [32m✓[39m src/__tests__/e2e-workflow.test.ts [2m([22m[2m7 tests[22m[2m)[22m[32m 137[2mms[22m[39m
 [32m✓[39m src/__tests__/hud-windows.test.ts [2m([22m[2m19 tests[22m[2m)[22m[32m 19[2mms[22m[39m
 [32m✓[39m src/tools/lsp/__tests__/client-win32-spawn.test.ts [2m([22m[2m3 tests[22m[2m)[22m[32m 53[2mms[22m[39m
 [32m✓[39m src/hooks/team-pipeline/__tests__/pipeline-transitions.test.ts [2m([22m[2m18 tests[22m[2m)[22m[32m 125[2mms[22m[39m
 [32m✓[39m src/hooks/keyword-detector/__tests__/index.test.ts [2m([22m[2m165 tests[22m[2m)[22m[32m 62[2mms[22m[39m
 [32m✓[39m src/hooks/team-pipeline/__tests__/state.test.ts [2m([22m[2m11 tests[22m[2m)[22m[32m 69[2mms[22m[39m
 [32m✓[39m src/team/__tests__/state.test.ts [2m([22m[2m5 tests[22m[2m)[22m[32m 53[2mms[22m[39m
 [32m✓[39m src/__tests__/model-routing.test.ts [2m([22m[2m95 tests[22m[2m)[22m[32m 93[2mms[22m[39m
 [32m✓[39m src/__tests__/installer.test.ts [2m([22m[2m35 tests[22m[2m | [22m[33m1 skipped[39m[2m)[22m[32m 91[2mms[22m[39m
 [32m✓[39m src/hooks/session-end/__tests__/index.test.ts [2m([22m[2m6 tests[22m[2m)[22m[32m 43[2mms[22m[39m
 [32m✓[39m src/hooks/recovery/__tests__/context-window.test.ts [2m([22m[2m18 tests[22m[2m)[22m[32m 27[2mms[22m[39m
 [32m✓[39m src/team/__tests__/message-router.test.ts [2m([22m[2m4 tests[22m[2m)[22m[32m 87[2mms[22m[39m
 [32m✓[39m src/features/ccg/module-loop-controller.test.ts [2m([22m[2m2 tests[22m[2m)[22m[32m 53[2mms[22m[39m
 [32m✓[39m src/features/ccg/__tests__/structure-analyzer.test.ts [2m([22m[2m5 tests[22m[2m)[22m[32m 27[2mms[22m[39m
 [32m✓[39m src/hooks/memory/__tests__/index.test.ts [2m([22m[2m3 tests[22m[2m)[22m[32m 40[2mms[22m[39m
 [32m✓[39m src/team/__tests__/usage-tracker.test.ts [2m([22m[2m9 tests[22m[2m)[22m[32m 68[2mms[22m[39m
 [32m✓[39m src/features/ccg/__tests__/tech-stack-detector.test.ts [2m([22m[2m5 tests[22m[2m)[22m[32m 40[2mms[22m[39m
 [32m✓[39m src/team/__tests__/activity-log.test.ts [2m([22m[2m8 tests[22m[2m)[22m[32m 86[2mms[22m[39m
 [32m✓[39m src/features/ccg/__tests__/e2e-old-project.test.ts [2m([22m[2m2 tests[22m[2m)[22m[32m 92[2mms[22m[39m
 [32m✓[39m src/tools/ast-tools.test.ts [2m([22m[2m2 tests[22m[2m)[22m[32m 51[2mms[22m[39m
 [32m✓[39m src/__tests__/doctor-conflicts.test.ts [2m([22m[2m8 tests[22m[2m)[22m[32m 104[2mms[22m[39m
 [32m✓[39m src/mcp/__tests__/gemini-integration.test.ts [2m([22m[2m3 tests[22m[2m)[22m[32m 51[2mms[22m[39m
 [32m✓[39m src/features/ccg/workflows/old-project-workflow.test.ts [2m([22m[2m1 test[22m[2m)[22m[32m 39[2mms[22m[39m
[90mstdout[2m | tests/reliability/retry-classifier.test.ts[2m > [22m[2mRetryClassifier[2m > [22m[2mintegrates with RetryManager to allow idempotent retries
[22m[39m[RetryManager] Attempt 1 failed: fail
[RetryManager] Retrying in 10ms...

[90mstdout[2m | tests/reliability/retry-classifier.test.ts[2m > [22m[2mRetryClassifier[2m > [22m[2mintegrates with RetryManager to allow idempotent retries
[22m[39m[RetryManager] Attempt 2 failed: fail
[RetryManager] Retrying in 20ms...

[90mstdout[2m | tests/reliability/retry-classifier.test.ts[2m > [22m[2mRetryClassifier[2m > [22m[2mintegrates with RetryManager to allow idempotent retries
[22m[39m[RetryManager] Attempt 3 failed: fail

 [32m✓[39m src/notifications/__tests__/config.test.ts [2m([22m[2m32 tests[22m[2m)[22m[32m 18[2mms[22m[39m
 [32m✓[39m tests/reliability/retry-classifier.test.ts [2m([22m[2m6 tests[22m[2m)[22m[32m 64[2mms[22m[39m
 [32m✓[39m src/hooks/notepad/__tests__/index.test.ts [2m([22m[2m3 tests[22m[2m)[22m[32m 52[2mms[22m[39m
 [32m✓[39m src/__tests__/inline-success-shape.test.ts [2m([22m[2m4 tests[22m[2m)[22m[32m 75[2mms[22m[39m
 [32m✓[39m src/tools/lsp/__tests__/client-timer-buffer.test.ts [2m([22m[2m8 tests[22m[2m)[22m[32m 46[2mms[22m[39m
 [32m✓[39m src/tools/python-repl/__tests__/bridge-manager-cleanup.test.ts [2m([22m[2m2 tests[22m[2m)[22m[32m 44[2mms[22m[39m
 [32m✓[39m src/lib/__tests__/env-validator.test.ts [2m([22m[2m12 tests[22m[2m)[22m[32m 19[2mms[22m[39m
 [32m✓[39m src/__tests__/hud-agents.test.ts [2m([22m[2m73 tests[22m[2m)[22m[32m 32[2mms[22m[39m
 [32m✓[39m src/mcp/__tests__/shared-exec.test.ts [2m([22m[2m13 tests[22m[2m)[22m[32m 44[2mms[22m[39m
 [32m✓[39m src/features/model-routing/__tests__/external-model-policy.test.ts [2m([22m[2m39 tests[22m[2m)[22m[32m 79[2mms[22m[39m
 [32m✓[39m src/tools/__tests__/ast-stream.test.ts [2m([22m[2m2 tests[22m[2m)[22m[33m 12656[2mms[22m[39m
     [33m[2m✓[22m[39m handles large files >10MB with streaming [33m 12645[2mms[22m[39m
 [32m✓[39m src/hooks/observability/__tests__/observability.test.ts [2m([22m[2m20 tests[22m[2m)[22m[32m 86[2mms[22m[39m
 [32m✓[39m src/notifications/__tests__/config-merge.test.ts [2m([22m[2m13 tests[22m[2m)[22m[32m 21[2mms[22m[39m
 [32m✓[39m src/features/ccg/__tests__/microservice.test.ts [2m([22m[2m2 tests[22m[2m)[22m[32m 40[2mms[22m[39m
 [32m✓[39m src/team/__tests__/messaging.test.ts [2m([22m[2m3 tests[22m[2m)[22m[32m 73[2mms[22m[39m
 [32m✓[39m src/hooks/think-mode/__tests__/index.test.ts [2m([22m[2m107 tests[22m[2m)[22m[32m 49[2mms[22m[39m
 [32m✓[39m src/__tests__/hud/top-agents.test.ts [2m([22m[2m16 tests[22m[2m)[22m[32m 40[2mms[22m[39m
[90mstdout[2m | src/hooks/__tests__/bridge-normalize.test.ts[2m > [22m[2mbridge-normalize[2m > [22m[2mT2: permission-request error handling[2m > [22m[2mshould allow unknown fields for non-sensitive hooks
[22m[39m[bridge-normalize] Unknown field "unknown_field" passed through for hook "tool-use"

 [32m✓[39m src/mcp/__tests__/worker-cleanup.test.ts [2m([22m[2m3 tests[22m[2m)[22m[32m 59[2mms[22m[39m
 [32m✓[39m src/__tests__/prompt-file-only.test.ts [2m([22m[2m24 tests[22m[2m)[22m[32m 65[2mms[22m[39m
[90mstdout[2m | src/hooks/__tests__/bridge-normalize.test.ts[2m > [22m[2mbridge-normalize[2m > [22m[2mboundary tests[2m > [22m[2mshould handle input with only unknown fields for non-sensitive hooks
[22m[39m[bridge-normalize] Unknown field "unknown1" passed through for hook "tool-use"
[bridge-normalize] Unknown field "unknown2" passed through for hook "tool-use"

 [32m✓[39m src/hooks/__tests__/bridge-normalize.test.ts [2m([22m[2m27 tests[22m[2m)[22m[32m 44[2mms[22m[39m
 [32m✓[39m src/team/__tests__/lifecycle.test.ts [2m([22m[2m4 tests[22m[2m)[22m[32m 72[2mms[22m[39m
 [32m✓[39m src/lib/__tests__/plugin-marketplace.test.ts [2m([22m[2m6 tests[22m[2m)[22m[32m 35[2mms[22m[39m
 [32m✓[39m src/lib/__tests__/plugin-security.test.ts [2m([22m[2m10 tests[22m[2m)[22m[32m 68[2mms[22m[39m
[90mstdout[2m | src/hooks/session-end/__tests__/callbacks.test.ts[2m > [22m[2mtriggerStopCallbacks[2m > [22m[2mwrites file when file callback is enabled
[22m[39m[stop-callback] Session summary written to /tmp/test-test-session-123.md

[90mstdout[2m | src/hooks/session-end/__tests__/callbacks.test.ts[2m > [22m[2mtriggerStopCallbacks[2m > [22m[2mwrites JSON format when configured
[22m[39m[stop-callback] Session summary written to /tmp/test.json

[90mstdout[2m | src/hooks/session-end/__tests__/callbacks.test.ts[2m > [22m[2mtriggerStopCallbacks[2m > [22m[2msends Telegram notification when enabled
[22m[39m[stop-callback] Telegram notification sent

[90mstdout[2m | src/hooks/session-end/__tests__/callbacks.test.ts[2m > [22m[2mtriggerStopCallbacks[2m > [22m[2mprefixes Telegram messages with normalized tags from tagList
[22m[39m[stop-callback] Telegram notification sent

[90mstdout[2m | src/hooks/session-end/__tests__/callbacks.test.ts[2m > [22m[2mtriggerStopCallbacks[2m > [22m[2msends Discord notification when enabled
[22m[39m[stop-callback] Discord notification sent

[90mstdout[2m | src/hooks/session-end/__tests__/callbacks.test.ts[2m > [22m[2mtriggerStopCallbacks[2m > [22m[2mprefixes Discord messages with normalized tags from tagList
[22m[39m[stop-callback] Discord notification sent

 [32m✓[39m src/hooks/learner/__tests__/detector.test.ts [2m([22m[2m19 tests[22m[2m)[22m[32m 28[2mms[22m[39m
[90mstdout[2m | src/hooks/session-end/__tests__/callbacks.test.ts[2m > [22m[2mtriggerStopCallbacks[2m > [22m[2mexecutes multiple callbacks in parallel
[22m[39m[stop-callback] Session summary written to /tmp/test.md

[90mstdout[2m | src/hooks/session-end/__tests__/callbacks.test.ts[2m > [22m[2mtriggerStopCallbacks[2m > [22m[2mexecutes multiple callbacks in parallel
[22m[39m[stop-callback] Telegram notification sent
[stop-callback] Discord notification sent

 [32m✓[39m src/hooks/session-end/__tests__/callbacks.test.ts [2m([22m[2m26 tests[22m[2m)[22m[32m 58[2mms[22m[39m
 [32m✓[39m src/notifications/__tests__/formatter.test.ts [2m([22m[2m10 tests[22m[2m)[22m[32m 4[2mms[22m[39m
 [32m✓[39m src/__tests__/load-agent-prompt.test.ts [2m([22m[2m14 tests[22m[2m)[22m[32m 17[2mms[22m[39m
 [32m✓[39m src/__tests__/providers/azure-devops.test.ts [2m([22m[2m21 tests[22m[2m)[22m[32m 10[2mms[22m[39m
 [32m✓[39m src/features/ccg/__tests__/security.test.ts [2m([22m[2m10 tests[22m[2m)[22m[32m 15[2mms[22m[39m
 [32m✓[39m src/hooks/recovery/__tests__/index.test.ts [2m([22m[2m30 tests[22m[2m)[22m[32m 34[2mms[22m[39m
 [32m✓[39m src/tools/python-repl/__tests__/tool.test.ts [2m([22m[2m20 tests[22m[2m)[22m[32m 41[2mms[22m[39m
 [32m✓[39m src/__tests__/multi-model-mcp-integration.test.ts [2m([22m[2m11 tests[22m[2m)[22m[32m 264[2mms[22m[39m
 [32m✓[39m src/lib/__tests__/plugin-deps.test.ts [2m([22m[2m5 tests[22m[2m)[22m[32m 18[2mms[22m[39m
 [32m✓[39m src/features/ccg/project-detector.test.ts [2m([22m[2m3 tests[22m[2m)[22m[32m 15[2mms[22m[39m
 [32m✓[39m src/__tests__/rate-limit-wait/rate-limit-monitor.test.ts [2m([22m[2m14 tests[22m[2m)[22m[32m 9[2mms[22m[39m
 [32m✓[39m src/__tests__/providers/gitlab.test.ts [2m([22m[2m20 tests[22m[2m)[22m[32m 13[2mms[22m[39m
 [32m✓[39m src/hooks/empty-message-sanitizer/__tests__/index.test.ts [2m([22m[2m60 tests[22m[2m)[22m[32m 23[2mms[22m[39m
 [32m✓[39m src/features/delegation-routing/__tests__/resolver.test.ts [2m([22m[2m57 tests[22m[2m)[22m[32m 34[2mms[22m[39m
 [32m✓[39m src/hooks/rules-injector/__tests__/finder.test.ts [2m([22m[2m5 tests[22m[2m)[22m[32m 49[2mms[22m[39m
 [32m✓[39m src/hooks/nexus/__tests__/config.test.ts [2m([22m[2m3 tests[22m[2m)[22m[32m 24[2mms[22m[39m
 [32m✓[39m src/hooks/nexus/__tests__/data-collector.test.ts [2m([22m[2m2 tests[22m[2m)[22m[32m 29[2mms[22m[39m
 [32m✓[39m src/hooks/persistent-mode/__tests__/tool-error.test.ts [2m([22m[2m26 tests[22m[2m)[22m[32m 32[2mms[22m[39m
 [31m❯[39m src/tools/python-repl/__tests__/socket-client.test.ts [2m([22m[2m15 tests[22m[2m | [22m[31m11 failed[39m[2m)[22m[32m 46[2mms[22m[39m
       [32m✓[39m creates SocketConnectionError with properties[32m 3[2mms[22m[39m
       [32m✓[39m creates SocketTimeoutError with timeout[32m 1[2mms[22m[39m
       [32m✓[39m creates JsonRpcError with code and data[32m 2[2mms[22m[39m
[31m       [31m×[31m sends request and returns result on success[39m[32m 7[2mms[22m[39m
       [32m✓[39m handles timeout[32m 10[2mms[22m[39m
[31m       [31m×[31m handles ENOENT connection error[39m[32m 3[2mms[22m[39m
[31m       [31m×[31m handles ECONNREFUSED connection error[39m[32m 3[2mms[22m[39m
[31m       [31m×[31m handles generic connection error[39m[32m 3[2mms[22m[39m
[31m       [31m×[31m rejects on invalid JSON-RPC version[39m[32m 3[2mms[22m[39m
[31m       [31m×[31m rejects on response ID mismatch[39m[32m 2[2mms[22m[39m
[31m       [31m×[31m handles JSON-RPC error response[39m[32m 2[2mms[22m[39m
[31m       [31m×[31m rejects on JSON parse error[39m[32m 2[2mms[22m[39m
[31m       [31m×[31m rejects on buffer overflow[39m[32m 2[2mms[22m[39m
[31m       [31m×[31m rejects on socket close without complete response[39m[32m 2[2mms[22m[39m
[31m       [31m×[31m uses default empty params when not provided[39m[32m 2[2mms[22m[39m
 [32m✓[39m src/mcp/__tests__/codex-core.test.ts [2m([22m[2m25 tests[22m[2m)[22m[32m 13[2mms[22m[39m
 [32m✓[39m src/__tests__/session-catalog.test.ts [2m([22m[2m20 tests[22m[2m)[22m[32m 13[2mms[22m[39m
 [32m✓[39m src/__tests__/omc-tools-contract.test.ts [2m([22m[2m172 tests[22m[2m)[22m[32m 49[2mms[22m[39m
 [32m✓[39m src/team/__tests__/git-worktree.test.ts [2m([22m[2m8 tests[22m[2m)[22m[33m 14011[2mms[22m[39m
       [33m[2m✓[22m[39m creates worktree at correct path [33m 1157[2mms[22m[39m
       [33m[2m✓[22m[39m branch name is properly sanitized [33m 1115[2mms[22m[39m
       [33m[2m✓[22m[39m handles recreation of stale worktree [33m 5446[2mms[22m[39m
       [33m[2m✓[22m[39m removes worktree and branch [33m 1733[2mms[22m[39m
       [33m[2m✓[22m[39m does not throw for non-existent worktree [33m 773[2mms[22m[39m
       [33m[2m✓[22m[39m returns empty for team with no worktrees [33m 538[2mms[22m[39m
       [33m[2m✓[22m[39m lists created worktrees [33m 1677[2mms[22m[39m
       [33m[2m✓[22m[39m removes all worktrees for a team [33m 1566[2mms[22m[39m
 [32m✓[39m src/lib/__tests__/validateMode.test.ts [2m([22m[2m12 tests[22m[2m)[22m[32m 9[2mms[22m[39m
 [32m✓[39m src/hooks/ralph/__tests__/verifier.test.ts [2m([22m[2m8 tests[22m[2m)[22m[32m 43[2mms[22m[39m
 [32m✓[39m src/tools/lsp/__tests__/client-eviction.test.ts [2m([22m[2m8 tests[22m[2m)[22m[32m 48[2mms[22m[39m
 [32m✓[39m src/__tests__/mnemosyne/detector.test.ts [2m([22m[2m11 tests[22m[2m)[22m[32m 26[2mms[22m[39m
 [32m✓[39m src/mcp/__tests__/config-loader.test.ts [2m([22m[2m4 tests[22m[2m)[22m[32m 46[2mms[22m[39m
 [32m✓[39m src/__tests__/validateMode.test.ts [2m([22m[2m16 tests[22m[2m)[22m[32m 27[2mms[22m[39m
 [32m✓[39m src/state/__tests__/state-manager.test.ts [2m([22m[2m3 tests[22m[2m)[22m[32m 38[2mms[22m[39m
 [32m✓[39m src/lib/__tests__/plugin-registry.test.ts [2m([22m[2m13 tests[22m[2m)[22m[32m 30[2mms[22m[39m
 [32m✓[39m src/hooks/rules-injector/__tests__/index.test.ts [2m([22m[2m6 tests[22m[2m)[22m[32m 43[2mms[22m[39m
 [32m✓[39m src/tools/lsp/__tests__/utils.test.ts [2m([22m[2m44 tests[22m[2m)[22m[32m 35[2mms[22m[39m
 [32m✓[39m src/__tests__/permission-enforcement.test.ts [2m([22m[2m18 tests[22m[2m)[22m[32m 22[2mms[22m[39m
 [32m✓[39m src/hooks/__tests__/timeout-wrapper.test.ts [2m([22m[2m6 tests[22m[2m)[22m[32m 12[2mms[22m[39m
 [32m✓[39m src/team/__tests__/fs-utils.test.ts [2m([22m[2m8 tests[22m[2m)[22m[32m 45[2mms[22m[39m
 [32m✓[39m src/tools/__tests__/ast-tools.test.ts [2m([22m[2m5 tests[22m[2m)[22m[32m 13[2mms[22m[39m
 [32m✓[39m src/tools/lsp/__tests__/command-exists.test.ts [2m([22m[2m8 tests[22m[2m)[22m[32m 13[2mms[22m[39m
 [32m✓[39m src/features/ccg/__tests__/stream-processor.test.ts [2m([22m[2m2 tests[22m[2m)[22m[32m 28[2mms[22m[39m
 [32m✓[39m src/notifications/__tests__/tmux.test.ts [2m([22m[2m16 tests[22m[2m)[22m[32m 31[2mms[22m[39m
 [32m✓[39m src/installer/__tests__/safe-installer.test.ts [2m([22m[2m12 tests[22m[2m)[22m[32m 18[2mms[22m[39m
 [32m✓[39m src/__tests__/providers/detection.test.ts [2m([22m[2m31 tests[22m[2m)[22m[32m 14[2mms[22m[39m
 [32m✓[39m src/hooks/rules-injector/__tests__/matcher.test.ts [2m([22m[2m15 tests[22m[2m)[22m[32m 7[2mms[22m[39m
 [32m✓[39m src/__tests__/lsp-servers.test.ts [2m([22m[2m83 tests[22m[2m)[22m[32m 15[2mms[22m[39m
 [32m✓[39m src/__tests__/learner/matcher.test.ts [2m([22m[2m50 tests[22m[2m)[22m[32m 32[2mms[22m[39m
 [32m✓[39m src/hooks/omc-orchestrator/__tests__/index.test.ts [2m([22m[2m3 tests[22m[2m)[22m[32m 14[2mms[22m[39m
 [32m✓[39m src/hooks/session-end/__tests__/python-repl-cleanup.test.ts [2m([22m[2m2 tests[22m[2m)[22m[32m 16[2mms[22m[39m
 [32m✓[39m src/__tests__/rate-limit-wait/tmux-detector.test.ts [2m([22m[2m20 tests[22m[2m | [22m[33m5 skipped[39m[2m)[22m[32m 17[2mms[22m[39m
 [32m✓[39m src/features/ccg/__tests__/cache-stats.test.ts [2m([22m[2m2 tests[22m[2m)[22m[32m 12[2mms[22m[39m
 [32m✓[39m src/__tests__/prompt-injection.test.ts [2m([22m[2m32 tests[22m[2m)[22m[32m 15[2mms[22m[39m
 [32m✓[39m src/hooks/learner/__tests__/reflection-parser.test.ts [2m([22m[2m17 tests[22m[2m)[22m[32m 10[2mms[22m[39m
 [32m✓[39m src/__tests__/compatibility-security.test.ts [2m([22m[2m34 tests[22m[2m)[22m[33m 14022[2mms[22m[39m
     [33m[2m✓[22m[39m should block LD_PRELOAD environment variable [33m 1153[2mms[22m[39m
     [33m[2m✓[22m[39m should block LD_LIBRARY_PATH environment variable [33m 1154[2mms[22m[39m
     [33m[2m✓[22m[39m should block DYLD_INSERT_LIBRARIES environment variable [33m 1152[2mms[22m[39m
     [33m[2m✓[22m[39m should block DYLD_LIBRARY_PATH environment variable [33m 1158[2mms[22m[39m
     [33m[2m✓[22m[39m should block NODE_OPTIONS environment variable [33m 1158[2mms[22m[39m
     [33m[2m✓[22m[39m should block PYTHONSTARTUP environment variable [33m 1157[2mms[22m[39m
     [33m[2m✓[22m[39m should block PYTHONPATH environment variable [33m 1146[2mms[22m[39m
     [33m[2m✓[22m[39m should block RUBYOPT environment variable [33m 1144[2mms[22m[39m
     [33m[2m✓[22m[39m should block PERL5OPT environment variable [33m 1150[2mms[22m[39m
     [33m[2m✓[22m[39m should block BASH_ENV environment variable [33m 1152[2mms[22m[39m
     [33m[2m✓[22m[39m should allow safe environment variables [33m 1158[2mms[22m[39m
     [33m[2m✓[22m[39m should not leave zombie connections on spawn failure [33m 1150[2mms[22m[39m
 [32m✓[39m tests/state/migration/integrity.test.ts [2m([22m[2m6 tests[22m[2m)[22m[32m 68[2mms[22m[39m
 [31m❯[39m src/notifications/__tests__/profiles.test.ts [2m([22m[2m11 tests[22m[2m | [22m[31m10 failed[39m[2m)[22m[32m 42[2mms[22m[39m
[31m     [31m×[31m returns named profile when profileName argument is provided[39m[32m 11[2mms[22m[39m
[31m     [31m×[31m returns named profile when OMC_NOTIFY_PROFILE env var is set[39m[32m 3[2mms[22m[39m
[31m     [31m×[31m profileName argument takes precedence over OMC_NOTIFY_PROFILE env var[39m[32m 5[2mms[22m[39m
[31m     [31m×[31m falls back to default notifications when requested profile is not found[39m[32m 3[2mms[22m[39m
[31m     [31m×[31m falls back to default when profile env var set but no profiles exist[39m[32m 3[2mms[22m[39m
     [32m✓[39m returns null when profile exists but has no enabled boolean[32m 1[2mms[22m[39m
[31m     [31m×[31m merges env platforms into profile config[39m[32m 2[2mms[22m[39m
[31m     [31m×[31m applies env mention to profile discord config[39m[32m 3[2mms[22m[39m
[31m     [31m×[31m works with multiple profiles — each isolated[39m[32m 4[2mms[22m[39m
[31m     [31m×[31m profile with events config is respected[39m[32m 3[2mms[22m[39m
[31m     [31m×[31m without profile, existing default behavior is preserved[39m[32m 3[2mms[22m[39m
[90mstdout[2m | src/features/ccg/__tests__/progress-bar.test.ts[2m > [22m[2mProgressBar[2m > [22m[2mcompletes progress
[22m[39m

 [32m✓[39m src/__tests__/hud/usage-api.test.ts [2m([22m[2m17 tests[22m[2m)[22m[32m 16[2mms[22m[39m
 [32m✓[39m src/features/ccg/__tests__/progress-bar.test.ts [2m([22m[2m3 tests[22m[2m)[22m[32m 3[2mms[22m[39m
 [32m✓[39m src/__tests__/live-data.test.ts [2m([22m[2m33 tests[22m[2m)[22m[32m 61[2mms[22m[39m
 [32m✓[39m src/__tests__/hud/state.test.ts [2m([22m[2m8 tests[22m[2m)[22m[32m 10[2mms[22m[39m
 [32m✓[39m src/features/state-manager/__tests__/tiered-writer.test.ts [2m([22m[2m11 tests[22m[2m)[22m[32m 17[2mms[22m[39m
 [32m✓[39m src/__tests__/bash-history.test.ts [2m([22m[2m9 tests[22m[2m)[22m[32m 71[2mms[22m[39m
 [32m✓[39m tests/backup/backup-manager.test.ts [2m([22m[2m6 tests[22m[2m)[22m[32m 161[2mms[22m[39m
 [32m✓[39m src/__tests__/hooks/learner/parser.test.ts [2m([22m[2m14 tests[22m[2m)[22m[32m 8[2mms[22m[39m
 [32m✓[39m src/__tests__/hud/call-counts.test.ts [2m([22m[2m17 tests[22m[2m)[22m[32m 4[2mms[22m[39m
 [32m✓[39m src/hooks/project-memory/__tests__/formatter.test.ts [2m([22m[2m6 tests[22m[2m)[22m[32m 5[2mms[22m[39m
 [32m✓[39m tests/lib/atomic-write.test.ts [2m([22m[2m2 tests[22m[2m)[22m[32m 24[2mms[22m[39m
 [32m✓[39m src/agents/__tests__/timeout-manager.test.ts [2m([22m[2m7 tests[22m[2m)[22m[32m 9[2mms[22m[39m
 [32m✓[39m tests/hooks/permission-request.test.ts [2m([22m[2m6 tests[22m[2m)[22m[32m 12[2mms[22m[39m
 [32m✓[39m src/hooks/nexus/__tests__/session-end-hook.test.ts [2m([22m[2m2 tests[22m[2m)[22m[32m 25[2mms[22m[39m
 [32m✓[39m src/mcp/__tests__/prompt-injection.test.ts [2m([22m[2m13 tests[22m[2m)[22m[32m 9[2mms[22m[39m
 [31m❯[39m src/tools/diagnostics/__tests__/index.test.ts [2m([22m[2m7 tests[22m[2m | [22m[31m6 failed[39m[2m)[22m[32m 37[2mms[22m[39m
[31m       [31m×[31m uses tsc strategy when tsconfig exists and strategy is auto[39m[32m 17[2mms[22m[39m
[31m       [31m×[31m uses lsp strategy when tsconfig missing and strategy is auto[39m[32m 5[2mms[22m[39m
[31m       [31m×[31m forces tsc strategy when explicitly requested[39m[32m 3[2mms[22m[39m
[31m       [31m×[31m forces lsp strategy when explicitly requested[39m[32m 2[2mms[22m[39m
       [32m✓[39m formats tsc results with no diagnostics[32m 2[2mms[22m[39m
[31m       [31m×[31m formats tsc results with diagnostics[39m[32m 4[2mms[22m[39m
[31m       [31m×[31m formats lsp results with no diagnostics[39m[32m 3[2mms[22m[39m
 [32m✓[39m src/__tests__/analytics/output-estimator.test.ts [2m([22m[2m22 tests[22m[2m)[22m[32m 7[2mms[22m[39m
 [32m✓[39m tests/concurrency/cache-concurrent-write.test.ts [2m([22m[2m2 tests[22m[2m)[22m[32m 19[2mms[22m[39m
 [32m✓[39m tests/state/backup-manager.test.ts [2m([22m[2m3 tests[22m[2m)[22m[32m 64[2mms[22m[39m
 [32m✓[39m src/__tests__/providers/gitea.test.ts [2m([22m[2m20 tests[22m[2m)[22m[32m 23[2mms[22m[39m
 [32m✓[39m src/hooks/rules-injector/__tests__/parser.test.ts [2m([22m[2m9 tests[22m[2m)[22m[32m 4[2mms[22m[39m
 [32m✓[39m src/__tests__/standalone-server.test.ts [2m([22m[2m6 tests[22m[2m)[22m[32m 8[2mms[22m[39m
 [32m✓[39m src/hooks/learner/__tests__/matcher.test.ts [2m([22m[2m22 tests[22m[2m)[22m[32m 16[2mms[22m[39m
 [32m✓[39m tests/backup/disaster-drill.test.ts [2m([22m[2m3 tests[22m[2m)[22m[32m 63[2mms[22m[39m
 [32m✓[39m src/__tests__/installer-hud-skip.test.ts [2m([22m[2m17 tests[22m[2m)[22m[32m 9[2mms[22m[39m
 [32m✓[39m src/tools/__tests__/schema-conversion.test.ts [2m([22m[2m25 tests[22m[2m)[22m[32m 32[2mms[22m[39m
 [32m✓[39m src/__tests__/codex-backoff.test.ts [2m([22m[2m19 tests[22m[2m)[22m[32m 26[2mms[22m[39m
 [32m✓[39m src/__tests__/hooks-json-paths.test.ts [2m([22m[2m4 tests[22m[2m)[22m[32m 9[2mms[22m[39m
 [32m✓[39m src/hooks/nexus/__tests__/improvement-puller.test.ts [2m([22m[2m3 tests[22m[2m)[22m[32m 21[2mms[22m[39m
 [32m✓[39m src/__tests__/providers/bitbucket.test.ts [2m([22m[2m22 tests[22m[2m)[22m[32m 15[2mms[22m[39m
 [32m✓[39m src/__tests__/analytics/transcript-token-extractor.test.ts [2m([22m[2m9 tests[22m[2m)[22m[32m 8[2mms[22m[39m
 [32m✓[39m src/hooks/recovery/__tests__/edit-error.test.ts [2m([22m[2m17 tests[22m[2m)[22m[32m 9[2mms[22m[39m
 [32m✓[39m src/__tests__/providers/github.test.ts [2m([22m[2m19 tests[22m[2m)[22m[32m 21[2mms[22m[39m
 [32m✓[39m src/hooks/directory-readme-injector/__tests__/index.test.ts [2m([22m[2m3 tests[22m[2m)[22m[32m 15[2mms[22m[39m
 [32m✓[39m src/mcp/__tests__/gemini-core.test.ts [2m([22m[2m9 tests[22m[2m)[22m[32m 5[2mms[22m[39m
 [32m✓[39m src/hooks/setup/__tests__/index.test.ts [2m([22m[2m3 tests[22m[2m)[22m[32m 21[2mms[22m[39m
 [32m✓[39m src/__tests__/hud/skills.test.ts [2m([22m[2m24 tests[22m[2m)[22m[32m 9[2mms[22m[39m
 [32m✓[39m src/team/__tests__/permissions.test.ts [2m([22m[2m25 tests[22m[2m)[22m[32m 12[2mms[22m[39m
 [32m✓[39m src/__tests__/mnemosyne/parser.test.ts [2m([22m[2m5 tests[22m[2m)[22m[32m 4[2mms[22m[39m
 [32m✓[39m src/features/wizard/__tests__/engine.test.ts [2m([22m[2m10 tests[22m[2m)[22m[32m 3[2mms[22m[39m
 [32m✓[39m src/mcp/__tests__/tool-adapter.test.ts [2m([22m[2m7 tests[22m[2m)[22m[32m 4[2mms[22m[39m
 [32m✓[39m src/__tests__/post-tool-verifier.test.mjs [2m([22m[2m21 tests[22m[2m)[22m[32m 4[2mms[22m[39m
 [32m✓[39m src/__tests__/example.test.ts [2m([22m[2m4 tests[22m[2m)[22m[32m 2[2mms[22m[39m
 [32m✓[39m src/team/__tests__/prompt-sanitization.test.ts [2m([22m[2m16 tests[22m[2m)[22m[32m 5[2mms[22m[39m
 [32m✓[39m src/utils/__tests__/paths.test.ts [2m([22m[2m16 tests[22m[2m)[22m[32m 5[2mms[22m[39m
 [31m❯[39m src/notifications/__tests__/dispatcher.test.ts [2m([22m[2m55 tests[22m[2m | [22m[31m4 failed[39m[2m)[22m[33m 1990[2mms[22m[39m
     [32m✓[39m DISPATCH_TIMEOUT_MS >= SEND_TIMEOUT_MS in source[32m 2[2mms[22m[39m
     [32m✓[39m returns not configured when disabled[32m 1[2mms[22m[39m
     [32m✓[39m returns not configured when webhookUrl is empty[32m 0[2mms[22m[39m
     [32m✓[39m rejects non-discord webhook URL[32m 0[2mms[22m[39m
     [32m✓[39m rejects HTTP (non-HTTPS) webhook URL[32m 0[2mms[22m[39m
     [32m✓[39m sends successfully with valid config[32m 1[2mms[22m[39m
     [32m✓[39m includes allowed_mentions with empty parse array in payload[32m 0[2mms[22m[39m
     [32m✓[39m includes user in allowed_mentions when mention is a user[32m 0[2mms[22m[39m
     [32m✓[39m includes role in allowed_mentions when mention is a role[32m 0[2mms[22m[39m
     [32m✓[39m truncates message to 2000 chars when no mention[32m 0[2mms[22m[39m
     [32m✓[39m truncates message body to fit mention + content within 2000 chars[32m 0[2mms[22m[39m
     [32m✓[39m includes username when configured[32m 0[2mms[22m[39m
     [32m✓[39m returns error on HTTP failure[32m 0[2mms[22m[39m
     [32m✓[39m returns error on fetch exception[32m 0[2mms[22m[39m
     [32m✓[39m returns not enabled when disabled[32m 9[2mms[22m[39m
     [32m✓[39m returns error when botToken is missing[32m 0[2mms[22m[39m
     [32m✓[39m returns error when channelId is missing[32m 0[2mms[22m[39m
     [32m✓[39m sends successfully with valid config[32m 1[2mms[22m[39m
     [32m✓[39m includes allowed_mentions in bot API payload[32m 0[2mms[22m[39m
     [32m✓[39m returns success with messageId when response JSON is valid[32m 0[2mms[22m[39m
     [32m✓[39m returns success without messageId when response JSON parse fails[32m 0[2mms[22m[39m
     [32m✓[39m returns not configured when disabled[32m 4[2mms[22m[39m
     [32m✓[39m returns not configured when botToken is empty[32m 0[2mms[22m[39m
     [32m✓[39m rejects invalid bot token format[32m 1[2mms[22m[39m
[31m     [31m×[31m sends successfully with valid config[39m[33m 939[2mms[22m[39m
[31m     [31m×[31m uses httpsRequest with family:4 for IPv4[39m[33m 340[2mms[22m[39m
[31m     [31m×[31m handles response parse failure gracefully[39m[33m 325[2mms[22m[39m
[31m     [31m×[31m collects response chunks using data/end events[39m[33m 334[2mms[22m[39m
     [32m✓[39m returns not configured when disabled[32m 1[2mms[22m[39m
     [32m✓[39m rejects non-slack webhook URL[32m 1[2mms[22m[39m
     [32m✓[39m sends successfully with valid config[32m 1[2mms[22m[39m
     [32m✓[39m includes channel and username when configured[32m 1[2mms[22m[39m
     [32m✓[39m returns not configured when disabled[32m 1[2mms[22m[39m
     [32m✓[39m rejects HTTP URL (requires HTTPS)[32m 1[2mms[22m[39m
     [32m✓[39m sends successfully with valid HTTPS URL[32m 1[2mms[22m[39m
     [32m✓[39m includes custom headers[32m 0[2mms[22m[39m
     [32m✓[39m uses configured method[32m 0[2mms[22m[39m
     [32m✓[39m returns empty results when no platforms enabled[32m 1[2mms[22m[39m
     [32m✓[39m dispatches to single enabled platform[32m 1[2mms[22m[39m
     [32m✓[39m dispatches to multiple enabled platforms in parallel[32m 1[2mms[22m[39m
     [32m✓[39m reports anySuccess=true when at least one platform succeeds[32m 1[2mms[22m[39m
     [32m✓[39m uses event-level platform config override[32m 1[2mms[22m[39m
     [32m✓[39m uses discord-bot platform config[32m 1[2mms[22m[39m
     [32m✓[39m completes within timeout when sends resolve quickly[32m 1[2mms[22m[39m
     [32m✓[39m clears dispatch timer when sends complete (no leak)[32m 1[2mms[22m[39m
     [32m✓[39m prepends mention to message content[32m 1[2mms[22m[39m
     [32m✓[39m prepends role mention to message content[32m 1[2mms[22m[39m
     [32m✓[39m sends content without mention prefix when mention is undefined[32m 0[2mms[22m[39m
     [32m✓[39m truncates long message to fit mention within 2000 chars[32m 1[2mms[22m[39m
     [32m✓[39m inherits mention from top-level when event-level override omits it[32m 1[2mms[22m[39m
     [32m✓[39m allows event-level to override mention[32m 1[2mms[22m[39m
     [32m✓[39m inherits botToken and channelId from top-level for event override[32m 1[2mms[22m[39m
     [32m✓[39m dispatcher does not read process.env for mention resolution[32m 2[2mms[22m[39m
     [32m✓[39m sendDiscordBot uses config.mention directly without env lookup[32m 1[2mms[22m[39m
     [32m✓[39m sendDiscord uses config.mention directly without env lookup[32m 1[2mms[22m[39m
 [32m✓[39m src/mcp/__tests__/cli-detection.test.ts [2m([22m[2m5 tests[22m[2m)[22m[32m 4[2mms[22m[39m
 [32m✓[39m src/verification/tier-selector.test.ts [2m([22m[2m45 tests[22m[2m)[22m[32m 24[2mms[22m[39m
 [32m✓[39m src/mcp/__tests__/config.test.ts [2m([22m[2m5 tests[22m[2m)[22m[32m 11[2mms[22m[39m
 [32m✓[39m src/team/__tests__/tmux-session.test.ts [2m([22m[2m11 tests[22m[2m | [22m[33m2 skipped[39m[2m)[22m[32m 4[2mms[22m[39m
 [32m✓[39m src/mcp/__tests__/worker-lifecycle.test.ts [2m([22m[2m4 tests[22m[2m)[22m[32m 2[2mms[22m[39m
 [32m✓[39m src/__tests__/omc-tools-server.test.ts [2m([22m[2m12 tests[22m[2m)[22m[32m 7[2mms[22m[39m
 [32m✓[39m src/features/state-manager/__tests__/encryption.test.ts [2m([22m[2m8 tests[22m[2m)[22m[32m 7[2mms[22m[39m
 [32m✓[39m src/__tests__/hud/render.test.ts [2m([22m[2m20 tests[22m[2m)[22m[32m 11[2mms[22m[39m
[90mstdout[2m | src/__tests__/session-migration.test.ts[2m > [22m[2mSessionManager migration[2m > [22m[2mmigrates local history to global when only local exists
[22m[39m[session-manager] Migrated session history from local to global state

[90mstdout[2m | src/__tests__/session-migration.test.ts[2m > [22m[2mSessionManager migration[2m > [22m[2mmerges and deduplicates when both exist
[22m[39m[session-manager] Merged 1 sessions from local to global state

 [32m✓[39m src/mcp/__tests__/omc-tools-server.test.ts [2m([22m[2m20 tests[22m[2m)[22m[32m 9[2mms[22m[39m
[90mstdout[2m | src/__tests__/session-migration.test.ts[2m > [22m[2mSessionManager migration[2m > [22m[2moverwrites global current-session when local is newer
[22m[39m[session-manager] Migrated session history from local to global state

[90mstdout[2m | src/__tests__/session-migration.test.ts[2m > [22m[2mSessionManager migration[2m > [22m[2mcleans up local current-session when global is newer
[22m[39m[session-manager] Migrated session history from local to global state

 [32m✓[39m src/hooks/auto-slash-command/__tests__/index.test.ts [2m([22m[2m6 tests[22m[2m)[22m[32m 6[2mms[22m[39m
 [32m✓[39m src/__tests__/session-migration.test.ts [2m([22m[2m6 tests[22m[2m)[22m[32m 15[2mms[22m[39m
 [32m✓[39m src/__tests__/hud-suggestions.test.ts [2m([22m[2m19 tests[22m[2m)[22m[32m 11[2mms[22m[39m
 [32m✓[39m src/features/state-manager/__tests__/encryption-performance.test.ts [2m([22m[2m2 tests[22m[2m)[22m[32m 4[2mms[22m[39m
 [32m✓[39m src/__tests__/plugin-registry.test.ts [2m([22m[2m13 tests[22m[2m)[22m[32m 15[2mms[22m[39m
 [32m✓[39m src/lib/__tests__/version.test.ts [2m([22m[2m4 tests[22m[2m)[22m[32m 8[2mms[22m[39m
 [32m✓[39m src/__tests__/installer-hooks-merge.test.ts [2m([22m[2m25 tests[22m[2m)[22m[32m 14[2mms[22m[39m
 [32m✓[39m src/hooks/recovery/__tests__/session-recovery.test.ts [2m([22m[2m18 tests[22m[2m)[22m[32m 15[2mms[22m[39m
 [32m✓[39m src/state/migration/__tests__/migration.test.ts [2m([22m[2m2 tests[22m[2m)[22m[32m 23[2mms[22m[39m
 [32m✓[39m src/mcp/__tests__/namespace-manager.test.ts [2m([22m[2m5 tests[22m[2m)[22m[32m 5[2mms[22m[39m
 [32m✓[39m src/hooks/beads-context/__tests__/index.test.ts [2m([22m[2m13 tests[22m[2m)[22m[32m 19[2mms[22m[39m
 [32m✓[39m src/hooks/permission-handler/__tests__/integration.test.ts [2m([22m[2m6 tests[22m[2m)[22m[32m 5[2mms[22m[39m
 [32m✓[39m src/__tests__/types.test.ts [2m([22m[2m6 tests[22m[2m)[22m[32m 3[2mms[22m[39m
 [32m✓[39m src/cli/__tests__/autocomplete.test.ts [2m([22m[2m5 tests[22m[2m)[22m[32m 84[2mms[22m[39m
 [32m✓[39m src/__tests__/disable-tools.test.ts [2m([22m[2m30 tests[22m[2m)[22m[32m 10[2mms[22m[39m
 [32m✓[39m src/agents/__tests__/agent-wrapper.test.ts [2m([22m[2m3 tests[22m[2m)[22m[32m 4[2mms[22m[39m
 [32m✓[39m src/__tests__/hud/context-warning.test.ts [2m([22m[2m16 tests[22m[2m)[22m[32m 7[2mms[22m[39m
 [32m✓[39m src/installer/__tests__/claude-md-merge.test.ts [2m([22m[2m20 tests[22m[2m)[22m[32m 15[2mms[22m[39m
 [32m✓[39m src/__tests__/mcp-server-workflows.test.ts [2m([22m[2m15 tests[22m[2m)[22m[32m 23[2mms[22m[39m
 [32m✓[39m src/lib/__tests__/safe-json.test.ts [2m([22m[2m7 tests[22m[2m)[22m[32m 2[2mms[22m[39m
 [32m✓[39m src/features/diagnostics/__tests__/error-matcher.test.ts [2m([22m[2m7 tests[22m[2m)[22m[32m 5[2mms[22m[39m
 [32m✓[39m src/team/__tests__/dependency-graph.test.ts [2m([22m[2m4 tests[22m[2m)[22m[32m 3[2mms[22m[39m
 [32m✓[39m src/features/ccg/doc-manager.test.ts [2m([22m[2m6 tests[22m[2m)[22m[32m 8[2mms[22m[39m
 [32m✓[39m src/__tests__/mcp-fallback-429.test.ts [2m([22m[2m30 tests[22m[2m)[22m[32m 17[2mms[22m[39m
 [32m✓[39m src/hooks/learner/__tests__/validator.test.ts [2m([22m[2m10 tests[22m[2m)[22m[32m 7[2mms[22m[39m
 [32m✓[39m src/utils/__tests__/string-width.test.ts [2m([22m[2m41 tests[22m[2m)[22m[32m 13[2mms[22m[39m
 [32m✓[39m src/team/__tests__/capabilities.test.ts [2m([22m[2m13 tests[22m[2m)[22m[32m 6[2mms[22m[39m
 [32m✓[39m src/__tests__/hud/defaults.test.ts [2m([22m[2m11 tests[22m[2m)[22m[32m 3[2mms[22m[39m
 [32m✓[39m src/hooks/agent-usage-reminder/__tests__/index.test.ts [2m([22m[2m3 tests[22m[2m)[22m[32m 11[2mms[22m[39m
 [32m✓[39m src/installer/__tests__/hooks.test.ts [2m([22m[2m15 tests[22m[2m)[22m[32m 8[2mms[22m[39m
 [32m✓[39m src/hooks/nexus/__tests__/consciousness-sync.test.ts [2m([22m[2m4 tests[22m[2m)[22m[32m 3[2mms[22m[39m
 [32m✓[39m src/hooks/permission-handler/__tests__/security.test.ts [2m([22m[2m3 tests[22m[2m)[22m[32m 2[2mms[22m[39m
 [32m✓[39m src/features/ccg/__tests__/performance.test.ts [2m([22m[2m2 tests[22m[2m)[22m[32m 4[2mms[22m[39m
 [32m✓[39m tests/hooks/whitelist-validation.test.ts [2m([22m[2m3 tests[22m[2m)[22m[32m 9[2mms[22m[39m
 [32m✓[39m src/mcp/__tests__/prompt-optimization-integration.test.ts [2m([22m[2m3 tests[22m[2m)[22m[32m 2[2mms[22m[39m
 [32m✓[39m src/hooks/team-pipeline/__tests__/transitions.test.ts [2m([22m[2m19 tests[22m[2m)[22m[32m 8[2mms[22m[39m
 [32m✓[39m src/hooks/comment-checker/__tests__/index.test.ts [2m([22m[2m3 tests[22m[2m)[22m[32m 3[2mms[22m[39m
 [32m✓[39m src/features/wizard/__tests__/recommendation-engine.test.ts [2m([22m[2m10 tests[22m[2m)[22m[32m 3[2mms[22m[39m
 [32m✓[39m src/features/prompt-optimizer/__tests__/index.test.ts [2m([22m[2m7 tests[22m[2m)[22m[32m 5[2mms[22m[39m
 [31m❯[39m src/tools/diagnostics/__tests__/tsc-runner.test.ts [2m([22m[2m6 tests[22m[2m | [22m[31m3 failed[39m[2m)[22m[32m 23[2mms[22m[39m
       [32m✓[39m returns empty success when no tsconfig.json[32m 3[2mms[22m[39m
       [32m✓[39m returns empty success when tsc succeeds[32m 2[2mms[22m[39m
[31m       [31m×[31m parses tsc error output[39m[32m 7[2mms[22m[39m
[31m       [31m×[31m parses tsc warning output[39m[32m 5[2mms[22m[39m
[31m       [31m×[31m parses multiple diagnostics[39m[32m 4[2mms[22m[39m
       [32m✓[39m handles empty error output[32m 2[2mms[22m[39m
 [32m✓[39m src/__tests__/hud/git.test.ts [2m([22m[2m13 tests[22m[2m)[22m[32m 14[2mms[22m[39m
 [32m✓[39m tests/security/audit-logger.test.ts [2m([22m[2m3 tests[22m[2m)[22m[32m 17[2mms[22m[39m
 [32m✓[39m src/hooks/learner/__tests__/confidence.test.ts [2m([22m[2m5 tests[22m[2m)[22m[32m 3[2mms[22m[39m
 [32m✓[39m src/hooks/auto-slash-command/__tests__/executor.test.ts [2m([22m[2m5 tests[22m[2m)[22m[32m 49[2mms[22m[39m
 [32m✓[39m src/__tests__/hud/analytics-display.test.ts [2m([22m[2m32 tests[22m[2m)[22m[32m 16[2mms[22m[39m
 [32m✓[39m src/hooks/todo-continuation/__tests__/isUserAbort.test.ts [2m([22m[2m27 tests[22m[2m)[22m[32m 8[2mms[22m[39m
 [32m✓[39m src/hooks/axiom-guards/__tests__/index.test.ts [2m([22m[2m5 tests[22m[2m)[22m[32m 4[2mms[22m[39m
 [32m✓[39m src/team/__tests__/merge-coordinator.test.ts [2m([22m[2m6 tests[22m[2m)[22m[33m 15983[2mms[22m[39m
       [33m[2m✓[22m[39m returns empty for non-conflicting branches [33m 4345[2mms[22m[39m
       [33m[2m✓[22m[39m detects potentially conflicting files [33m 2960[2mms[22m[39m
       [33m[2m✓[22m[39m succeeds for clean merge [33m 2555[2mms[22m[39m
       [33m[2m✓[22m[39m fails and aborts on conflict [33m 2776[2mms[22m[39m
       [33m[2m✓[22m[39m returns empty for team with no worktrees [33m 545[2mms[22m[39m
       [33m[2m✓[22m[39m merges multiple worker branches [33m 2797[2mms[22m[39m
 [32m✓[39m src/features/workflow-recommender/__tests__/context-analyzer.test.ts [2m([22m[2m6 tests[22m[2m)[22m[32m 4[2mms[22m[39m
 [32m✓[39m src/__tests__/hud/thinking.test.ts [2m([22m[2m7 tests[22m[2m)[22m[32m 2[2mms[22m[39m
 [32m✓[39m src/__tests__/analytics/token-extractor.test.ts [2m([22m[2m15 tests[22m[2m)[22m[32m 10[2mms[22m[39m
 [32m✓[39m src/__tests__/hud/model.test.ts [2m([22m[2m13 tests[22m[2m)[22m[32m 6[2mms[22m[39m
 [32m✓[39m src/__tests__/hud/cwd.test.ts [2m([22m[2m11 tests[22m[2m)[22m[32m 3[2mms[22m[39m
 [32m✓[39m src/lib/__tests__/env-validator-integration.test.ts [2m([22m[2m3 tests[22m[2m)[22m[32m 5[2mms[22m[39m
 [32m✓[39m src/__tests__/hud/sanitize.test.ts [2m([22m[2m27 tests[22m[2m)[22m[32m 7[2mms[22m[39m
 [32m✓[39m src/mcp/__tests__/integration.test.ts [2m([22m[2m4 tests[22m[2m)[22m[32m 1[2mms[22m[39m
 [32m✓[39m src/skills/__tests__/mingw-escape.test.ts [2m([22m[2m7 tests[22m[2m)[22m[32m 6[2mms[22m[39m
 [32m✓[39m src/__tests__/hud/version-display.test.ts [2m([22m[2m6 tests[22m[2m)[22m[32m 5[2mms[22m[39m
 [31m❯[39m src/__tests__/validate-and-read-file.test.ts [2m([22m[2m6 tests[22m[2m | [22m[31m5 failed[39m[2m)[22m[32m 29[2mms[22m[39m
[31m     [31m×[31m does not block same-path edge case (rel === "")[39m[32m 17[2mms[22m[39m
[31m     [31m×[31m blocks outside path traversal[39m[32m 3[2mms[22m[39m
[31m     [31m×[31m blocks cross-drive Windows paths (isAbsolute check)[39m[32m 3[2mms[22m[39m
[31m     [31m×[31m allows valid in-tree file[39m[32m 3[2mms[22m[39m
[31m     [31m×[31m blocks symlink escape (realpathSync resolves outside boundary)[39m[32m 2[2mms[22m[39m
       [32m✓[39m blocks outside path traversal (same as codex)[32m 1[2mms[22m[39m
 [32m✓[39m src/hooks/autopilot/__tests__/prompts.test.ts [2m([22m[2m17 tests[22m[2m)[22m[32m 4[2mms[22m[39m
 [32m✓[39m src/hooks/guards/__tests__/pre-tool.test.ts [2m([22m[2m12 tests[22m[2m)[22m[32m 6[2mms[22m[39m
 [32m✓[39m src/skills/__tests__/ax-context-init.test.ts [2m([22m[2m2 tests[22m[2m)[22m[32m 2[2mms[22m[39m
 [32m✓[39m src/features/task-templates/__tests__/index.test.ts [2m([22m[2m4 tests[22m[2m)[22m[32m 4[2mms[22m[39m
 [32m✓[39m tests/concurrency/circuit-breaker-race.test.ts [2m([22m[2m2 tests[22m[2m)[22m[32m 9[2mms[22m[39m
 [32m✓[39m tests/reliability/circuit-breaker.test.ts [2m([22m[2m8 tests[22m[2m)[22m[32m 13[2mms[22m[39m
 [32m✓[39m src/features/diagnostics/__tests__/solution-suggester.test.ts [2m([22m[2m4 tests[22m[2m)[22m[32m 4[2mms[22m[39m
 [32m✓[39m src/__tests__/mnemosyne/validator.test.ts [2m([22m[2m7 tests[22m[2m)[22m[32m 8[2mms[22m[39m
 [32m✓[39m src/hooks/persistent-mode/session-isolation.test.ts [2m([22m[2m28 tests[22m[2m)[22m[33m 15591[2mms[22m[39m
       [33m[2m✓[22m[39m should block stop when session_id matches active ultrawork [33m 504[2mms[22m[39m
       [33m[2m✓[22m[39m should block when sessionId matches ultrawork state [33m 3469[2mms[22m[39m
       [33m[2m✓[22m[39m should NOT block when sessionId does not match ultrawork state [33m 704[2mms[22m[39m
       [33m[2m✓[22m[39m should NOT block for legacy state when sessionId is provided (session isolation) [33m 382[2mms[22m[39m
       [33m[2m✓[22m[39m should ignore invalid sessionId when reading session-scoped state [33m 403[2mms[22m[39m
       [33m[2m✓[22m[39m should not block legacy state when invalid sessionId is provided [33m 426[2mms[22m[39m
       [33m[2m✓[22m[39m should NOT block for legacy autopilot state when sessionId is provided [33m 427[2mms[22m[39m
       [33m[2m✓[22m[39m should block for legacy state when no sessionId provided (backward compat) [33m 456[2mms[22m[39m
       [33m[2m✓[22m[39m should block for legacy autopilot state when no sessionId provided [33m 3136[2mms[22m[39m
       [33m[2m✓[22m[39m should accept sessionId (camelCase) for session identification [33m 387[2mms[22m[39m
       [33m[2m✓[22m[39m should accept session_id (snake_case) for session identification [33m 384[2mms[22m[39m
       [33m[2m✓[22m[39m should accept sessionid (lowercase) for session identification [33m 366[2mms[22m[39m
       [33m[2m✓[22m[39m should prefer sessionId over session_id when both provided [33m 416[2mms[22m[39m
       [33m[2m✓[22m[39m should fall back to session_id when sessionId is empty [33m 352[2mms[22m[39m
       [33m[2m✓[22m[39m should block when project_path matches current directory [33m 318[2mms[22m[39m
       [33m[2m✓[22m[39m should NOT block for legacy local state when sessionId provided (session isolation) [33m 310[2mms[22m[39m
       [33m[2m✓[22m[39m should not block legacy state when invalid sessionId is provided (project isolation) [33m 318[2mms[22m[39m
 [32m✓[39m src/features/ccg/ci-validator.test.ts [2m([22m[2m3 tests[22m[2m)[22m[32m 3[2mms[22m[39m
 [32m✓[39m src/__tests__/auto-upgrade-prompt.test.ts [2m([22m[2m6 tests[22m[2m)[22m[32m 12[2mms[22m[39m
 [32m✓[39m src/hooks/auto-slash-command/__tests__/detector.test.ts [2m([22m[2m12 tests[22m[2m)[22m[32m 5[2mms[22m[39m
 [32m✓[39m src/agents/__tests__/timeout-config.test.ts [2m([22m[2m6 tests[22m[2m)[22m[32m 3[2mms[22m[39m
 [32m✓[39m src/team/__tests__/deadlock-detector.test.ts [2m([22m[2m5 tests[22m[2m)[22m[32m 3[2mms[22m[39m
 [32m✓[39m src/mcp/__tests__/community-servers.test.ts [2m([22m[2m4 tests[22m[2m)[22m[32m 2[2mms[22m[39m
 [32m✓[39m src/features/workflow-recommender/__tests__/intent-classifier.test.ts [2m([22m[2m8 tests[22m[2m)[22m[32m 3[2mms[22m[39m
 [32m✓[39m src/features/task-templates/__tests__/wizard-integration.test.ts [2m([22m[2m3 tests[22m[2m)[22m[32m 3[2mms[22m[39m
 [31m❯[39m src/__tests__/version-helper.test.ts [2m([22m[2m4 tests[22m[2m | [22m[31m4 failed[39m[2m)[22m[32m 22[2mms[22m[39m
[31m     [31m×[31m returns version from package.json[39m[32m 13[2mms[22m[39m
[31m     [31m×[31m returns unknown when no package.json found[39m[32m 3[2mms[22m[39m
[31m     [31m×[31m skips package.json without name field[39m[32m 3[2mms[22m[39m
[31m     [31m×[31m handles invalid JSON gracefully[39m[32m 3[2mms[22m[39m
 [32m✓[39m src/features/ccg/__tests__/task-assigner.test.ts [2m([22m[2m5 tests[22m[2m)[22m[32m 3[2mms[22m[39m
 [32m✓[39m src/__tests__/mnemosyne/config.test.ts [2m([22m[2m6 tests[22m[2m)[22m[32m 2[2mms[22m[39m
 [32m✓[39m tests/concurrency/state-conflict.test.ts [2m([22m[2m2 tests[22m[2m)[22m[32m 2[2mms[22m[39m
 [32m✓[39m src/hooks/non-interactive-env/__tests__/index.test.ts [2m([22m[2m3 tests[22m[2m)[22m[32m 3[2mms[22m[39m
 [32m✓[39m src/features/workflow-recommender/__tests__/recommendation-engine.test.ts [2m([22m[2m7 tests[22m[2m)[22m[32m 4[2mms[22m[39m
 [32m✓[39m src/hooks/preemptive-compaction/__tests__/index.test.ts [2m([22m[2m3 tests[22m[2m)[22m[32m 2[2mms[22m[39m
 [32m✓[39m src/hooks/plugin-patterns/__tests__/index.test.ts [2m([22m[2m3 tests[22m[2m)[22m[32m 2[2mms[22m[39m
 [32m✓[39m src/mcp/__tests__/server-startup.test.ts [2m([22m[2m3 tests[22m[2m)[22m[32m 1[2mms[22m[39m
 [32m✓[39m tests/security/resource-guard.test.ts [2m([22m[2m7 tests[22m[2m)[22m[32m 6[2mms[22m[39m
 [32m✓[39m tests/security/budget-controller.test.ts [2m([22m[2m4 tests[22m[2m)[22m[32m 3[2mms[22m[39m
 [32m✓[39m src/hooks/background-notification/__tests__/index.test.ts [2m([22m[2m3 tests[22m[2m)[22m[32m 2[2mms[22m[39m
 [32m✓[39m tests/security/tenant-isolator.test.ts [2m([22m[2m3 tests[22m[2m)[22m[32m 3[2mms[22m[39m
 [32m✓[39m src/__tests__/release-local.test.ts [2m([22m[2m3 tests[22m[2m)[22m[32m 2[2mms[22m[39m
 [32m✓[39m src/hooks/thinking-block-validator/__tests__/index.test.ts [2m([22m[2m3 tests[22m[2m)[22m[32m 2[2mms[22m[39m
 [32m✓[39m src/errors/__tests__/spelling.test.ts [2m([22m[2m3 tests[22m[2m)[22m[32m 2[2mms[22m[39m
 [32m✓[39m src/mcp/__tests__/other-tools.test.ts [2m([22m[2m8 tests[22m[2m)[22m[32m 3[2mms[22m[39m
 [32m✓[39m src/cli/commands/__tests__/cleanup.test.ts [2m([22m[2m1 test[22m[2m)[22m[32m 2[2mms[22m[39m
 [32m✓[39m src/hooks/autopilot/__tests__/index.test.ts [2m([22m[2m6 tests[22m[2m)[22m[32m 5[2mms[22m[39m
 [32m✓[39m tests/cache/security.test.ts [2m([22m[2m5 tests[22m[2m)[22m[32m 2[2mms[22m[39m
 [32m✓[39m tests/reliability/model-fallback.test.ts [2m([22m[2m5 tests[22m[2m)[22m[32m 4[2mms[22m[39m
 [32m✓[39m src/errors/__tests__/classifier.test.ts [2m([22m[2m6 tests[22m[2m)[22m[32m 3[2mms[22m[39m
 [32m✓[39m src/cli/progress/__tests__/progress.test.ts [2m([22m[2m7 tests[22m[2m)[22m[32m 11[2mms[22m[39m
 [32m✓[39m src/mcp/__tests__/backward-compatibility.test.ts [2m([22m[2m3 tests[22m[2m)[22m[32m 2[2mms[22m[39m
 [32m✓[39m src/mcp/__tests__/lsp-tools.test.ts [2m([22m[2m4 tests[22m[2m)[22m[32m 3[2mms[22m[39m
